     VMA      LMA     Size Align Out     In      Symbol
       0        0        0     1 RAM_START = 0x20000000
       0        0        0     1 RAM_LENGTH = 0x00080000
       0        0        0     1 FLASH_START = 0x00000000
       0        0        0     1 FLASH_LENGTH = 0x00200000
       0        0        0     1 DATA_FLASH_START = 0x08000000
       0        0        0     1 DATA_FLASH_LENGTH = 0x00002000
       0        0        0     1 QSPI_FLASH_START = 0x60000000
       0        0        0     1 QSPI_FLASH_LENGTH = 0x04000000
       0        0        0     1 OSPI0_CS0_START = 0x68000000
       0        0        0     1 OSPI0_CS0_LENGTH = 0x08000000
       0        0        0     1 OSPI0_CS1_START = 0x70000000
       0        0        0     1 OSPI0_CS1_LENGTH = 0x10000000
       0        0        0     1 OPTION_SETTING_OFS0_START = 0x0100a100
       0        0        0     1 OPTION_SETTING_OFS0_LENGTH = 0x00000004
       0        0        0     1 OPTION_SETTING_DUALSEL_START = 0x0100a110
       0        0        0     1 OPTION_SETTING_DUALSEL_LENGTH = 0x00000004
       0        0        0     1 OPTION_SETTING_OFS1_START = 0x0100a180
       0        0        0     1 OPTION_SETTING_OFS1_LENGTH = 0x00000004
       0        0        0     1 OPTION_SETTING_BANKSEL_START = 0x0100a190
       0        0        0     1 OPTION_SETTING_BANKSEL_LENGTH = 0x00000004
       0        0        0     1 OPTION_SETTING_BPS_START = 0x0100a1c0
       0        0        0     1 OPTION_SETTING_BPS_LENGTH = 0x00000010
       0        0        0     1 OPTION_SETTING_PBPS_START = 0x0100a1e0
       0        0        0     1 OPTION_SETTING_PBPS_LENGTH = 0x00000010
       0        0        0     1 OPTION_SETTING_OFS1_SEC_START = 0x0100a200
       0        0        0     1 OPTION_SETTING_OFS1_SEC_LENGTH = 0x00000004
       0        0        0     1 OPTION_SETTING_BANKSEL_SEC_START = 0x0100a210
       0        0        0     1 OPTION_SETTING_BANKSEL_SEC_LENGTH = 0x00000004
       0        0        0     1 OPTION_SETTING_BPS_SEC_START = 0x0100a240
       0        0        0     1 OPTION_SETTING_BPS_SEC_LENGTH = 0x00000010
       0        0        0     1 OPTION_SETTING_PBPS_SEC_START = 0x0100a260
       0        0        0     1 OPTION_SETTING_PBPS_SEC_LENGTH = 0x00000010
       0        0        0     1 OPTION_SETTING_OFS1_SEL_START = 0x0100a280
       0        0        0     1 OPTION_SETTING_OFS1_SEL_LENGTH = 0x00000004
       0        0        0     1 OPTION_SETTING_BANKSEL_SEL_START = 0x0100a290
       0        0        0     1 OPTION_SETTING_BANKSEL_SEL_LENGTH = 0x00000004
       0        0        0     1 OPTION_SETTING_BPS_SEL_START = 0x0100a2c0
       0        0        0     1 OPTION_SETTING_BPS_SEL_LENGTH = 0x00000010
60000000 60000000        0     1 .qspi_flash.startof
60000000 60000000        0     1         __ddsc_QSPI_FLASH_START = . 
68000000 68000000        0     1 .ospi0_cs0.startof
68000000 68000000        0     1         __ddsc_OSPI0_CS0_START = . 
68000000 68000000        0     1 __ospi0_cs0_from_qspi_flash$$
68000000 68000000        0     1         __ospi0_cs0_from_qspi_flash$$Base = . 
68000000 68000000        0     1         __ospi0_cs0_from_qspi_flash$$Load = LOADADDR(__ospi0_cs0_from_qspi_flash$$) 
68000000 68000000        0     1         __ospi0_cs0_from_qspi_flash$$Limit = . 
20000000 20000000        0     1 .ram.startof
20000000 20000000        0     1         __ddsc_RAM_START = . 
20000000 20000000        0     1 __ram_dtc_vector$$
20000000 20000000        0     1         __ram_dtc_vector$$Base = . 
20000000 20000000        0     1         __ram_dtc_vector$$Limit = . 
20000000 20000000        0     1 __ram_from_qspi_flash$$
20000000 20000000        0     1         __ram_from_qspi_flash$$Base = . 
20000000 20000000        0     1         __ram_from_qspi_flash$$Load = LOADADDR(__ram_from_qspi_flash$$) 
20000000 20000000        0     1         __ram_from_qspi_flash$$Limit = . 
60000000 60000000        0     1 __qspi_flash_readonly$$
60000000 60000000        0     1         __qspi_flash_readonly$$Base = . 
60000000 60000000        0     1         __qspi_flash_readonly$$Limit = . 
60000000 60000000        0     1 __qspi_flash_noinit$$
60000000 60000000        0     1         __qspi_flash_noinit$$Base = . 
60000000 60000000        0     1         __qspi_flash_noinit$$Limit = . 
60000000 60000000        0     1 .qspi_flash.endof
60000000 60000000        0     1         __ddsc_QSPI_FLASH_END = . 
70000000 70000000        0     1 .ospi0_cs1.startof
70000000 70000000        0     1         __ddsc_OSPI0_CS1_START = . 
68000000 68000000        0     1 __ospi0_cs0_from_ospi0_cs1$$
68000000 68000000        0     1         __ospi0_cs0_from_ospi0_cs1$$Base = . 
68000000 68000000        0     1         __ospi0_cs0_from_ospi0_cs1$$Load = LOADADDR(__ospi0_cs0_from_ospi0_cs1$$) 
68000000 68000000        0     1         __ospi0_cs0_from_ospi0_cs1$$Limit = . 
20000000 20000000        0     1 __ram_from_ospi0_cs1$$
20000000 20000000        0     1         __ram_from_ospi0_cs1$$Base = . 
20000000 20000000        0     1         __ram_from_ospi0_cs1$$Load = LOADADDR(__ram_from_ospi0_cs1$$) 
20000000 20000000        0     1         __ram_from_ospi0_cs1$$Limit = . 
70000000 70000000        0     1 __ospi0_cs1_readonly$$
70000000 70000000        0     1         __ospi0_cs1_readonly$$Base = . 
70000000 70000000        0     1         __ospi0_cs1_readonly$$Limit = . 
70000000 70000000        0     1 __ospi0_cs1_noinit$$
70000000 70000000        0     1         __ospi0_cs1_noinit$$Base = . 
70000000 70000000        0     1         __ospi0_cs1_noinit$$Limit = . 
70000000 70000000        0     1 .ospi0_cs1.endof
70000000 70000000        0     1         __ddsc_OSPI0_CS1_END = . 
 8000000  8000000        0     1 .data_flash.startof
 8000000  8000000        0     1         __ddsc_DATA_FLASH_START = . 
68000000 68000000        0     1 __ospi0_cs0_from_data_flash$$
68000000 68000000        0     1         __ospi0_cs0_from_data_flash$$Base = . 
68000000 68000000        0     1         __ospi0_cs0_from_data_flash$$Load = LOADADDR(__ospi0_cs0_from_data_flash$$) 
68000000 68000000        0     1         __ospi0_cs0_from_data_flash$$Limit = . 
20000000 20000000        0     1 __ram_from_data_flash$$
20000000 20000000        0     1         __ram_from_data_flash$$Base = . 
20000000 20000000        0     1         __ram_from_data_flash$$Load = LOADADDR(__ram_from_data_flash$$) 
20000000 20000000        0     1         __ram_from_data_flash$$Limit = . 
 8000000  8000000        0     1 __data_flash_readonly$$
 8000000  8000000        0     1         __data_flash_readonly$$Base = . 
 8000000  8000000        0     1         __data_flash_readonly$$Limit = . 
 8000000  8000000        0     1 __data_flash_noinit$$
 8000000  8000000        0     1         __data_flash_noinit$$Base = . 
 8000000  8000000        0     1         __data_flash_noinit$$Limit = . 
 8000000  8000000        0     1 .data_flash.endof
 8000000  8000000        0     1         __ddsc_DATA_FLASH_END = . 
       0        0        0     1 .flash.startof
       0        0        0     1         __ddsc_FLASH_START = . 
       0        0       74     4 __flash_vectors$$
       0        0        0     1         __flash_vectors$$Base = . 
       0        0        0     1         _VECTORS = . 
       0        0       40     4         CMakeFiles/demo0.elf.dir/ra/fsp/src/bsp/cmsis/Device/RENESAS/Source/startup.c.obj:(.fixed_vectors)
       0        0       40     1                 __Vectors
      40       40       34     4         CMakeFiles/demo0.elf.dir/ra_gen/vector_data.c.obj:(.application_vectors)
      40       40       34     1                 g_vector_table
      74       74        0     1         __flash_vectors$$Limit = . 
      74       74        0     1 __flash_noinit$$
      74       74        0     1         __flash_noinit$$Base = . 
      74       74        0     1         __flash_noinit$$Limit = . 
68000000 68000000        0     1 __ospi0_cs0_from_flash$$
68000000 68000000        0     1         __ospi0_cs0_from_flash$$Base = . 
68000000 68000000        0     1         __ospi0_cs0_from_flash$$Load = LOADADDR(__ospi0_cs0_from_flash$$) 
68000000 68000000        0     1         __ospi0_cs0_from_flash$$Limit = . 
68000000 68000000        0     1 __ospi0_cs0_noinit_nocache$$
68000000 68000000        0     1         __ospi0_cs0_noinit_nocache$$Base = . 
68000000 68000000        0     1         __ospi0_cs0_noinit_nocache$$Limit = . 
68000000 68000000        0     1 __ospi0_cs0_zero_nocache$$
68000000 68000000        0     1         __ospi0_cs0_zero_nocache$$Base = . 
68000000 68000000        0     1         . = ALIGN(32)
68000000 68000000        0     1         __ospi0_cs0_zero_nocache$$Limit = . 
68000000 68000000        0     1 __ospi0_cs0_noinit$$
68000000 68000000        0     1         __ospi0_cs0_noinit$$Base = . 
68000000 68000000        0     1         __ospi0_cs0_noinit$$Limit = . 
68000000 68000000        0     1 __ospi0_cs0_zero$$
68000000 68000000        0     1         __ospi0_cs0_zero$$Base = . 
68000000 68000000        0     1         __ospi0_cs0_zero$$Limit = . 
68000000 68000000        0     1 .ospi0_cs0.endof
68000000 68000000        0     1         __ddsc_OSPI0_CS0_END = . 
20000000       74       20     4 __ram_from_flash$$
20000000       74        0     1         __ram_from_flash$$Base = . 
20000000       74        0     1         __ram_from_flash$$Load = LOADADDR(__ram_from_flash$$) 
20000000       74        4     1         CMakeFiles/demo0.elf.dir/ra_gen/hal_data.c.obj:(.data.g_comm_uart_baud_setting)
20000000       74        4     1                 g_comm_uart_baud_setting
20000004       78        4     1         CMakeFiles/demo0.elf.dir/ra_gen/hal_data.c.obj:(.data.g_console_uart_baud_setting)
20000004       78        4     1                 g_console_uart_baud_setting
20000008       7c       18     4         CMakeFiles/demo0.elf.dir/src/console/console.c.obj:(.data.ansi_estr)
20000008       7c       18     1                 ansi_estr
20000020       94        0     1         __ram_from_flash$$Limit = . 
20000020 20000020        0     1 __ram_noinit_nocache$$
20000020 20000020        0     1         __ram_noinit_nocache$$Base = . 
20000020 20000020        0     1         __ram_noinit_nocache$$Limit = . 
20000020 20000020        0     1 __ram_zero_nocache$$
20000020 20000020        0     1         __ram_zero_nocache$$Base = . 
20000020 20000020        0     1         . = ALIGN(32)
20000020 20000020        0     1         __ram_zero_nocache$$Limit = . 
20000020 20000020      41c     8 __ram_noinit$$
20000020 20000020        0     1         __ram_noinit$$Base = . 
20000020 20000020      400     8         CMakeFiles/demo0.elf.dir/ra/fsp/src/bsp/cmsis/Device/RENESAS/Source/startup.c.obj:(.bss.g_main_stack)
20000020 20000020      400     1                 g_main_stack
20000420 20000420       1c     4         CMakeFiles/demo0.elf.dir/ra/fsp/src/bsp/mcu/all/bsp_clocks.c.obj:(.ram_noinit)
20000420 20000420       1c     1                 g_clock_freq
2000043c 2000043c        0     1         __ram_noinit$$Limit = . 
20000440 20000440      c28     8 __ram_zero$$
20000440 20000440        0     1         __ram_zero$$Base = . 
20000440 20000440        4     4         CMakeFiles/demo0.elf.dir/ra/fsp/src/bsp/cmsis/Device/RENESAS/Source/system.c.obj:(.bss.SystemCoreClock)
20000440 20000440        4     1                 SystemCoreClock
20000444 20000444       40     4         CMakeFiles/demo0.elf.dir/ra/fsp/src/bsp/mcu/all/bsp_group_irq.c.obj:(.bss.g_bsp_group_irq_sources)
20000444 20000444       40     1                 g_bsp_group_irq_sources
20000484 20000484        4     4         CMakeFiles/demo0.elf.dir/ra/fsp/src/bsp/mcu/all/bsp_io.c.obj:(.bss.g_protect_pfswe_counter)
20000484 20000484        4     1                 g_protect_pfswe_counter
20000488 20000488       34     4         CMakeFiles/demo0.elf.dir/ra/fsp/src/bsp/mcu/all/bsp_irq.c.obj:(.bss.gp_renesas_isr_context)
20000488 20000488       34     1                 gp_renesas_isr_context
200004bc 200004bc        a     2         CMakeFiles/demo0.elf.dir/ra/fsp/src/bsp/mcu/all/bsp_register_protection.c.obj:(.bss.g_protect_counters)
200004bc 200004bc        a     1                 g_protect_counters
200004c8 200004c8       10     4         CMakeFiles/demo0.elf.dir/ra_gen/common_data.c.obj:(.bss.g_SW1_ctrl)
200004c8 200004c8       10     1                 g_SW1_ctrl
200004d8 200004d8        8     4         CMakeFiles/demo0.elf.dir/ra_gen/common_data.c.obj:(.bss.g_ioport_ctrl)
200004d8 200004d8        8     1                 g_ioport_ctrl
200004e0 200004e0       30     4         CMakeFiles/demo0.elf.dir/ra_gen/hal_data.c.obj:(.bss.g_comm_uart_ctrl)
200004e0 200004e0       30     1                 g_comm_uart_ctrl
20000510 20000510       30     4         CMakeFiles/demo0.elf.dir/ra_gen/hal_data.c.obj:(.bss.g_console_uart_ctrl)
20000510 20000510       30     1                 g_console_uart_ctrl
20000540 20000540       20     4         CMakeFiles/demo0.elf.dir/ra_gen/hal_data.c.obj:(.bss.g_T0_ctrl)
20000540 20000540       20     1                 g_T0_ctrl
20000560 20000560       4c     4         CMakeFiles/demo0.elf.dir/ra_gen/hal_data.c.obj:(.bss.g_dataflash_ctrl)
20000560 20000560       4c     1                 g_dataflash_ctrl
200005b0 200005b0        8     8         CMakeFiles/demo0.elf.dir/src/base_app/application.c.obj:(.bss.App)
200005b0 200005b0        8     1                 App
200005b8 200005b8        4     4         CMakeFiles/demo0.elf.dir/src/base_app/application.c.obj:(.bss.CN)
200005b8 200005b8        4     1                 CN
200005bc 200005bc        4     4         CMakeFiles/demo0.elf.dir/src/base_app/application.c.obj:(.bss.CP)
200005bc 200005bc        4     1                 CP
200005c0 200005c0        4     4         CMakeFiles/demo0.elf.dir/src/console/console.c.obj:(.bss.p_console)
200005c0 200005c0        4     1                 p_console
200005c4 200005c4       10     4         CMakeFiles/demo0.elf.dir/src/console/console_port.c.obj:(.bss.RA_CB_args)
200005c4 200005c4       10     1                 RA_CB_args
200005d4 200005d4       2c     4         CMakeFiles/demo0.elf.dir/src/console/console_port.c.obj:(.bss.Console)
200005d4 200005d4       2c     1                 Console
20000600 20000600        4     4         CMakeFiles/demo0.elf.dir/src/console/console_port.c.obj:(.bss.Uart)
20000600 20000600        4     1                 Uart
20000604 20000604      100     1         CMakeFiles/demo0.elf.dir/src/console/console_port.c.obj:(.bss.command_buffer)
20000604 20000604      100     1                 command_buffer
20000704 20000704       4c     4         CMakeFiles/demo0.elf.dir/src/sequencer/CPAN/cpan.c.obj:(.bss.ControlPanel)
20000704 20000704       4c     1                 ControlPanel
20000750 20000750       84     4         CMakeFiles/demo0.elf.dir/src/sequencer/app_sequencer.c.obj:(.bss.controller_cfg_scratch)
20000750 20000750       84     1                 controller_cfg_scratch
200007d4 200007d4       5c     4         CMakeFiles/demo0.elf.dir/src/sequencer/app_sequencer.c.obj:(.bss.controller_ctrl_scratch)
200007d4 200007d4       5c     1                 controller_ctrl_scratch
20000830 20000830      400     4         CMakeFiles/demo0.elf.dir/src/sequencer/app_sequencer.c.obj:(.bss.rail_cfg_scratch)
20000830 20000830      400     1                 rail_cfg_scratch
20000c30 20000c30      280     4         CMakeFiles/demo0.elf.dir/src/sequencer/app_sequencer.c.obj:(.bss.rail_ctrl_scratch)
20000c30 20000c30      280     1                 rail_ctrl_scratch
20000eb0 20000eb0      105     1         CMakeFiles/demo0.elf.dir/src/sequencer/comm_bus.c.obj:(.bss.PB_Comm)
20000eb0 20000eb0      105     1                 PB_Comm
20000fb5 20000fb5        1     1         CMakeFiles/demo0.elf.dir/src/sequencer/comm_bus.c.obj:(.bss.comm_cb.bx)
20000fb5 20000fb5        1     1                 comm_cb.bx
20000fb6 20000fb6        1     1         CMakeFiles/demo0.elf.dir/src/sequencer/comm_bus.c.obj:(.bss.comm_cb.cx)
20000fb6 20000fb6        1     1                 comm_cb.cx
20000fb8 20000fb8       80     4         CMakeFiles/demo0.elf.dir/src/sequencer/power_module.c.obj:(.bss.record)
20000fb8 20000fb8       80     1                 record
20001038 20001038        1     1         CMakeFiles/demo0.elf.dir/src/sequencer/power_module.c.obj:(.bss.pwr_dataflash_update.dataflash_open)
20001038 20001038        1     1                 pwr_dataflash_update.dataflash_open
2000103c 2000103c       28     4         CMakeFiles/demo0.elf.dir/src/simulator.c.obj:(.bss.Simulator)
2000103c 2000103c       28     1                 Simulator
20001064 20001064        4     4         C:\Renesas\RA\e2studio_v2025-12_fsp_v6.3.0\toolchains\llvm_arm\ATfE-21.1.1-Windows-x86_64\bin\..\lib\clang-runtimes/arm-none-eabi/armv8m.main_hard_fp_exn_rtti_unaligned_size\lib\libc.a(libc_picolib_machine_arm_tls.c.o):(.bss.__tls)
20001064 20001064        4     1                 __tls
20001068 20001068        0     1         __ram_zero$$Limit = . 
20001068 20001068        0     1 __ram_tdata$$
20001068 20001068        0     1         __ram_tdata$$Base = . 
20001068 20001068        0     1         __ram_tdata$$Load = LOADADDR(__ram_tdata$$) 
20001068 20001068        0     1         __ram_tdata$$Limit = . 
20001068 20001068        0     1 __ram_tbss$$
20001068 20001068        0     1         __ram_tbss$$Base = . 
20001068 20001068        0     1         __ram_tbss$$Limit = . 
20001068 20001068        0     1 __ram_thread_stack$$
20001068 20001068        0     1         __ram_thread_stack$$Base = . 
20001068 20001068        0     1         __ram_thread_stack$$Limit = . 
20001400 20001400        0     1 .ram.endof
20001400 20001400        0     1         __ddsc_RAM_END = . 
20001400 20001400        0     1 .ram.flat_nsc
20001400 20001400        0     1         __ddsc_RAM_NSC = . 
      94       94     34a6     4 __flash_readonly$$
      94       94        0     1         __flash_readonly$$Base = . 
      94       94        2     2         CMakeFiles/demo0.elf.dir/ra/board/ra6m5_ek/board_init.c.obj:(.text.bsp_init)
      94       94        0     1                 $t
      95       95        2     1                 bsp_init
      98       98        a     4         CMakeFiles/demo0.elf.dir/ra/fsp/src/bsp/cmsis/Device/RENESAS/Source/startup.c.obj:(.text.Reset_Handler)
      98       98        0     1                 $t
      99       99        a     1                 Reset_Handler
      a2       a2        4     2         CMakeFiles/demo0.elf.dir/ra/fsp/src/bsp/cmsis/Device/RENESAS/Source/startup.c.obj:(.text.Default_Handler)
      a2       a2        0     1                 $t
      a3       a3        4     1                 Default_Handler
      a3       a3        4     1                 HardFault_Handler
      a3       a3        4     1                 MemManage_Handler
      a3       a3        4     1                 BusFault_Handler
      a3       a3        4     1                 UsageFault_Handler
      a3       a3        4     1                 SecureFault_Handler
      a3       a3        4     1                 SVC_Handler
      a3       a3        4     1                 DebugMon_Handler
      a3       a3        4     1                 PendSV_Handler
      a3       a3        4     1                 SysTick_Handler
      a8       a8       e2     4         CMakeFiles/demo0.elf.dir/ra/fsp/src/bsp/cmsis/Device/RENESAS/Source/system.c.obj:(.text.SystemInit)
      a8       a8        0     1                 $t
      a9       a9       e2     1                 SystemInit
     18c      18c       5a     4         CMakeFiles/demo0.elf.dir/ra/fsp/src/bsp/cmsis/Device/RENESAS/Source/system.c.obj:(.text.SystemRuntimeInit)
     18c      18c        0     1                 $t
     18d      18d       5a     1                 SystemRuntimeInit
     1e6      1e6       2c     2         CMakeFiles/demo0.elf.dir/ra/fsp/src/bsp/mcu/all/bsp_clocks.c.obj:(.text.SystemCoreClockUpdate)
     1e6      1e6        0     1                 $t
     1e7      1e7       2c     1                 SystemCoreClockUpdate
     214      214      138     4         CMakeFiles/demo0.elf.dir/ra/fsp/src/bsp/mcu/all/bsp_clocks.c.obj:(.text.bsp_clock_init)
     214      214        0     1                 $t
     215      215      138     1                 bsp_clock_init
     34c      34c        2     2         CMakeFiles/demo0.elf.dir/ra/fsp/src/bsp/mcu/all/bsp_clocks.c.obj:(.text.R_BSP_SubClockStabilizeWaitAfterReset)
     34c      34c        0     1                 $t
     34d      34d        2     1                 R_BSP_SubClockStabilizeWaitAfterReset
     350      350       7a     4         CMakeFiles/demo0.elf.dir/ra/fsp/src/bsp/mcu/all/bsp_clocks.c.obj:(.text.R_BSP_Init_RTC)
     350      350        0     1                 $t
     351      351       7a     1                 R_BSP_Init_RTC
     3ca      3ca       84     2         CMakeFiles/demo0.elf.dir/ra/fsp/src/bsp/mcu/all/bsp_delay.c.obj:(.text.R_BSP_SoftwareDelay)
     3ca      3ca        0     1                 $t
     3cb      3cb       84     1                 R_BSP_SoftwareDelay
     44e      44e        8     2         CMakeFiles/demo0.elf.dir/ra/fsp/src/bsp/mcu/all/bsp_delay.c.obj:(.text.bsp_prv_software_delay_loop)
     44e      44e        0     1                 sw_delay_loop
     44e      44e        0     1                 $t
     44f      44f        8     1                 bsp_prv_software_delay_loop
     458      458       44     4         CMakeFiles/demo0.elf.dir/ra/fsp/src/bsp/mcu/all/bsp_group_irq.c.obj:(.text.NMI_Handler)
     458      458        0     1                 $t
     459      459       44     1                 NMI_Handler
     49c      49c       88     4         CMakeFiles/demo0.elf.dir/ra/fsp/src/bsp/mcu/all/bsp_irq.c.obj:(.text.bsp_irq_cfg)
     49c      49c        0     1                 $t
     49d      49d       88     1                 bsp_irq_cfg
     524      524       52     2         CMakeFiles/demo0.elf.dir/ra/fsp/src/bsp/mcu/all/bsp_register_protection.c.obj:(.text.R_BSP_RegisterProtectEnable)
     524      524        0     1                 $t
     525      525       52     1                 R_BSP_RegisterProtectEnable
     576      576       4e     2         CMakeFiles/demo0.elf.dir/ra/fsp/src/bsp/mcu/all/bsp_register_protection.c.obj:(.text.R_BSP_RegisterProtectDisable)
     576      576        0     1                 $t
     577      577       4e     1                 R_BSP_RegisterProtectDisable
     5c4      5c4       da     2         CMakeFiles/demo0.elf.dir/ra/fsp/src/r_flash_hp/r_flash_hp.c.obj:(.text.R_FLASH_HP_Open)
     5c4      5c4        0     1                 $t
     5c5      5c5       da     1                 R_FLASH_HP_Open
     6a0      6a0       60     4         CMakeFiles/demo0.elf.dir/ra/fsp/src/r_flash_hp/r_flash_hp.c.obj:(.text.R_FLASH_HP_Write)
     6a0      6a0        0     1                 $t
     6a1      6a1       60     1                 R_FLASH_HP_Write
     700      700       72     4         CMakeFiles/demo0.elf.dir/ra/fsp/src/r_flash_hp/r_flash_hp.c.obj:(.text.R_FLASH_HP_Erase)
     700      700        0     1                 $t
     701      701       72     1                 R_FLASH_HP_Erase
     772      772       1a     2         CMakeFiles/demo0.elf.dir/ra/fsp/src/r_flash_hp/r_flash_hp.c.obj:(.text.R_FLASH_HP_StatusGet)
     772      772        0     1                 $t
     773      773       1a     1                 R_FLASH_HP_StatusGet
     78c      78c      11e     2         CMakeFiles/demo0.elf.dir/ra/fsp/src/r_flash_hp/r_flash_hp.c.obj:(.text.flash_hp_init)
     78c      78c        0     1                 $t
     78d      78d      11e     1                 flash_hp_init
     8ac      8ac       b4     4         CMakeFiles/demo0.elf.dir/ra/fsp/src/r_flash_hp/r_flash_hp.c.obj:(.text.flash_hp_reset)
     8ac      8ac        0     1                 $t
     8ad      8ad       b4     1                 flash_hp_reset
     960      960       aa     2         CMakeFiles/demo0.elf.dir/ra/fsp/src/r_flash_hp/r_flash_hp.c.obj:(.text.fcu_fiferr_isr)
     960      960        0     1                 $t
     961      961       aa     1                 fcu_fiferr_isr
     a0a      a0a       e8     2         CMakeFiles/demo0.elf.dir/ra/fsp/src/r_flash_hp/r_flash_hp.c.obj:(.text.fcu_frdyi_isr)
     a0a      a0a        0     1                 $t
     a0b      a0b       e8     1                 fcu_frdyi_isr
     af4      af4       d8     4         CMakeFiles/demo0.elf.dir/ra/fsp/src/r_flash_hp/r_flash_hp.c.obj:(.text.flash_hp_write_data)
     af4      af4        0     1                 $t
     af5      af5       d8     1                 flash_hp_write_data
     bcc      bcc       50     4         CMakeFiles/demo0.elf.dir/ra/fsp/src/r_flash_hp/r_flash_hp.c.obj:(.text.flash_hp_erase_block)
     bcc      bcc        0     1                 $t
     bcd      bcd       50     1                 flash_hp_erase_block
     c1c      c1c       84     4         CMakeFiles/demo0.elf.dir/ra/fsp/src/r_flash_hp/r_flash_hp.c.obj:(.text.flash_hp_pe_mode_exit)
     c1c      c1c        0     1                 $t
     c1d      c1d       84     1                 flash_hp_pe_mode_exit
     ca0      ca0       ae     4         CMakeFiles/demo0.elf.dir/ra/fsp/src/r_flash_hp/r_flash_hp.c.obj:(.text.flash_hp_enter_pe_df_mode)
     ca0      ca0        0     1                 $t
     ca1      ca1       ae     1                 flash_hp_enter_pe_df_mode
     d4e      d4e       3e     2         CMakeFiles/demo0.elf.dir/ra/fsp/src/r_flash_hp/r_flash_hp.c.obj:(.text.flash_hp_check_errors)
     d4e      d4e        0     1                 $t
     d4f      d4f       3e     1                 flash_hp_check_errors
     d8c      d8c       42     4         CMakeFiles/demo0.elf.dir/ra/fsp/src/r_flash_hp/r_flash_hp.c.obj:(.text.flash_hp_stop)
     d8c      d8c        0     1                 $t
     d8d      d8d       42     1                 flash_hp_stop
     dd0      dd0      354     4         CMakeFiles/demo0.elf.dir/ra/fsp/src/r_gpt/r_gpt.c.obj:(.text.R_GPT_Open)
     dd0      dd0        0     1                 $t
     dd1      dd1      354     1                 R_GPT_Open
    1124     1124        a     2         CMakeFiles/demo0.elf.dir/ra/fsp/src/r_gpt/r_gpt.c.obj:(.text.R_GPT_Start)
    1124     1124        0     1                 $t
    1125     1125        a     1                 R_GPT_Start
    112e     112e       36     2         CMakeFiles/demo0.elf.dir/ra/fsp/src/r_gpt/r_gpt.c.obj:(.text.R_GPT_Enable)
    112e     112e        0     1                 $t
    112f     112f       36     1                 R_GPT_Enable
    1164     1164      1dc     2         CMakeFiles/demo0.elf.dir/ra/fsp/src/r_gpt/r_gpt.c.obj:(.text.gpt_counter_overflow_isr)
    1164     1164        0     1                 $t
    1165     1165      1dc     1                 gpt_counter_overflow_isr
    1340     1340       82     2         CMakeFiles/demo0.elf.dir/ra/fsp/src/r_icu/r_icu.c.obj:(.text.R_ICU_ExternalIrqOpen)
    1340     1340        0     1                 $t
    1341     1341       82     1                 R_ICU_ExternalIrqOpen
    13c2     13c2       44     2         CMakeFiles/demo0.elf.dir/ra/fsp/src/r_icu/r_icu.c.obj:(.text.R_ICU_ExternalIrqEnable)
    13c2     13c2        0     1                 $t
    13c3     13c3       44     1                 R_ICU_ExternalIrqEnable
    1406     1406       28     2         CMakeFiles/demo0.elf.dir/ra/fsp/src/r_icu/r_icu.c.obj:(.text.R_ICU_ExternalIrqDisable)
    1406     1406        0     1                 $t
    1407     1407       28     1                 R_ICU_ExternalIrqDisable
    142e     142e        a     2         CMakeFiles/demo0.elf.dir/ra/fsp/src/r_icu/r_icu.c.obj:(.text.R_ICU_ExternalIrqCallbackSet)
    142e     142e        0     1                 $t
    142f     142f        a     1                 R_ICU_ExternalIrqCallbackSet
    1438     1438       44     2         CMakeFiles/demo0.elf.dir/ra/fsp/src/r_icu/r_icu.c.obj:(.text.R_ICU_ExternalIrqClose)
    1438     1438        0     1                 $t
    1439     1439       44     1                 R_ICU_ExternalIrqClose
    147c     147c       74     2         CMakeFiles/demo0.elf.dir/ra/fsp/src/r_icu/r_icu.c.obj:(.text.r_icu_isr)
    147c     147c        0     1                 $t
    147d     147d       74     1                 r_icu_isr
    14f0     14f0       16     2         CMakeFiles/demo0.elf.dir/ra/fsp/src/r_ioport/r_ioport.c.obj:(.text.R_IOPORT_Open)
    14f0     14f0        0     1                 $t
    14f1     14f1       16     1                 R_IOPORT_Open
    1506     1506       2e     2         CMakeFiles/demo0.elf.dir/ra/fsp/src/r_ioport/r_ioport.c.obj:(.text.R_IOPORT_PortDirectionSet)
    1506     1506        0     1                 $t
    1507     1507       2e     1                 R_IOPORT_PortDirectionSet
    1534     1534       be     4         CMakeFiles/demo0.elf.dir/ra/fsp/src/r_ioport/r_ioport.c.obj:(.text.r_ioport_pins_config)
    1534     1534        0     1                 $t
    1535     1535       be     1                 r_ioport_pins_config
    15f4     15f4       ce     4         CMakeFiles/demo0.elf.dir/ra/fsp/src/r_ioport/r_ioport.c.obj:(.text.bsp_vbatt_init)
    15f4     15f4        0     1                 $t
    15f5     15f5       ce     1                 bsp_vbatt_init
    16c2     16c2      344     2         CMakeFiles/demo0.elf.dir/ra/fsp/src/r_sci_uart/r_sci_uart.c.obj:(.text.R_SCI_UART_Open)
    16c2     16c2        0     1                 $t
    16c3     16c3      344     1                 R_SCI_UART_Open
    1a06     1a06        a     2         CMakeFiles/demo0.elf.dir/ra/fsp/src/r_sci_uart/r_sci_uart.c.obj:(.text.R_SCI_UART_Read)
    1a06     1a06        0     1                 $t
    1a07     1a07        a     1                 R_SCI_UART_Read
    1a10     1a10       4c     2         CMakeFiles/demo0.elf.dir/ra/fsp/src/r_sci_uart/r_sci_uart.c.obj:(.text.R_SCI_UART_Write)
    1a10     1a10        0     1                 $t
    1a11     1a11       4c     1                 R_SCI_UART_Write
    1a5c     1a5c       68     2         CMakeFiles/demo0.elf.dir/ra/fsp/src/r_sci_uart/r_sci_uart.c.obj:(.text.R_SCI_UART_BaudSet)
    1a5c     1a5c        0     1                 $t
    1a5d     1a5d       68     1                 R_SCI_UART_BaudSet
    1ac4     1ac4        c     2         CMakeFiles/demo0.elf.dir/ra/fsp/src/r_sci_uart/r_sci_uart.c.obj:(.text.R_SCI_UART_InfoGet)
    1ac4     1ac4        0     1                 $t
    1ac5     1ac5        c     1                 R_SCI_UART_InfoGet
    1ad0     1ad0       22     2         CMakeFiles/demo0.elf.dir/ra/fsp/src/r_sci_uart/r_sci_uart.c.obj:(.text.R_SCI_UART_Abort)
    1ad0     1ad0        0     1                 $t
    1ad1     1ad1       22     1                 R_SCI_UART_Abort
    1af2     1af2        e     2         CMakeFiles/demo0.elf.dir/ra/fsp/src/r_sci_uart/r_sci_uart.c.obj:(.text.R_SCI_UART_CallbackSet)
    1af2     1af2        0     1                 $t
    1af3     1af3        e     1                 R_SCI_UART_CallbackSet
    1b00     1b00       ae     2         CMakeFiles/demo0.elf.dir/ra/fsp/src/r_sci_uart/r_sci_uart.c.obj:(.text.R_SCI_UART_Close)
    1b00     1b00        0     1                 $t
    1b01     1b01       ae     1                 R_SCI_UART_Close
    1bae     1bae        e     2         CMakeFiles/demo0.elf.dir/ra/fsp/src/r_sci_uart/r_sci_uart.c.obj:(.text.R_SCI_UART_ReadStop)
    1bae     1bae        0     1                 $t
    1baf     1baf        e     1                 R_SCI_UART_ReadStop
    1bbc     1bbc        4     2         CMakeFiles/demo0.elf.dir/ra/fsp/src/r_sci_uart/r_sci_uart.c.obj:(.text.R_SCI_UART_ReceiveSuspend)
    1bbc     1bbc        0     1                 $t
    1bbd     1bbd        4     1                 R_SCI_UART_ReceiveSuspend
    1bc0     1bc0        4     2         CMakeFiles/demo0.elf.dir/ra/fsp/src/r_sci_uart/r_sci_uart.c.obj:(.text.R_SCI_UART_ReceiveResume)
    1bc0     1bc0        0     1                 $t
    1bc1     1bc1        4     1                 R_SCI_UART_ReceiveResume
    1bc4     1bc4       86     2         CMakeFiles/demo0.elf.dir/ra/fsp/src/r_sci_uart/r_sci_uart.c.obj:(.text.sci_uart_txi_isr)
    1bc4     1bc4        0     1                 $t
    1bc5     1bc5       86     1                 sci_uart_txi_isr
    1c4a     1c4a       4a     2         CMakeFiles/demo0.elf.dir/ra/fsp/src/r_sci_uart/r_sci_uart.c.obj:(.text.r_sci_uart_call_callback)
    1c4a     1c4a        0     1                 $t
    1c4b     1c4b       4a     1                 r_sci_uart_call_callback
    1c94     1c94       88     2         CMakeFiles/demo0.elf.dir/ra/fsp/src/r_sci_uart/r_sci_uart.c.obj:(.text.sci_uart_rxi_isr)
    1c94     1c94        0     1                 $t
    1c95     1c95       88     1                 sci_uart_rxi_isr
    1d1c     1d1c       4c     2         CMakeFiles/demo0.elf.dir/ra/fsp/src/r_sci_uart/r_sci_uart.c.obj:(.text.sci_uart_tei_isr)
    1d1c     1d1c        0     1                 $t
    1d1d     1d1d       4c     1                 sci_uart_tei_isr
    1d68     1d68       74     2         CMakeFiles/demo0.elf.dir/ra/fsp/src/r_sci_uart/r_sci_uart.c.obj:(.text.sci_uart_eri_isr)
    1d68     1d68        0     1                 $t
    1d69     1d69       74     1                 sci_uart_eri_isr
    1ddc     1ddc        a     2         CMakeFiles/demo0.elf.dir/ra_gen/main.c.obj:(.text.main)
    1ddc     1ddc        0     1                 $t
    1ddd     1ddd        a     1                 main
    1de6     1de6       10     2         CMakeFiles/demo0.elf.dir/src/POP/pop.c.obj:(.text.POP0)
    1de6     1de6        0     1                 $t
    1de7     1de7       10     1                 POP0
    1df6     1df6       10     2         CMakeFiles/demo0.elf.dir/src/POP/pop.c.obj:(.text.POP5)
    1df6     1df6        0     1                 $t
    1df7     1df7       10     1                 POP5
    1e06     1e06       10     2         CMakeFiles/demo0.elf.dir/src/POP/pop.c.obj:(.text.POPR)
    1e06     1e06        0     1                 $t
    1e07     1e07       10     1                 POPR
    1e16     1e16       10     2         CMakeFiles/demo0.elf.dir/src/POP/pop.c.obj:(.text.POPB)
    1e16     1e16        0     1                 $t
    1e17     1e17       10     1                 POPB
    1e26     1e26       10     2         CMakeFiles/demo0.elf.dir/src/POP/pop.c.obj:(.text.DROP0)
    1e26     1e26        0     1                 $t
    1e27     1e27       10     1                 DROP0
    1e36     1e36       10     2         CMakeFiles/demo0.elf.dir/src/POP/pop.c.obj:(.text.DROP5)
    1e36     1e36        0     1                 $t
    1e37     1e37       10     1                 DROP5
    1e46     1e46       10     2         CMakeFiles/demo0.elf.dir/src/POP/pop.c.obj:(.text.DROPB)
    1e46     1e46        0     1                 $t
    1e47     1e47       10     1                 DROPB
    1e58     1e58      132     4         CMakeFiles/demo0.elf.dir/src/base_app/application.c.obj:(.text.app_entry)
    1e58     1e58        0     1                 $t
    1e59     1e59      132     1                 app_entry
    1f36     1f36        0     1                 $d
    1f3c     1f3c        0     1                 $t
    1f8a     1f8a       22     2         CMakeFiles/demo0.elf.dir/src/base_app/application.c.obj:(.text.Console_callback)
    1f8a     1f8a        0     1                 $t
    1f8b     1f8b       22     1                 Console_callback
    1fac     1fac       78     4         CMakeFiles/demo0.elf.dir/src/base_app/application.c.obj:(.text.app_event_flag_get)
    1fac     1fac        0     1                 $t
    1fad     1fad       78     1                 app_event_flag_get
    2024     2024       18     2         CMakeFiles/demo0.elf.dir/src/base_app/application.c.obj:(.text.app_event_flag_set)
    2024     2024        0     1                 $t
    2025     2025       18     1                 app_event_flag_set
    203c     203c       18     2         CMakeFiles/demo0.elf.dir/src/base_app/application.c.obj:(.text.app_event_flag_seti)
    203c     203c        0     1                 $t
    203d     203d       18     1                 app_event_flag_seti
    2054     2054       12     2         CMakeFiles/demo0.elf.dir/src/base_app/application.c.obj:(.text.dataflash_cb)
    2054     2054        0     1                 $t
    2055     2055       12     1                 dataflash_cb
    2066     2066       1e     2         CMakeFiles/demo0.elf.dir/src/console/console.c.obj:(.text.console_Open)
    2066     2066        0     1                 $t
    2067     2067       1e     1                 console_Open
    2084     2084       42     4         CMakeFiles/demo0.elf.dir/src/console/console.c.obj:(.text.console_Print)
    2084     2084        0     1                 $t
    2085     2085       42     1                 console_Print
    20c6     20c6       28     2         CMakeFiles/demo0.elf.dir/src/console/console.c.obj:(.text.console_Exec)
    20c6     20c6        0     1                 $t
    20c7     20c7       28     1                 console_Exec
    20ee     20ee       20     2         CMakeFiles/demo0.elf.dir/src/console/console.c.obj:(.text.console_SetColor)
    20ee     20ee        0     1                 $t
    20ef     20ef       20     1                 console_SetColor
    210e     210e       9e     2         CMakeFiles/demo0.elf.dir/src/console/console_port.c.obj:(.text.RA_console_init)
    210e     210e        0     1                 $t
    210f     210f       9e     1                 RA_console_init
    21ac     21ac       a0     2         CMakeFiles/demo0.elf.dir/src/console/console_port.c.obj:(.text.RA_console_cb)
    21ac     21ac        0     1                 $t
    21ad     21ad       a0     1                 RA_console_cb
    224c     224c       2a     2         CMakeFiles/demo0.elf.dir/src/console/console_port.c.obj:(.text.RA_uart_write)
    224c     224c        0     1                 $t
    224d     224d       2a     1                 RA_uart_write
    2276     2276        4     2         CMakeFiles/demo0.elf.dir/src/console/console_port.c.obj:(.text.RA_uart_read)
    2276     2276        0     1                 $t
    2277     2277        4     1                 RA_uart_read
    227a     227a       30     2         CMakeFiles/demo0.elf.dir/src/hal_entry.c.obj:(.text.hal_entry)
    227a     227a        0     1                 $t
    227b     227b       30     1                 hal_entry
    22aa     22aa       1a     2         CMakeFiles/demo0.elf.dir/src/hal_warmstart.c.obj:(.text.R_BSP_WarmStart)
    22aa     22aa        0     1                 $t
    22ab     22ab       1a     1                 R_BSP_WarmStart
    22c4     22c4       14     2         CMakeFiles/demo0.elf.dir/src/sequencer/CPAN/cpan.c.obj:(.text.app_func_poll_cpan)
    22c4     22c4        0     1                 $t
    22c5     22c5       14     1                 app_func_poll_cpan
    22d8     22d8       2c     2         CMakeFiles/demo0.elf.dir/src/sequencer/CPAN/cpan.c.obj:(.text.CPAN_update)
    22d8     22d8        0     1                 $t
    22d9     22d9       2c     1                 CPAN_update
    2304     2304       3e     4         CMakeFiles/demo0.elf.dir/src/sequencer/CPAN/cpan.c.obj:(.text.CPAN_open)
    2304     2304        0     1                 $t
    2305     2305       3e     1                 CPAN_open
    2342     2342       7c     2         CMakeFiles/demo0.elf.dir/src/sequencer/PMbus_commands.c.obj:(.text.PMbus_write_execute)
    2342     2342        0     1                 $t
    2343     2343       7c     1                 PMbus_write_execute
    23c0     23c0       e2     4         CMakeFiles/demo0.elf.dir/src/sequencer/app_sequencer.c.obj:(.text.app_func_reset)
    23c0     23c0        0     1                 $t
    23c1     23c1       e2     1                 app_func_reset
    24a2     24a2       54     2         CMakeFiles/demo0.elf.dir/src/sequencer/app_sequencer.c.obj:(.text.app_func_startup)
    24a2     24a2        0     1                 $t
    24a3     24a3       54     1                 app_func_startup
    24f6     24f6        4     2         CMakeFiles/demo0.elf.dir/src/sequencer/app_sequencer.c.obj:(.text.app_func_restart)
    24f6     24f6        0     1                 $t
    24f7     24f7        4     1                 app_func_restart
    24fc     24fc       9e     4         CMakeFiles/demo0.elf.dir/src/sequencer/app_sequencer.c.obj:(.text.app_func_run)
    24fc     24fc        0     1                 $t
    24fd     24fd       9e     1                 app_func_run
    259a     259a       24     2         CMakeFiles/demo0.elf.dir/src/sequencer/app_sequencer.c.obj:(.text.T0_cb)
    259a     259a        0     1                 $t
    259b     259b       24     1                 T0_cb
    25be     25be       12     2         CMakeFiles/demo0.elf.dir/src/sequencer/app_sequencer.c.obj:(.text.SW1_cb)
    25be     25be        0     1                 $t
    25bf     25bf       12     1                 SW1_cb
    25d0     25d0      15a     4         CMakeFiles/demo0.elf.dir/src/sequencer/comm_bus.c.obj:(.text.comm_cb)
    25d0     25d0        0     1                 $t
    25d1     25d1      15a     1                 comm_cb
    2610     2610        0     1                 $d
    2616     2616        0     1                 $t
    272c     272c       ec     4         CMakeFiles/demo0.elf.dir/src/sequencer/power_module.c.obj:(.text.pwr_mod_poll)
    272c     272c        0     1                 $t
    272d     272d       ec     1                 pwr_mod_poll
    2818     2818       10     2         CMakeFiles/demo0.elf.dir/src/sequencer/power_module.c.obj:(.text.pwr_rail_store_config)
    2818     2818        0     1                 $t
    2819     2819       10     1                 pwr_rail_store_config
    2828     2828       d8     4         CMakeFiles/demo0.elf.dir/src/sequencer/power_module.c.obj:(.text.pwr_dataflash_update)
    2828     2828        0     1                 $t
    2829     2829       d8     1                 pwr_dataflash_update
    2900     2900        c     2         CMakeFiles/demo0.elf.dir/src/sequencer/power_module.c.obj:(.text.pwr_seq_store_config)
    2900     2900        0     1                 $t
    2901     2901        c     1                 pwr_seq_store_config
    290c     290c        e     2         CMakeFiles/demo0.elf.dir/src/sequencer/power_module.c.obj:(.text.pwr_seq_store_map)
    290c     290c        0     1                 $t
    290d     290d        e     1                 pwr_seq_store_map
    291a     291a        e     2         CMakeFiles/demo0.elf.dir/src/sequencer/power_module.c.obj:(.text.pwr_seq_update_fault)
    291a     291a        0     1                 $t
    291b     291b        e     1                 pwr_seq_update_fault
    2928     2928       3c     4         CMakeFiles/demo0.elf.dir/src/sequencer/power_module.c.obj:(.text.pwr_seq_store_all)
    2928     2928        0     1                 $t
    2929     2929       3c     1                 pwr_seq_store_all
    2964     2964       16     2         CMakeFiles/demo0.elf.dir/src/sequencer/power_module.c.obj:(.text.pwr_seq_update_monitor)
    2964     2964        0     1                 $t
    2965     2965       16     1                 pwr_seq_update_monitor
    297a     297a        4     2         CMakeFiles/demo0.elf.dir/src/sequencer/power_module.c.obj:(.text.pwr_seq_update_cfg)
    297a     297a        0     1                 $t
    297b     297b        4     1                 pwr_seq_update_cfg
    297e     297e       26     2         CMakeFiles/demo0.elf.dir/src/simulator.c.obj:(.text.simulator_init)
    297e     297e        0     1                 $t
    297f     297f       26     1                 simulator_init
    29a4     29a4       16     2         CMakeFiles/demo0.elf.dir/src/simulator.c.obj:(.text.simulator_start)
    29a4     29a4        0     1                 $t
    29a5     29a5       16     1                 simulator_start
    29bc     29bc       e4     4         CMakeFiles/demo0.elf.dir/src/simulator.c.obj:(.text.simulator_run)
    29bc     29bc        0     1                 $t
    29bd     29bd       e4     1                 simulator_run
    2a1e     2a1e        0     1                 $d
    2a22     2a22        0     1                 $t
    2aa0     2aa0        a     2         C:\Renesas\RA\e2studio_v2025-12_fsp_v6.3.0\toolchains\llvm_arm\ATfE-21.1.1-Windows-x86_64\bin\..\lib\clang-runtimes/arm-none-eabi/armv8m.main_hard_fp_exn_rtti_unaligned_size\lib\libc.a(aeabi_memset.c.o):(.text.__aeabi_memset)
    2aa0     2aa0        0     1                 $t
    2aa1     2aa1        a     1                 __aeabi_memset
    2aa1     2aa1        a     1                 __aeabi_memset4
    2aa1     2aa1        a     1                 __aeabi_memset8
    2aaa     2aaa        8     2         C:\Renesas\RA\e2studio_v2025-12_fsp_v6.3.0\toolchains\llvm_arm\ATfE-21.1.1-Windows-x86_64\bin\..\lib\clang-runtimes/arm-none-eabi/armv8m.main_hard_fp_exn_rtti_unaligned_size\lib\libc.a(bzero.c.o):(.text.bzero)
    2aaa     2aaa        0     1                 $t
    2aab     2aab        8     1                 bzero
    2aab     2aab        8     1                 __aeabi_memclr4
    2aab     2aab        8     1                 __aeabi_memclr8
    2aab     2aab        8     1                 __aeabi_memclr
    2ab2     2ab2       12     2         C:\Renesas\RA\e2studio_v2025-12_fsp_v6.3.0\toolchains\llvm_arm\ATfE-21.1.1-Windows-x86_64\bin\..\lib\clang-runtimes/arm-none-eabi/armv8m.main_hard_fp_exn_rtti_unaligned_size\lib\libc.a(memcpy.c.o):(.text.memcpy)
    2ab2     2ab2        0     1                 $t
    2ab3     2ab3       12     1                 memcpy
    2ab3     2ab3       12     1                 __aeabi_memcpy4
    2ab3     2ab3       12     1                 __aeabi_memcpy8
    2ab3     2ab3       12     1                 __aeabi_memcpy
    2ac4     2ac4        e     2         C:\Renesas\RA\e2studio_v2025-12_fsp_v6.3.0\toolchains\llvm_arm\ATfE-21.1.1-Windows-x86_64\bin\..\lib\clang-runtimes/arm-none-eabi/armv8m.main_hard_fp_exn_rtti_unaligned_size\lib\libc.a(memset.c.o):(.text.memset)
    2ac4     2ac4        0     1                 $t
    2ac5     2ac5        e     1                 memset
    2ad4     2ad4       10     4         C:\Renesas\RA\e2studio_v2025-12_fsp_v6.3.0\toolchains\llvm_arm\ATfE-21.1.1-Windows-x86_64\bin\..\lib\clang-runtimes/arm-none-eabi/armv8m.main_hard_fp_exn_rtti_unaligned_size\lib\libc.a(strlen.S.o):(.text)
    2ad4     2ad4        0     1                 $t
    2ad5     2ad5       10     1                 strlen
    2ae4     2ae4       2e     2         C:\Renesas\RA\e2studio_v2025-12_fsp_v6.3.0\toolchains\llvm_arm\ATfE-21.1.1-Windows-x86_64\bin\..\lib\clang-runtimes/arm-none-eabi/armv8m.main_hard_fp_exn_rtti_unaligned_size\lib\libc.a(libc_string_strncpy.c.o):(.text.strncpy)
    2ae4     2ae4        0     1                 $t
    2ae5     2ae5       2e     1                 strncpy
    2b14     2b14       28     4         C:\Renesas\RA\e2studio_v2025-12_fsp_v6.3.0\toolchains\llvm_arm\ATfE-21.1.1-Windows-x86_64\bin\..\lib\clang-runtimes/arm-none-eabi/armv8m.main_hard_fp_exn_rtti_unaligned_size\lib\libc.a(libc_picolib_inittls.c.o):(.text._init_tls)
    2b14     2b14        0     1                 $t
    2b15     2b15       28     1                 _init_tls
    2b2c     2b2c        0     1                 $d
    2b3c     2b3c       14     4         C:\Renesas\RA\e2studio_v2025-12_fsp_v6.3.0\toolchains\llvm_arm\ATfE-21.1.1-Windows-x86_64\bin\..\lib\clang-runtimes/arm-none-eabi/armv8m.main_hard_fp_exn_rtti_unaligned_size\lib\libc.a(libc_picolib_machine_arm_set_tls.c.o):(.text._set_tls)
    2b3c     2b3c        0     1                 $t
    2b3d     2b3d       14     1                 _set_tls
    2b48     2b48        0     1                 $d
    2b50     2b50        6     2         CMakeFiles/demo0.elf.dir/ra/board/ra6m5_ek/board_leds.c.obj:(.rodata.g_bsp_prv_leds)
    2b50     2b50        6     1                 g_bsp_prv_leds
    2b58     2b58        8     4         CMakeFiles/demo0.elf.dir/ra/board/ra6m5_ek/board_leds.c.obj:(.rodata.g_bsp_leds)
    2b58     2b58        8     1                 g_bsp_leds
    2b60     2b60        a     2         CMakeFiles/demo0.elf.dir/ra/fsp/src/bsp/mcu/all/bsp_register_protection.c.obj:(.rodata.g_prcr_masks)
    2b60     2b60        a     1                 g_prcr_masks
    2b6c     2b6c       10     4         CMakeFiles/demo0.elf.dir/ra/fsp/src/bsp/mcu/ra6m5/bsp_linker.c.obj:(.rodata.nocache_list)
    2b6c     2b6c       10     1                 nocache_list
    2b7c     2b7c       18     4         CMakeFiles/demo0.elf.dir/ra/fsp/src/bsp/mcu/ra6m5/bsp_linker.c.obj:(.rodata.g_init_info)
    2b7c     2b7c       18     1                 g_init_info
    2b94     2b94       3c     4         CMakeFiles/demo0.elf.dir/ra/fsp/src/bsp/mcu/ra6m5/bsp_linker.c.obj:(.rodata.zero_list)
    2b94     2b94       3c     1                 zero_list
    2bd0     2bd0       90     4         CMakeFiles/demo0.elf.dir/ra/fsp/src/bsp/mcu/ra6m5/bsp_linker.c.obj:(.rodata.copy_list)
    2bd0     2bd0       90     1                 copy_list
    2c60     2c60       14     4         CMakeFiles/demo0.elf.dir/ra/fsp/src/r_icu/r_icu.c.obj:(.rodata.g_external_irq_on_icu)
    2c60     2c60       14     1                 g_external_irq_on_icu
    2c74     2c74        6     2         CMakeFiles/demo0.elf.dir/ra/fsp/src/r_ioport/r_ioport.c.obj:(.rodata.g_vbatt_pins_input)
    2c74     2c74        6     1                 g_vbatt_pins_input
    2c7c     2c7c       2c     4         CMakeFiles/demo0.elf.dir/ra/fsp/src/r_sci_uart/r_sci_uart.c.obj:(.rodata.g_uart_on_sci)
    2c7c     2c7c       2c     1                 g_uart_on_sci
    2ca8     2ca8        1     1         CMakeFiles/demo0.elf.dir/ra_gen/common_data.c.obj:(.rodata.g_SW1_ext_cfg)
    2ca8     2ca8        1     1                 g_SW1_ext_cfg
    2cac     2cac       14     4         CMakeFiles/demo0.elf.dir/ra_gen/common_data.c.obj:(.rodata.g_SW1_cfg)
    2cac     2cac       14     1                 g_SW1_cfg
    2cc0     2cc0        c     4         CMakeFiles/demo0.elf.dir/ra_gen/common_data.c.obj:(.rodata.g_SW1)
    2cc0     2cc0        c     1                 g_SW1
    2ccc     2ccc       14     4         CMakeFiles/demo0.elf.dir/ra_gen/hal_data.c.obj:(.rodata.g_comm_uart_cfg_extend)
    2ccc     2ccc       14     1                 g_comm_uart_cfg_extend
    2ce0     2ce0       20     4         CMakeFiles/demo0.elf.dir/ra_gen/hal_data.c.obj:(.rodata.g_comm_uart_cfg)
    2ce0     2ce0       20     1                 g_comm_uart_cfg
    2d00     2d00       14     4         CMakeFiles/demo0.elf.dir/ra_gen/hal_data.c.obj:(.rodata.g_console_uart_cfg_extend)
    2d00     2d00       14     1                 g_console_uart_cfg_extend
    2d14     2d14       20     4         CMakeFiles/demo0.elf.dir/ra_gen/hal_data.c.obj:(.rodata.g_console_uart_cfg)
    2d14     2d14       20     1                 g_console_uart_cfg
    2d34     2d34        c     4         CMakeFiles/demo0.elf.dir/ra_gen/hal_data.c.obj:(.rodata.g_console_uart)
    2d34     2d34        c     1                 g_console_uart
    2d40     2d40       58     4         CMakeFiles/demo0.elf.dir/ra_gen/hal_data.c.obj:(.rodata.g_T0_extend)
    2d40     2d40       58     1                 g_T0_extend
    2d98     2d98       20     4         CMakeFiles/demo0.elf.dir/ra_gen/hal_data.c.obj:(.rodata.g_T0_cfg)
    2d98     2d98       20     1                 g_T0_cfg
    2db8     2db8       14     4         CMakeFiles/demo0.elf.dir/ra_gen/hal_data.c.obj:(.rodata.g_dataflash_cfg)
    2db8     2db8       14     1                 g_dataflash_cfg
    2dcc     2dcc      1e0     4         CMakeFiles/demo0.elf.dir/ra_gen/pin_data.c.obj:(.rodata.g_bsp_pin_cfg_data)
    2dcc     2dcc      1e0     1                 g_bsp_pin_cfg_data
    2fac     2fac        c     4         CMakeFiles/demo0.elf.dir/ra_gen/pin_data.c.obj:(.rodata.g_bsp_pin_cfg)
    2fac     2fac        c     1                 g_bsp_pin_cfg
    2fb8     2fb8       1a     2         CMakeFiles/demo0.elf.dir/ra_gen/vector_data.c.obj:(.rodata.g_interrupt_event_link_select)
    2fb8     2fb8       1a     1                 g_interrupt_event_link_select
    2fd2     2fd2       8d     1         <internal>:(.rodata.str1.1)
    3060     3060       4c     4         CMakeFiles/demo0.elf.dir/src/sequencer/app_sequencer.c.obj:(.rodata.control_panel_initial)
    3060     3060       4c     1                 control_panel_initial
    30ac     30ac       1c     4         CMakeFiles/demo0.elf.dir/src/sequencer/app_sequencer.c.obj:(.rodata.PowerController)
    30ac     30ac       1c     1                 PowerController
    30c8     30c8       20     4         CMakeFiles/demo0.elf.dir/src/sequencer/initial.c.obj:(.rodata.power_analog_3300)
    30c8     30c8       20     1                 power_analog_3300
    30e8     30e8       20     4         CMakeFiles/demo0.elf.dir/src/sequencer/initial.c.obj:(.rodata.power_analog_5000)
    30e8     30e8       20     1                 power_analog_5000
    3108     3108       20     4         CMakeFiles/demo0.elf.dir/src/sequencer/initial.c.obj:(.rodata.power_analog_1200)
    3108     3108       20     1                 power_analog_1200
    3128     3128       20     4         CMakeFiles/demo0.elf.dir/src/sequencer/initial.c.obj:(.rodata.power_digital_2400)
    3128     3128       20     1                 power_digital_2400
    3148     3148       20     4         CMakeFiles/demo0.elf.dir/src/sequencer/initial.c.obj:(.rodata.power_digital_OFFLINE)
    3148     3148       20     1                 power_digital_OFFLINE
    3168     3168       84     4         CMakeFiles/demo0.elf.dir/src/sequencer/initial.c.obj:(.rodata.power_controller_basic)
    3168     3168       84     1                 power_controller_basic
    31ec     31ec       80     1         CMakeFiles/demo0.elf.dir/src/sequencer/initial.c.obj:(.rodata.power_rail_maps)
    31ec     31ec       80     1                 power_rail_maps
    326c     326c      180     4         CMakeFiles/demo0.elf.dir/src/sequencer/initial.c.obj:(.rodata.power_rails)
    326c     326c      180     1                 power_rails
    33ec     33ec       90     2         CMakeFiles/demo0.elf.dir/src/sequencer/initial.c.obj:(.rodata.power_sequencer_IO)
    33ec     33ec       90     1                 power_sequencer_IO
    347c     347c       28     4         CMakeFiles/demo0.elf.dir/src/simulator_script.c.obj:(.rodata.srt_table_0)
    347c     347c       28     1                 srt_table_0
    34a4     34a4       20     4         CMakeFiles/demo0.elf.dir/src/simulator_script.c.obj:(.rodata.srt_table_1)
    34a4     34a4       20     1                 srt_table_1
    34c4     34c4       28     4         CMakeFiles/demo0.elf.dir/src/simulator_script.c.obj:(.rodata.simulator_initial)
    34c4     34c4       28     1                 simulator_initial
    34ec     34ec       4e     4         CMakeFiles/demo0.elf.dir/ra/fsp/src/bsp/mcu/all/bsp_common.c.obj:(.version)
    34ec     34ec        4     1                 g_fsp_version
    34f0     34f0        6     1                 g_fsp_version_string
    34f6     34f6       44     1                 g_fsp_version_build_string
    353a     353a        0     1         __flash_readonly$$Limit = . 
    353a     353a        0     1 __flash_preinit_array$$
    353a     353a        0     1         __preinit_array_start = . 
    353a     353a        0     1         __preinit_array_end = . 
    353a     353a        0     1 __flash_init_array$$
    353a     353a        0     1         __init_array_start = . 
    353a     353a        0     1         __init_array_end = . 
    353a     353a        0     1 __flash_fini_array$$
    353a     353a        0     1         __fini_array_start = . 
    353a     353a        0     1         __fini_array_end = . 
    353a     353a        0     1 __flash_arm.exidx$$
    353a     353a        0     1         __exidx_start = . 
    353a     353a        0     1         __exidx_end = . 
    3800     3800        0     1 .flash.endof
    3800     3800        0     1         __ddsc_FLASH_END = . 
    3800     3800        0     1 .flash.flat_nsc
    3800     3800        0     1         __ddsc_FLASH_NSC = . 
 100a100  100a100        0     1 .option_setting_ofs0.startof
 100a100  100a100        0     1         __ddsc_OPTION_SETTING_OFS0_START = . 
 100a100  100a100        4     4 __option_setting_ofs0_reg$$
 100a100  100a100        0     1         __option_setting_ofs0_reg$$Base = . 
 100a100  100a100        4     4         CMakeFiles/demo0.elf.dir/ra/fsp/src/bsp/mcu/ra6m5/bsp_linker.c.obj:(.option_setting_ofs0)
 100a100  100a100        4     1                 g_bsp_cfg_option_setting_ofs0
 100a104  100a104        0     1         __option_setting_ofs0_reg$$Limit = . 
 100a104  100a104        0     1 .option_setting_ofs0.endof
 100a104  100a104        0     1         __ddsc_OPTION_SETTING_OFS0_END = . 
 100a110  100a110        0     1 .option_setting_dualsel.startof
 100a110  100a110        0     1         __ddsc_OPTION_SETTING_DUALSEL_START = . 
 100a110  100a110        0     1 __option_setting_dualsel_reg$$
 100a110  100a110        0     1         __option_setting_dualsel_reg$$Base = . 
 100a110  100a110        0     1         __option_setting_dualsel_reg$$Limit = . 
 100a110  100a110        0     1 .option_setting_dualsel.endof
 100a110  100a110        0     1         __ddsc_OPTION_SETTING_DUALSEL_END = . 
 100a180  100a180        0     1 .option_setting_ofs1.startof
 100a180  100a180        0     1         __ddsc_OPTION_SETTING_OFS1_START = . 
 100a180  100a180        0     1 __option_setting_ofs1_reg$$
 100a180  100a180        0     1         __option_setting_ofs1_reg$$Base = . 
 100a180  100a180        0     1         __option_setting_ofs1_reg$$Limit = . 
 100a180  100a180        0     1 .option_setting_ofs1.endof
 100a180  100a180        0     1         __ddsc_OPTION_SETTING_OFS1_END = . 
 100a190  100a190        0     1 .option_setting_banksel.startof
 100a190  100a190        0     1         __ddsc_OPTION_SETTING_BANKSEL_START = . 
 100a190  100a190        0     1 __option_setting_banksel_reg$$
 100a190  100a190        0     1         __option_setting_banksel_reg$$Base = . 
 100a190  100a190        0     1         __option_setting_banksel_reg$$Limit = . 
 100a190  100a190        0     1 .option_setting_banksel.endof
 100a190  100a190        0     1         __ddsc_OPTION_SETTING_BANKSEL_END = . 
 100a1c0  100a1c0        0     1 .option_setting_bps.startof
 100a1c0  100a1c0        0     1         __ddsc_OPTION_SETTING_BPS_START = . 
 100a1c0  100a1c0        0     1 __option_setting_bps_reg$$
 100a1c0  100a1c0        0     1         __option_setting_bps_reg$$Base = . 
 100a1c0  100a1c0        0     1         __option_setting_bps_reg$$Limit = . 
 100a1c0  100a1c0        0     1 .option_setting_bps.endof
 100a1c0  100a1c0        0     1         __ddsc_OPTION_SETTING_BPS_END = . 
 100a1e0  100a1e0        0     1 .option_setting_pbps.startof
 100a1e0  100a1e0        0     1         __ddsc_OPTION_SETTING_PBPS_START = . 
 100a1e0  100a1e0        0     1 __option_setting_pbps_reg$$
 100a1e0  100a1e0        0     1         __option_setting_pbps_reg$$Base = . 
 100a1e0  100a1e0        0     1         __option_setting_pbps_reg$$Limit = . 
 100a1e0  100a1e0        0     1 .option_setting_pbps.endof
 100a1e0  100a1e0        0     1         __ddsc_OPTION_SETTING_PBPS_END = . 
 100a200  100a200        0     1 .option_setting_ofs1_sec.startof
 100a200  100a200        0     1         __ddsc_OPTION_SETTING_OFS1_SEC_START = . 
 100a200  100a200        4     4 __option_setting_ofs1_sec_reg$$
 100a200  100a200        0     1         __option_setting_ofs1_sec_reg$$Base = . 
 100a200  100a200        4     4         CMakeFiles/demo0.elf.dir/ra/fsp/src/bsp/mcu/ra6m5/bsp_linker.c.obj:(.option_setting_ofs1_sec)
 100a200  100a200        4     1                 g_bsp_cfg_option_setting_ofs1_sec
 100a204  100a204        0     1         __option_setting_ofs1_sec_reg$$Limit = . 
 100a204  100a204        0     1 .option_setting_ofs1_sec.endof
 100a204  100a204        0     1         __ddsc_OPTION_SETTING_OFS1_SEC_END = . 
 100a210  100a210        0     1 .option_setting_banksel_sec.startof
 100a210  100a210        0     1         __ddsc_OPTION_SETTING_BANKSEL_SEC_START = . 
 100a210  100a210        0     1 __option_setting_banksel_sec_reg$$
 100a210  100a210        0     1         __option_setting_banksel_sec_reg$$Base = . 
 100a210  100a210        0     1         __option_setting_banksel_sec_reg$$Limit = . 
 100a210  100a210        0     1 .option_setting_banksel_sec.endof
 100a210  100a210        0     1         __ddsc_OPTION_SETTING_BANKSEL_SEC_END = . 
 100a240  100a240        0     1 .option_setting_bps_sec.startof
 100a240  100a240        0     1         __ddsc_OPTION_SETTING_BPS_SEC_START = . 
 100a240  100a240        0     1 __option_setting_bps_sec_reg$$
 100a240  100a240        0     1         __option_setting_bps_sec_reg$$Base = . 
 100a240  100a240        0     1         __option_setting_bps_sec_reg$$Limit = . 
 100a240  100a240        0     1 .option_setting_bps_sec.endof
 100a240  100a240        0     1         __ddsc_OPTION_SETTING_BPS_SEC_END = . 
 100a260  100a260        0     1 .option_setting_pbps_sec.startof
 100a260  100a260        0     1         __ddsc_OPTION_SETTING_PBPS_SEC_START = . 
 100a260  100a260        0     1 __option_setting_pbps_sec_reg$$
 100a260  100a260        0     1         __option_setting_pbps_sec_reg$$Base = . 
 100a260  100a260        0     1         __option_setting_pbps_sec_reg$$Limit = . 
 100a260  100a260        0     1 .option_setting_pbps_sec.endof
 100a260  100a260        0     1         __ddsc_OPTION_SETTING_PBPS_SEC_END = . 
 100a280  100a280        0     1 .option_setting_ofs1_sel.startof
 100a280  100a280        0     1         __ddsc_OPTION_SETTING_OFS1_SEL_START = . 
 100a280  100a280        4     4 __option_setting_ofs1_sel_reg$$
 100a280  100a280        0     1         __option_setting_ofs1_sel_reg$$Base = . 
 100a280  100a280        4     4         CMakeFiles/demo0.elf.dir/ra/fsp/src/bsp/mcu/ra6m5/bsp_linker.c.obj:(.option_setting_ofs1_sel)
 100a280  100a280        4     1                 g_bsp_cfg_option_setting_ofs1_sel
 100a284  100a284        0     1         __option_setting_ofs1_sel_reg$$Limit = . 
 100a284  100a284        0     1 .option_setting_ofs1_sel.endof
 100a284  100a284        0     1         __ddsc_OPTION_SETTING_OFS1_SEL_END = . 
 100a290  100a290        0     1 .option_setting_banksel_sel.startof
 100a290  100a290        0     1         __ddsc_OPTION_SETTING_BANKSEL_SEL_START = . 
 100a290  100a290        0     1 __option_setting_banksel_sel_reg$$
 100a290  100a290        0     1         __option_setting_banksel_sel_reg$$Base = . 
 100a290  100a290        0     1         __option_setting_banksel_sel_reg$$Limit = . 
 100a290  100a290        0     1 .option_setting_banksel_sel.endof
 100a290  100a290        0     1         __ddsc_OPTION_SETTING_BANKSEL_SEL_END = . 
 100a2c0  100a2c0        0     1 .option_setting_bps_sel.startof
 100a2c0  100a2c0        0     1         __ddsc_OPTION_SETTING_BPS_SEL_START = . 
 100a2c0  100a2c0        0     1 __option_setting_bps_sel_reg$$
 100a2c0  100a2c0        0     1         __option_setting_bps_sel_reg$$Base = . 
 100a2c0  100a2c0        0     1         __option_setting_bps_sel_reg$$Limit = . 
 100a2c0  100a2c0        0     1 .option_setting_bps_sel.endof
 100a2c0  100a2c0        0     1         __ddsc_OPTION_SETTING_BPS_SEL_END = . 
 100a2c0  100a2c0        0     1 PROVIDE( __tls_base = ADDR(__ram_tdata$$) )
 100a2c0  100a2c0        0     1 PROVIDE( __tdata_source = LOADADDR(__ram_tdata$$) )
 100a2c0  100a2c0        0     1 PROVIDE( __tdata_size = SIZEOF(__ram_tdata$$) )
 100a2c0  100a2c0        0     1 PROVIDE( __tbss_offset = ADDR(__ram_tbss$$) - ADDR(__ram_tdata$$) )
 100a2c0  100a2c0        0     1 PROVIDE( __tbss_size = SIZEOF(__ram_tbss$$) )
 100a2c0  100a2c0        0     1 PROVIDE( __arm32_tls_tcb_offset = 8 )
       0        0       3e     1 .ARM.attributes
       0        0       3e     1         C:\Renesas\RA\e2studio_v2025-12_fsp_v6.3.0\toolchains\llvm_arm\ATfE-21.1.1-Windows-x86_64\bin\..\lib\clang-runtimes/arm-none-eabi/armv8m.main_hard_fp_exn_rtti_unaligned_size\lib\crt0.o:(.ARM.attributes)
       0        0     3dbe     1 .debug_abbrev
       0        0       43     1         CMakeFiles/demo0.elf.dir/ra/board/ra6m5_ek/board_init.c.obj:(.debug_abbrev)
      43       43       91     1         CMakeFiles/demo0.elf.dir/ra/board/ra6m5_ek/board_leds.c.obj:(.debug_abbrev)
      d4       d4       a7     1         CMakeFiles/demo0.elf.dir/ra/fsp/src/bsp/cmsis/Device/RENESAS/Source/startup.c.obj:(.debug_abbrev)
     17b      17b      1ff     1         CMakeFiles/demo0.elf.dir/ra/fsp/src/bsp/cmsis/Device/RENESAS/Source/system.c.obj:(.debug_abbrev)
     37a      37a      2fc     1         CMakeFiles/demo0.elf.dir/ra/fsp/src/bsp/mcu/all/bsp_clocks.c.obj:(.debug_abbrev)
     676      676      149     1         CMakeFiles/demo0.elf.dir/ra/fsp/src/bsp/mcu/all/bsp_common.c.obj:(.debug_abbrev)
     7bf      7bf       ad     1         CMakeFiles/demo0.elf.dir/ra/fsp/src/bsp/mcu/all/bsp_delay.c.obj:(.debug_abbrev)
     86c      86c      1ff     1         CMakeFiles/demo0.elf.dir/ra/fsp/src/bsp/mcu/all/bsp_group_irq.c.obj:(.debug_abbrev)
     a6b      a6b       44     1         CMakeFiles/demo0.elf.dir/ra/fsp/src/bsp/mcu/all/bsp_io.c.obj:(.debug_abbrev)
     aaf      aaf      18c     1         CMakeFiles/demo0.elf.dir/ra/fsp/src/bsp/mcu/all/bsp_irq.c.obj:(.debug_abbrev)
     c3b      c3b      209     1         CMakeFiles/demo0.elf.dir/ra/fsp/src/bsp/mcu/all/bsp_register_protection.c.obj:(.debug_abbrev)
     e44      e44       67     1         CMakeFiles/demo0.elf.dir/ra/fsp/src/bsp/mcu/all/bsp_sbrk.c.obj:(.debug_abbrev)
     eab      eab       a2     1         CMakeFiles/demo0.elf.dir/ra/fsp/src/bsp/mcu/ra6m5/bsp_linker.c.obj:(.debug_abbrev)
     f4d      f4d      446     1         CMakeFiles/demo0.elf.dir/ra/fsp/src/r_flash_hp/r_flash_hp.c.obj:(.debug_abbrev)
    1393     1393      3f7     1         CMakeFiles/demo0.elf.dir/ra/fsp/src/r_gpt/r_gpt.c.obj:(.debug_abbrev)
    178a     178a      35f     1         CMakeFiles/demo0.elf.dir/ra/fsp/src/r_icu/r_icu.c.obj:(.debug_abbrev)
    1ae9     1ae9      32c     1         CMakeFiles/demo0.elf.dir/ra/fsp/src/r_ioport/r_ioport.c.obj:(.debug_abbrev)
    1e15     1e15      403     1         CMakeFiles/demo0.elf.dir/ra/fsp/src/r_sci_uart/r_sci_uart.c.obj:(.debug_abbrev)
    2218     2218      144     1         CMakeFiles/demo0.elf.dir/ra_gen/common_data.c.obj:(.debug_abbrev)
    235c     235c      22e     1         CMakeFiles/demo0.elf.dir/ra_gen/hal_data.c.obj:(.debug_abbrev)
    258a     258a       3c     1         CMakeFiles/demo0.elf.dir/ra_gen/main.c.obj:(.debug_abbrev)
    25c6     25c6       e6     1         CMakeFiles/demo0.elf.dir/ra_gen/pin_data.c.obj:(.debug_abbrev)
    26ac     26ac       a8     1         CMakeFiles/demo0.elf.dir/ra_gen/vector_data.c.obj:(.debug_abbrev)
    2754     2754      214     1         CMakeFiles/demo0.elf.dir/src/POP/pop.c.obj:(.debug_abbrev)
    2968     2968      37e     1         CMakeFiles/demo0.elf.dir/src/base_app/application.c.obj:(.debug_abbrev)
    2ce6     2ce6      179     1         CMakeFiles/demo0.elf.dir/src/console/console.c.obj:(.debug_abbrev)
    2e5f     2e5f      25b     1         CMakeFiles/demo0.elf.dir/src/console/console_port.c.obj:(.debug_abbrev)
    30ba     30ba       fa     1         CMakeFiles/demo0.elf.dir/src/hal_entry.c.obj:(.debug_abbrev)
    31b4     31b4      106     1         CMakeFiles/demo0.elf.dir/src/hal_warmstart.c.obj:(.debug_abbrev)
    32ba     32ba      1f6     1         CMakeFiles/demo0.elf.dir/src/sequencer/CPAN/cpan.c.obj:(.debug_abbrev)
    34b0     34b0       bd     1         CMakeFiles/demo0.elf.dir/src/sequencer/PMbus_commands.c.obj:(.debug_abbrev)
    356d     356d      247     1         CMakeFiles/demo0.elf.dir/src/sequencer/app_sequencer.c.obj:(.debug_abbrev)
    37b4     37b4      16b     1         CMakeFiles/demo0.elf.dir/src/sequencer/comm_bus.c.obj:(.debug_abbrev)
    391f     391f       ab     1         CMakeFiles/demo0.elf.dir/src/sequencer/initial.c.obj:(.debug_abbrev)
    39ca     39ca      27e     1         CMakeFiles/demo0.elf.dir/src/sequencer/power_module.c.obj:(.debug_abbrev)
    3c48     3c48       f4     1         CMakeFiles/demo0.elf.dir/src/simulator.c.obj:(.debug_abbrev)
    3d3c     3d3c       82     1         CMakeFiles/demo0.elf.dir/src/simulator_script.c.obj:(.debug_abbrev)
       0        0    37f62     1 .debug_info
       0        0       3b     1         CMakeFiles/demo0.elf.dir/ra/board/ra6m5_ek/board_init.c.obj:(.debug_info)
      3b       3b       88     1         CMakeFiles/demo0.elf.dir/ra/board/ra6m5_ek/board_leds.c.obj:(.debug_info)
      c3       c3       b1     1         CMakeFiles/demo0.elf.dir/ra/fsp/src/bsp/cmsis/Device/RENESAS/Source/startup.c.obj:(.debug_info)
     174      174      ac6     1         CMakeFiles/demo0.elf.dir/ra/fsp/src/bsp/cmsis/Device/RENESAS/Source/system.c.obj:(.debug_info)
     c3a      c3a     5189     1         CMakeFiles/demo0.elf.dir/ra/fsp/src/bsp/mcu/all/bsp_clocks.c.obj:(.debug_info)
    5dc3     5dc3      59c     1         CMakeFiles/demo0.elf.dir/ra/fsp/src/bsp/mcu/all/bsp_common.c.obj:(.debug_info)
    635f     635f      104     1         CMakeFiles/demo0.elf.dir/ra/fsp/src/bsp/mcu/all/bsp_delay.c.obj:(.debug_info)
    6463     6463      dba     1         CMakeFiles/demo0.elf.dir/ra/fsp/src/bsp/mcu/all/bsp_group_irq.c.obj:(.debug_info)
    721d     721d       43     1         CMakeFiles/demo0.elf.dir/ra/fsp/src/bsp/mcu/all/bsp_io.c.obj:(.debug_info)
    7260     7260     17bf     1         CMakeFiles/demo0.elf.dir/ra/fsp/src/bsp/mcu/all/bsp_irq.c.obj:(.debug_info)
    8a1f     8a1f     2ec8     1         CMakeFiles/demo0.elf.dir/ra/fsp/src/bsp/mcu/all/bsp_register_protection.c.obj:(.debug_info)
    b8e7     b8e7       5f     1         CMakeFiles/demo0.elf.dir/ra/fsp/src/bsp/mcu/all/bsp_sbrk.c.obj:(.debug_info)
    b946     b946      1ea     1         CMakeFiles/demo0.elf.dir/ra/fsp/src/bsp/mcu/ra6m5/bsp_linker.c.obj:(.debug_info)
    bb30     bb30     5b82     1         CMakeFiles/demo0.elf.dir/ra/fsp/src/r_flash_hp/r_flash_hp.c.obj:(.debug_info)
   116b2    116b2     82bb     1         CMakeFiles/demo0.elf.dir/ra/fsp/src/r_gpt/r_gpt.c.obj:(.debug_info)
   1996d    1996d     13f3     1         CMakeFiles/demo0.elf.dir/ra/fsp/src/r_icu/r_icu.c.obj:(.debug_info)
   1ad60    1ad60     5e16     1         CMakeFiles/demo0.elf.dir/ra/fsp/src/r_ioport/r_ioport.c.obj:(.debug_info)
   20b76    20b76     764f     1         CMakeFiles/demo0.elf.dir/ra/fsp/src/r_sci_uart/r_sci_uart.c.obj:(.debug_info)
   281c5    281c5      ed9     1         CMakeFiles/demo0.elf.dir/ra_gen/common_data.c.obj:(.debug_info)
   2909e    2909e     5b27     1         CMakeFiles/demo0.elf.dir/ra_gen/hal_data.c.obj:(.debug_info)
   2ebc5    2ebc5       37     1         CMakeFiles/demo0.elf.dir/ra_gen/main.c.obj:(.debug_info)
   2ebfc    2ebfc      49c     1         CMakeFiles/demo0.elf.dir/ra_gen/pin_data.c.obj:(.debug_info)
   2f098    2f098      523     1         CMakeFiles/demo0.elf.dir/ra_gen/vector_data.c.obj:(.debug_info)
   2f5bb    2f5bb      c3a     1         CMakeFiles/demo0.elf.dir/src/POP/pop.c.obj:(.debug_info)
   301f5    301f5      de7     1         CMakeFiles/demo0.elf.dir/src/base_app/application.c.obj:(.debug_info)
   30fdc    30fdc      3de     1         CMakeFiles/demo0.elf.dir/src/console/console.c.obj:(.debug_info)
   313ba    313ba      eb9     1         CMakeFiles/demo0.elf.dir/src/console/console_port.c.obj:(.debug_info)
   32273    32273      dd0     1         CMakeFiles/demo0.elf.dir/src/hal_entry.c.obj:(.debug_info)
   33043    33043      9fb     1         CMakeFiles/demo0.elf.dir/src/hal_warmstart.c.obj:(.debug_info)
   33a3e    33a3e     1132     1         CMakeFiles/demo0.elf.dir/src/sequencer/CPAN/cpan.c.obj:(.debug_info)
   34b70    34b70      38d     1         CMakeFiles/demo0.elf.dir/src/sequencer/PMbus_commands.c.obj:(.debug_info)
   34efd    34efd     197d     1         CMakeFiles/demo0.elf.dir/src/sequencer/app_sequencer.c.obj:(.debug_info)
   3687a    3687a      4e0     1         CMakeFiles/demo0.elf.dir/src/sequencer/comm_bus.c.obj:(.debug_info)
   36d5a    36d5a      43e     1         CMakeFiles/demo0.elf.dir/src/sequencer/initial.c.obj:(.debug_info)
   37198    37198      b2b     1         CMakeFiles/demo0.elf.dir/src/sequencer/power_module.c.obj:(.debug_info)
   37cc3    37cc3      16d     1         CMakeFiles/demo0.elf.dir/src/simulator.c.obj:(.debug_info)
   37e30    37e30      132     1         CMakeFiles/demo0.elf.dir/src/simulator_script.c.obj:(.debug_info)
       0        0    1330c     1 .debug_str_offsets
       0        0       1c     1         CMakeFiles/demo0.elf.dir/ra/board/ra6m5_ek/board_init.c.obj:(.debug_str_offsets)
      1c       1c       3c     1         CMakeFiles/demo0.elf.dir/ra/board/ra6m5_ek/board_leds.c.obj:(.debug_str_offsets)
      58       58       3c     1         CMakeFiles/demo0.elf.dir/ra/fsp/src/bsp/cmsis/Device/RENESAS/Source/startup.c.obj:(.debug_str_offsets)
      94       94      344     1         CMakeFiles/demo0.elf.dir/ra/fsp/src/bsp/cmsis/Device/RENESAS/Source/system.c.obj:(.debug_str_offsets)
     3d8      3d8     12a8     1         CMakeFiles/demo0.elf.dir/ra/fsp/src/bsp/mcu/all/bsp_clocks.c.obj:(.debug_str_offsets)
    1680     1680      468     1         CMakeFiles/demo0.elf.dir/ra/fsp/src/bsp/mcu/all/bsp_common.c.obj:(.debug_str_offsets)
    1ae8     1ae8       74     1         CMakeFiles/demo0.elf.dir/ra/fsp/src/bsp/mcu/all/bsp_delay.c.obj:(.debug_str_offsets)
    1b5c     1b5c      698     1         CMakeFiles/demo0.elf.dir/ra/fsp/src/bsp/mcu/all/bsp_group_irq.c.obj:(.debug_str_offsets)
    21f4     21f4       24     1         CMakeFiles/demo0.elf.dir/ra/fsp/src/bsp/mcu/all/bsp_io.c.obj:(.debug_str_offsets)
    2218     2218      94c     1         CMakeFiles/demo0.elf.dir/ra/fsp/src/bsp/mcu/all/bsp_irq.c.obj:(.debug_str_offsets)
    2b64     2b64      bac     1         CMakeFiles/demo0.elf.dir/ra/fsp/src/bsp/mcu/all/bsp_register_protection.c.obj:(.debug_str_offsets)
    3710     3710       2c     1         CMakeFiles/demo0.elf.dir/ra/fsp/src/bsp/mcu/all/bsp_sbrk.c.obj:(.debug_str_offsets)
    373c     373c       a0     1         CMakeFiles/demo0.elf.dir/ra/fsp/src/bsp/mcu/ra6m5/bsp_linker.c.obj:(.debug_str_offsets)
    37dc     37dc     1764     1         CMakeFiles/demo0.elf.dir/ra/fsp/src/r_flash_hp/r_flash_hp.c.obj:(.debug_str_offsets)
    4f40     4f40     23ec     1         CMakeFiles/demo0.elf.dir/ra/fsp/src/r_gpt/r_gpt.c.obj:(.debug_str_offsets)
    732c     732c      7f4     1         CMakeFiles/demo0.elf.dir/ra/fsp/src/r_icu/r_icu.c.obj:(.debug_str_offsets)
    7b20     7b20     1adc     1         CMakeFiles/demo0.elf.dir/ra/fsp/src/r_ioport/r_ioport.c.obj:(.debug_str_offsets)
    95fc     95fc     218c     1         CMakeFiles/demo0.elf.dir/ra/fsp/src/r_sci_uart/r_sci_uart.c.obj:(.debug_str_offsets)
    b788     b788      9cc     1         CMakeFiles/demo0.elf.dir/ra_gen/common_data.c.obj:(.debug_str_offsets)
    c154     c154     1fd0     1         CMakeFiles/demo0.elf.dir/ra_gen/hal_data.c.obj:(.debug_str_offsets)
    e124     e124       1c     1         CMakeFiles/demo0.elf.dir/ra_gen/main.c.obj:(.debug_str_offsets)
    e140     e140      428     1         CMakeFiles/demo0.elf.dir/ra_gen/pin_data.c.obj:(.debug_str_offsets)
    e568     e568      4f0     1         CMakeFiles/demo0.elf.dir/ra_gen/vector_data.c.obj:(.debug_str_offsets)
    ea58     ea58      614     1         CMakeFiles/demo0.elf.dir/src/POP/pop.c.obj:(.debug_str_offsets)
    f06c     f06c      740     1         CMakeFiles/demo0.elf.dir/src/base_app/application.c.obj:(.debug_str_offsets)
    f7ac     f7ac      13c     1         CMakeFiles/demo0.elf.dir/src/console/console.c.obj:(.debug_str_offsets)
    f8e8     f8e8      738     1         CMakeFiles/demo0.elf.dir/src/console/console_port.c.obj:(.debug_str_offsets)
   10020    10020      6b0     1         CMakeFiles/demo0.elf.dir/src/hal_entry.c.obj:(.debug_str_offsets)
   106d0    106d0      820     1         CMakeFiles/demo0.elf.dir/src/hal_warmstart.c.obj:(.debug_str_offsets)
   10ef0    10ef0      7d0     1         CMakeFiles/demo0.elf.dir/src/sequencer/CPAN/cpan.c.obj:(.debug_str_offsets)
   116c0    116c0      358     1         CMakeFiles/demo0.elf.dir/src/sequencer/PMbus_commands.c.obj:(.debug_str_offsets)
   11a18    11a18      b84     1         CMakeFiles/demo0.elf.dir/src/sequencer/app_sequencer.c.obj:(.debug_str_offsets)
   1259c    1259c      424     1         CMakeFiles/demo0.elf.dir/src/sequencer/comm_bus.c.obj:(.debug_str_offsets)
   129c0    129c0      1f8     1         CMakeFiles/demo0.elf.dir/src/sequencer/initial.c.obj:(.debug_str_offsets)
   12bb8    12bb8      63c     1         CMakeFiles/demo0.elf.dir/src/sequencer/power_module.c.obj:(.debug_str_offsets)
   131f4    131f4       94     1         CMakeFiles/demo0.elf.dir/src/simulator.c.obj:(.debug_str_offsets)
   13288    13288       84     1         CMakeFiles/demo0.elf.dir/src/simulator_script.c.obj:(.debug_str_offsets)
       0        0    12b69     1 .debug_str
       0        0    12b69     1         <internal>:(.debug_str)
       0        0      ae8     1 .debug_addr
       0        0        c     1         CMakeFiles/demo0.elf.dir/ra/board/ra6m5_ek/board_init.c.obj:(.debug_addr)
       c        c       10     1         CMakeFiles/demo0.elf.dir/ra/board/ra6m5_ek/board_leds.c.obj:(.debug_addr)
      1c       1c       1c     1         CMakeFiles/demo0.elf.dir/ra/fsp/src/bsp/cmsis/Device/RENESAS/Source/startup.c.obj:(.debug_addr)
      38       38       30     1         CMakeFiles/demo0.elf.dir/ra/fsp/src/bsp/cmsis/Device/RENESAS/Source/system.c.obj:(.debug_addr)
      68       68       90     1         CMakeFiles/demo0.elf.dir/ra/fsp/src/bsp/mcu/all/bsp_clocks.c.obj:(.debug_addr)
      f8       f8       20     1         CMakeFiles/demo0.elf.dir/ra/fsp/src/bsp/mcu/all/bsp_common.c.obj:(.debug_addr)
     118      118       20     1         CMakeFiles/demo0.elf.dir/ra/fsp/src/bsp/mcu/all/bsp_delay.c.obj:(.debug_addr)
     138      138       1c     1         CMakeFiles/demo0.elf.dir/ra/fsp/src/bsp/mcu/all/bsp_group_irq.c.obj:(.debug_addr)
     154      154        c     1         CMakeFiles/demo0.elf.dir/ra/fsp/src/bsp/mcu/all/bsp_io.c.obj:(.debug_addr)
     160      160       24     1         CMakeFiles/demo0.elf.dir/ra/fsp/src/bsp/mcu/all/bsp_irq.c.obj:(.debug_addr)
     184      184       30     1         CMakeFiles/demo0.elf.dir/ra/fsp/src/bsp/mcu/all/bsp_register_protection.c.obj:(.debug_addr)
     1b4      1b4        c     1         CMakeFiles/demo0.elf.dir/ra/fsp/src/bsp/mcu/all/bsp_sbrk.c.obj:(.debug_addr)
     1c0      1c0       24     1         CMakeFiles/demo0.elf.dir/ra/fsp/src/bsp/mcu/ra6m5/bsp_linker.c.obj:(.debug_addr)
     1e4      1e4      108     1         CMakeFiles/demo0.elf.dir/ra/fsp/src/r_flash_hp/r_flash_hp.c.obj:(.debug_addr)
     2ec      2ec      1c4     1         CMakeFiles/demo0.elf.dir/ra/fsp/src/r_gpt/r_gpt.c.obj:(.debug_addr)
[...]
g_console_uart_baud_setting                       CMakeFiles/demo0.elf.dir/ra_gen/hal_data.c.obj
g_console_uart_cfg_extend                         CMakeFiles/demo0.elf.dir/ra_gen/hal_data.c.obj
g_console_uart_cfg                                CMakeFiles/demo0.elf.dir/ra_gen/hal_data.c.obj
g_console_uart_ctrl                               CMakeFiles/demo0.elf.dir/ra_gen/hal_data.c.obj
g_console_uart                                    CMakeFiles/demo0.elf.dir/ra_gen/hal_data.c.obj
                                                  CMakeFiles/demo0.elf.dir/src/base_app/application.c.obj
g_T0_extend                                       CMakeFiles/demo0.elf.dir/ra_gen/hal_data.c.obj
g_T0_cfg                                          CMakeFiles/demo0.elf.dir/ra_gen/hal_data.c.obj
                                                  CMakeFiles/demo0.elf.dir/src/sequencer/app_sequencer.c.obj
T0_cb                                             CMakeFiles/demo0.elf.dir/src/sequencer/app_sequencer.c.obj
                                                  CMakeFiles/demo0.elf.dir/ra_gen/hal_data.c.obj
g_T0_ctrl                                         CMakeFiles/demo0.elf.dir/ra_gen/hal_data.c.obj
                                                  CMakeFiles/demo0.elf.dir/src/sequencer/app_sequencer.c.obj
g_dataflash_cfg                                   CMakeFiles/demo0.elf.dir/ra_gen/hal_data.c.obj
                                                  CMakeFiles/demo0.elf.dir/src/sequencer/power_module.c.obj
dataflash_cb                                      CMakeFiles/demo0.elf.dir/src/base_app/application.c.obj
                                                  CMakeFiles/demo0.elf.dir/ra_gen/hal_data.c.obj
g_dataflash_ctrl                                  CMakeFiles/demo0.elf.dir/ra_gen/hal_data.c.obj
                                                  CMakeFiles/demo0.elf.dir/src/sequencer/power_module.c.obj
hal_entry                                         CMakeFiles/demo0.elf.dir/src/hal_entry.c.obj
                                                  CMakeFiles/demo0.elf.dir/ra_gen/main.c.obj
g_bsp_pin_cfg_data                                CMakeFiles/demo0.elf.dir/ra_gen/pin_data.c.obj
g_vector_table                                    CMakeFiles/demo0.elf.dir/ra_gen/vector_data.c.obj
POP0                                              CMakeFiles/demo0.elf.dir/src/POP/pop.c.obj
                                                  CMakeFiles/demo0.elf.dir/src/sequencer/app_sequencer.c.obj
POP5                                              CMakeFiles/demo0.elf.dir/src/POP/pop.c.obj
                                                  CMakeFiles/demo0.elf.dir/src/sequencer/app_sequencer.c.obj
POPR                                              CMakeFiles/demo0.elf.dir/src/POP/pop.c.obj
                                                  CMakeFiles/demo0.elf.dir/src/sequencer/comm_bus.c.obj
POPB                                              CMakeFiles/demo0.elf.dir/src/POP/pop.c.obj
                                                  CMakeFiles/demo0.elf.dir/src/sequencer/app_sequencer.c.obj
DROP0                                             CMakeFiles/demo0.elf.dir/src/POP/pop.c.obj
                                                  CMakeFiles/demo0.elf.dir/src/sequencer/app_sequencer.c.obj
DROP5                                             CMakeFiles/demo0.elf.dir/src/POP/pop.c.obj
                                                  CMakeFiles/demo0.elf.dir/src/sequencer/app_sequencer.c.obj
DROPB                                             CMakeFiles/demo0.elf.dir/src/POP/pop.c.obj
                                                  CMakeFiles/demo0.elf.dir/src/sequencer/app_sequencer.c.obj
app_entry                                         CMakeFiles/demo0.elf.dir/src/base_app/application.c.obj
                                                  CMakeFiles/demo0.elf.dir/src/hal_entry.c.obj
App                                               CMakeFiles/demo0.elf.dir/src/base_app/application.c.obj
Console_callback                                  CMakeFiles/demo0.elf.dir/src/base_app/application.c.obj
RA_console_init                                   CMakeFiles/demo0.elf.dir/src/console/console_port.c.obj
                                                  CMakeFiles/demo0.elf.dir/src/base_app/application.c.obj
CN                                                CMakeFiles/demo0.elf.dir/src/base_app/application.c.obj
ControlPanel                                      CMakeFiles/demo0.elf.dir/src/sequencer/CPAN/cpan.c.obj
                                                  CMakeFiles/demo0.elf.dir/src/base_app/application.c.obj
                                                  CMakeFiles/demo0.elf.dir/src/sequencer/app_sequencer.c.obj
                                                  CMakeFiles/demo0.elf.dir/src/simulator.c.obj
app_func_run                                      CMakeFiles/demo0.elf.dir/src/sequencer/app_sequencer.c.obj
                                                  CMakeFiles/demo0.elf.dir/src/base_app/application.c.obj
simulator_run                                     CMakeFiles/demo0.elf.dir/src/simulator.c.obj
                                                  CMakeFiles/demo0.elf.dir/src/base_app/application.c.obj
app_func_poll_cpan                                CMakeFiles/demo0.elf.dir/src/sequencer/CPAN/cpan.c.obj
                                                  CMakeFiles/demo0.elf.dir/src/base_app/application.c.obj
app_event_flag_get                                CMakeFiles/demo0.elf.dir/src/base_app/application.c.obj
console_Exec                                      CMakeFiles/demo0.elf.dir/src/console/console.c.obj
                                                  CMakeFiles/demo0.elf.dir/src/base_app/application.c.obj
app_func_restart                                  CMakeFiles/demo0.elf.dir/src/sequencer/app_sequencer.c.obj
                                                  CMakeFiles/demo0.elf.dir/src/base_app/application.c.obj
console_Print                                     CMakeFiles/demo0.elf.dir/src/console/console.c.obj
                                                  CMakeFiles/demo0.elf.dir/src/base_app/application.c.obj
                                                  CMakeFiles/demo0.elf.dir/src/sequencer/app_sequencer.c.obj
app_func_startup                                  CMakeFiles/demo0.elf.dir/src/sequencer/app_sequencer.c.obj
                                                  CMakeFiles/demo0.elf.dir/src/base_app/application.c.obj
simulator_init                                    CMakeFiles/demo0.elf.dir/src/simulator.c.obj
                                                  CMakeFiles/demo0.elf.dir/src/base_app/application.c.obj
app_func_reset                                    CMakeFiles/demo0.elf.dir/src/sequencer/app_sequencer.c.obj
                                                  CMakeFiles/demo0.elf.dir/src/base_app/application.c.obj
console_SetColor                                  CMakeFiles/demo0.elf.dir/src/console/console.c.obj
                                                  CMakeFiles/demo0.elf.dir/src/base_app/application.c.obj
app_event_flag_set                                CMakeFiles/demo0.elf.dir/src/base_app/application.c.obj
                                                  CMakeFiles/demo0.elf.dir/src/sequencer/CPAN/cpan.c.obj
app_event_flag_seti                               CMakeFiles/demo0.elf.dir/src/base_app/application.c.obj
                                                  CMakeFiles/demo0.elf.dir/src/sequencer/app_sequencer.c.obj
CP                                                CMakeFiles/demo0.elf.dir/src/base_app/application.c.obj
                                                  CMakeFiles/demo0.elf.dir/src/sequencer/app_sequencer.c.obj
console_Open                                      CMakeFiles/demo0.elf.dir/src/console/console.c.obj
                                                  CMakeFiles/demo0.elf.dir/src/console/console_port.c.obj
strlen                                            C:\Renesas\RA\e2studio_v2025-12_fsp_v6.3.0\toolchains\llvm_arm\ATfE-21.1.1-Windows-x86_64\bin\..\lib\clang-runtimes/arm-none-eabi/armv8m.main_hard_fp_exn_rtti_unaligned_size\lib\libc.a(strlen.S.o)
                                                  CMakeFiles/demo0.elf.dir/src/console/console.c.obj
Console                                           CMakeFiles/demo0.elf.dir/src/console/console_port.c.obj
                                                  CMakeFiles/demo0.elf.dir/src/console/console.c.obj
ansi_estr                                         CMakeFiles/demo0.elf.dir/src/console/console.c.obj
strncpy                                           C:\Renesas\RA\e2studio_v2025-12_fsp_v6.3.0\toolchains\llvm_arm\ATfE-21.1.1-Windows-x86_64\bin\..\lib\clang-runtimes/arm-none-eabi/armv8m.main_hard_fp_exn_rtti_unaligned_size\lib\libc.a(libc_string_strncpy.c.o)
                                                  CMakeFiles/demo0.elf.dir/src/console/console_port.c.obj
CPAN_update                                       CMakeFiles/demo0.elf.dir/src/sequencer/CPAN/cpan.c.obj
CPAN_open                                         CMakeFiles/demo0.elf.dir/src/sequencer/CPAN/cpan.c.obj
                                                  CMakeFiles/demo0.elf.dir/src/sequencer/app_sequencer.c.obj
PMbus_write_execute                               CMakeFiles/demo0.elf.dir/src/sequencer/PMbus_commands.c.obj
                                                  CMakeFiles/demo0.elf.dir/src/sequencer/comm_bus.c.obj
PowerController                                   CMakeFiles/demo0.elf.dir/src/sequencer/app_sequencer.c.obj
                                                  CMakeFiles/demo0.elf.dir/src/sequencer/PMbus_commands.c.obj
                                                  CMakeFiles/demo0.elf.dir/src/sequencer/power_module.c.obj
pwr_seq_update_cfg                                CMakeFiles/demo0.elf.dir/src/sequencer/power_module.c.obj
                                                  CMakeFiles/demo0.elf.dir/src/sequencer/PMbus_commands.c.obj
pwr_seq_update_fault                              CMakeFiles/demo0.elf.dir/src/sequencer/power_module.c.obj
                                                  CMakeFiles/demo0.elf.dir/src/sequencer/PMbus_commands.c.obj
pwr_seq_update_monitor                            CMakeFiles/demo0.elf.dir/src/sequencer/power_module.c.obj
                                                  CMakeFiles/demo0.elf.dir/src/sequencer/PMbus_commands.c.obj
pwr_seq_store_all                                 CMakeFiles/demo0.elf.dir/src/sequencer/power_module.c.obj
                                                  CMakeFiles/demo0.elf.dir/src/sequencer/PMbus_commands.c.obj
power_analog_3300                                 CMakeFiles/demo0.elf.dir/src/sequencer/initial.c.obj
                                                  CMakeFiles/demo0.elf.dir/src/sequencer/app_sequencer.c.obj
pwr_rail_store_config                             CMakeFiles/demo0.elf.dir/src/sequencer/power_module.c.obj
                                                  CMakeFiles/demo0.elf.dir/src/sequencer/app_sequencer.c.obj
power_analog_5000                                 CMakeFiles/demo0.elf.dir/src/sequencer/initial.c.obj
                                                  CMakeFiles/demo0.elf.dir/src/sequencer/app_sequencer.c.obj
power_analog_1200                                 CMakeFiles/demo0.elf.dir/src/sequencer/initial.c.obj
                                                  CMakeFiles/demo0.elf.dir/src/sequencer/app_sequencer.c.obj
power_digital_2400                                CMakeFiles/demo0.elf.dir/src/sequencer/initial.c.obj
                                                  CMakeFiles/demo0.elf.dir/src/sequencer/app_sequencer.c.obj
power_digital_OFFLINE                             CMakeFiles/demo0.elf.dir/src/sequencer/initial.c.obj
                                                  CMakeFiles/demo0.elf.dir/src/sequencer/app_sequencer.c.obj
power_controller_basic                            CMakeFiles/demo0.elf.dir/src/sequencer/initial.c.obj
                                                  CMakeFiles/demo0.elf.dir/src/sequencer/app_sequencer.c.obj
pwr_seq_store_config                              CMakeFiles/demo0.elf.dir/src/sequencer/power_module.c.obj
                                                  CMakeFiles/demo0.elf.dir/src/sequencer/app_sequencer.c.obj
power_rail_maps                                   CMakeFiles/demo0.elf.dir/src/sequencer/initial.c.obj
                                                  CMakeFiles/demo0.elf.dir/src/sequencer/app_sequencer.c.obj
pwr_seq_store_map                                 CMakeFiles/demo0.elf.dir/src/sequencer/power_module.c.obj
                                                  CMakeFiles/demo0.elf.dir/src/sequencer/app_sequencer.c.obj
controller_ctrl_scratch                           CMakeFiles/demo0.elf.dir/src/sequencer/app_sequencer.c.obj
control_panel_initial                             CMakeFiles/demo0.elf.dir/src/sequencer/app_sequencer.c.obj
power_rails                                       CMakeFiles/demo0.elf.dir/src/sequencer/initial.c.obj
                                                  CMakeFiles/demo0.elf.dir/src/sequencer/app_sequencer.c.obj
pwr_mod_poll                                      CMakeFiles/demo0.elf.dir/src/sequencer/power_module.c.obj
                                                  CMakeFiles/demo0.elf.dir/src/sequencer/app_sequencer.c.obj
controller_cfg_scratch                            CMakeFiles/demo0.elf.dir/src/sequencer/app_sequencer.c.obj
power_sequencer_IO                                CMakeFiles/demo0.elf.dir/src/sequencer/initial.c.obj
                                                  CMakeFiles/demo0.elf.dir/src/sequencer/app_sequencer.c.obj
rail_cfg_scratch                                  CMakeFiles/demo0.elf.dir/src/sequencer/app_sequencer.c.obj
                                                  CMakeFiles/demo0.elf.dir/src/sequencer/initial.c.obj
rail_ctrl_scratch                                 CMakeFiles/demo0.elf.dir/src/sequencer/app_sequencer.c.obj
                                                  CMakeFiles/demo0.elf.dir/src/sequencer/initial.c.obj
PB_Comm                                           CMakeFiles/demo0.elf.dir/src/sequencer/comm_bus.c.obj
simulator_start                                   CMakeFiles/demo0.elf.dir/src/simulator.c.obj
                                                  CMakeFiles/demo0.elf.dir/src/sequencer/power_module.c.obj
record                                            CMakeFiles/demo0.elf.dir/src/sequencer/power_module.c.obj
__aeabi_memset4                                   C:\Renesas\RA\e2studio_v2025-12_fsp_v6.3.0\toolchains\llvm_arm\ATfE-21.1.1-Windows-x86_64\bin\..\lib\clang-runtimes/arm-none-eabi/armv8m.main_hard_fp_exn_rtti_unaligned_size\lib\libc.a(aeabi_memset.c.o)
                                                  CMakeFiles/demo0.elf.dir/src/sequencer/power_module.c.obj
simulator_initial                                 CMakeFiles/demo0.elf.dir/src/simulator_script.c.obj
                                                  CMakeFiles/demo0.elf.dir/src/simulator.c.obj
Simulator                                         CMakeFiles/demo0.elf.dir/src/simulator.c.obj
srt_table_0                                       CMakeFiles/demo0.elf.dir/src/simulator_script.c.obj
srt_table_1                                       CMakeFiles/demo0.elf.dir/src/simulator_script.c.obj
__aeabi_memset                                    C:\Renesas\RA\e2studio_v2025-12_fsp_v6.3.0\toolchains\llvm_arm\ATfE-21.1.1-Windows-x86_64\bin\..\lib\clang-runtimes/arm-none-eabi/armv8m.main_hard_fp_exn_rtti_unaligned_size\lib\libc.a(aeabi_memset.c.o)
__aeabi_memset8                                   C:\Renesas\RA\e2studio_v2025-12_fsp_v6.3.0\toolchains\llvm_arm\ATfE-21.1.1-Windows-x86_64\bin\..\lib\clang-runtimes/arm-none-eabi/armv8m.main_hard_fp_exn_rtti_unaligned_size\lib\libc.a(aeabi_memset.c.o)
bzero                                             C:\Renesas\RA\e2studio_v2025-12_fsp_v6.3.0\toolchains\llvm_arm\ATfE-21.1.1-Windows-x86_64\bin\..\lib\clang-runtimes/arm-none-eabi/armv8m.main_hard_fp_exn_rtti_unaligned_size\lib\libc.a(bzero.c.o)
__aeabi_memclr8                                   C:\Renesas\RA\e2studio_v2025-12_fsp_v6.3.0\toolchains\llvm_arm\ATfE-21.1.1-Windows-x86_64\bin\..\lib\clang-runtimes/arm-none-eabi/armv8m.main_hard_fp_exn_rtti_unaligned_size\lib\libc.a(bzero.c.o)
__aeabi_memclr                                    C:\Renesas\RA\e2studio_v2025-12_fsp_v6.3.0\toolchains\llvm_arm\ATfE-21.1.1-Windows-x86_64\bin\..\lib\clang-runtimes/arm-none-eabi/armv8m.main_hard_fp_exn_rtti_unaligned_size\lib\libc.a(bzero.c.o)
                                                  C:\Renesas\RA\e2studio_v2025-12_fsp_v6.3.0\toolchains\llvm_arm\ATfE-21.1.1-Windows-x86_64\bin\..\lib\clang-runtimes/arm-none-eabi/armv8m.main_hard_fp_exn_rtti_unaligned_size\lib\libc.a(libc_picolib_inittls.c.o)
__aeabi_memcpy8                                   C:\Renesas\RA\e2studio_v2025-12_fsp_v6.3.0\toolchains\llvm_arm\ATfE-21.1.1-Windows-x86_64\bin\..\lib\clang-runtimes/arm-none-eabi/armv8m.main_hard_fp_exn_rtti_unaligned_size\lib\libc.a(memcpy.c.o)
__tdata_source                                    C:/Repo/POC/RS_D620/WORKSPACE/demo0\fsp_gen.lld:693
                                                  C:\Renesas\RA\e2studio_v2025-12_fsp_v6.3.0\toolchains\llvm_arm\ATfE-21.1.1-Windows-x86_64\bin\..\lib\clang-runtimes/arm-none-eabi/armv8m.main_hard_fp_exn_rtti_unaligned_size\lib\libc.a(libc_picolib_inittls.c.o)
__tdata_size                                      C:/Repo/POC/RS_D620/WORKSPACE/demo0\fsp_gen.lld:694
                                                  C:\Renesas\RA\e2studio_v2025-12_fsp_v6.3.0\toolchains\llvm_arm\ATfE-21.1.1-Windows-x86_64\bin\..\lib\clang-runtimes/arm-none-eabi/armv8m.main_hard_fp_exn_rtti_unaligned_size\lib\libc.a(libc_picolib_inittls.c.o)
__tbss_offset                                     C:/Repo/POC/RS_D620/WORKSPACE/demo0\fsp_gen.lld:695
                                                  C:\Renesas\RA\e2studio_v2025-12_fsp_v6.3.0\toolchains\llvm_arm\ATfE-21.1.1-Windows-x86_64\bin\..\lib\clang-runtimes/arm-none-eabi/armv8m.main_hard_fp_exn_rtti_unaligned_size\lib\libc.a(libc_picolib_inittls.c.o)
__tbss_size                                       C:/Repo/POC/RS_D620/WORKSPACE/demo0\fsp_gen.lld:696
                                                  C:\Renesas\RA\e2studio_v2025-12_fsp_v6.3.0\toolchains\llvm_arm\ATfE-21.1.1-Windows-x86_64\bin\..\lib\clang-runtimes/arm-none-eabi/armv8m.main_hard_fp_exn_rtti_unaligned_size\lib\libc.a(libc_picolib_inittls.c.o)
__arm32_tls_tcb_offset                            C:/Repo/POC/RS_D620/WORKSPACE/demo0\fsp_gen.lld:697
                                                  C:\Renesas\RA\e2studio_v2025-12_fsp_v6.3.0\toolchains\llvm_arm\ATfE-21.1.1-Windows-x86_64\bin\..\lib\clang-runtimes/arm-none-eabi/armv8m.main_hard_fp_exn_rtti_unaligned_size\lib\libc.a(libc_picolib_machine_arm_set_tls.c.o)
__tls                                             C:\Renesas\RA\e2studio_v2025-12_fsp_v6.3.0\toolchains\llvm_arm\ATfE-21.1.1-Windows-x86_64\bin\..\lib\clang-runtimes/arm-none-eabi/armv8m.main_hard_fp_exn_rtti_unaligned_size\lib\libc.a(libc_picolib_machine_arm_tls.c.o)
                                                  C:\Renesas\RA\e2studio_v2025-12_fsp_v6.3.0\toolchains\llvm_arm\ATfE-21.1.1-Windows-x86_64\bin\..\lib\clang-runtimes/arm-none-eabi/armv8m.main_hard_fp_exn_rtti_unaligned_size\lib\libc.a(libc_picolib_machine_arm_set_tls.c.o)
                                                  C:\Renesas\RA\e2studio_v2025-12_fsp_v6.3.0\toolchains\llvm_arm\ATfE-21.1.1-Windows-x86_64\bin\..\lib\clang-runtimes/arm-none-eabi/armv8m.main_hard_fp_exn_rtti_unaligned_size\lib\libc.a(libc_picolib_machine_arm_read_tp.S.o)
