Archive member included to satisfy reference by file (symbol)

C:/Program Files (x86)/Arm GNU Toolchain arm-none-eabi/13.2 Rel1/bin/../lib/gcc/arm-none-eabi/13.2.1/thumb/v8-m.main+dp/hard\libgcc.a(_aeabi_ldivmod.o)
                              ./ra/tes/dave2d/src/dave_context.o (__aeabi_ldivmod)
C:/Program Files (x86)/Arm GNU Toolchain arm-none-eabi/13.2 Rel1/bin/../lib/gcc/arm-none-eabi/13.2.1/thumb/v8-m.main+dp/hard\libgcc.a(_udivmoddi4.o)
                              C:/Program Files (x86)/Arm GNU Toolchain arm-none-eabi/13.2 Rel1/bin/../lib/gcc/arm-none-eabi/13.2.1/thumb/v8-m.main+dp/hard\libgcc.a(_aeabi_ldivmod.o) (__udivmoddi4)
C:/Program Files (x86)/Arm GNU Toolchain arm-none-eabi/13.2 Rel1/bin/../lib/gcc/arm-none-eabi/13.2.1/thumb/v8-m.main+dp/hard\libgcc.a(_dvmd_tls.o)
                              C:/Program Files (x86)/Arm GNU Toolchain arm-none-eabi/13.2 Rel1/bin/../lib/gcc/arm-none-eabi/13.2.1/thumb/v8-m.main+dp/hard\libgcc.a(_aeabi_ldivmod.o) (__aeabi_ldiv0)
C:/Program Files (x86)/Arm GNU Toolchain arm-none-eabi/13.2 Rel1/bin/../lib/gcc/arm-none-eabi/13.2.1/thumb/v8-m.main+dp/hard\libg_nano.a(libc_a-exit.o)
                              C:/Program Files (x86)/Arm GNU Toolchain arm-none-eabi/13.2 Rel1/bin/../lib/gcc/arm-none-eabi/13.2.1/thumb/v8-m.main+dp/hard/crt0.o (exit)
C:/Program Files (x86)/Arm GNU Toolchain arm-none-eabi/13.2 Rel1/bin/../lib/gcc/arm-none-eabi/13.2.1/thumb/v8-m.main+dp/hard\libg_nano.a(libc_a-malloc.o)
                              ./ra/fsp/src/r_drw/r_drw_memory.o (malloc)
C:/Program Files (x86)/Arm GNU Toolchain arm-none-eabi/13.2 Rel1/bin/../lib/gcc/arm-none-eabi/13.2.1/thumb/v8-m.main+dp/hard\libg_nano.a(libc_a-mallocr.o)
                              C:/Program Files (x86)/Arm GNU Toolchain arm-none-eabi/13.2 Rel1/bin/../lib/gcc/arm-none-eabi/13.2.1/thumb/v8-m.main+dp/hard\libg_nano.a(libc_a-malloc.o) (_malloc_r)
C:/Program Files (x86)/Arm GNU Toolchain arm-none-eabi/13.2 Rel1/bin/../lib/gcc/arm-none-eabi/13.2.1/thumb/v8-m.main+dp/hard\libg_nano.a(libc_a-mlock.o)
                              C:/Program Files (x86)/Arm GNU Toolchain arm-none-eabi/13.2 Rel1/bin/../lib/gcc/arm-none-eabi/13.2.1/thumb/v8-m.main+dp/hard\libg_nano.a(libc_a-mallocr.o) (__malloc_lock)
C:/Program Files (x86)/Arm GNU Toolchain arm-none-eabi/13.2 Rel1/bin/../lib/gcc/arm-none-eabi/13.2.1/thumb/v8-m.main+dp/hard\libg_nano.a(libc_a-nano-vfprintf_float.o)
                              (_printf_float)
C:/Program Files (x86)/Arm GNU Toolchain arm-none-eabi/13.2 Rel1/bin/../lib/gcc/arm-none-eabi/13.2.1/thumb/v8-m.main+dp/hard\libg_nano.a(libc_a-nano-vfprintf_i.o)
                              C:/Program Files (x86)/Arm GNU Toolchain arm-none-eabi/13.2 Rel1/bin/../lib/gcc/arm-none-eabi/13.2.1/thumb/v8-m.main+dp/hard\libg_nano.a(libc_a-nano-vfprintf_float.o) (_printf_common)
C:/Program Files (x86)/Arm GNU Toolchain arm-none-eabi/13.2 Rel1/bin/../lib/gcc/arm-none-eabi/13.2.1/thumb/v8-m.main+dp/hard\libg_nano.a(libc_a-findfp.o)
                              C:/Program Files (x86)/Arm GNU Toolchain arm-none-eabi/13.2 Rel1/bin/../lib/gcc/arm-none-eabi/13.2.1/thumb/v8-m.main+dp/hard\libg_nano.a(libc_a-exit.o) (__stdio_exit_handler)
C:/Program Files (x86)/Arm GNU Toolchain arm-none-eabi/13.2 Rel1/bin/../lib/gcc/arm-none-eabi/13.2.1/thumb/v8-m.main+dp/hard\libg_nano.a(libc_a-fwalk.o)
                              C:/Program Files (x86)/Arm GNU Toolchain arm-none-eabi/13.2 Rel1/bin/../lib/gcc/arm-none-eabi/13.2.1/thumb/v8-m.main+dp/hard\libg_nano.a(libc_a-findfp.o) (_fwalk_sglue)
C:/Program Files (x86)/Arm GNU Toolchain arm-none-eabi/13.2 Rel1/bin/../lib/gcc/arm-none-eabi/13.2.1/thumb/v8-m.main+dp/hard\libg_nano.a(libc_a-sprintf.o)
                              ./src/hal_entry.o (sprintf)
C:/Program Files (x86)/Arm GNU Toolchain arm-none-eabi/13.2 Rel1/bin/../lib/gcc/arm-none-eabi/13.2.1/thumb/v8-m.main+dp/hard\libg_nano.a(libc_a-stdio.o)
                              C:/Program Files (x86)/Arm GNU Toolchain arm-none-eabi/13.2 Rel1/bin/../lib/gcc/arm-none-eabi/13.2.1/thumb/v8-m.main+dp/hard\libg_nano.a(libc_a-findfp.o) (__sread)
C:/Program Files (x86)/Arm GNU Toolchain arm-none-eabi/13.2 Rel1/bin/../lib/gcc/arm-none-eabi/13.2.1/thumb/v8-m.main+dp/hard\libg_nano.a(libc_a-memset.o)
                              C:/Program Files (x86)/Arm GNU Toolchain arm-none-eabi/13.2 Rel1/bin/../lib/gcc/arm-none-eabi/13.2.1/thumb/v8-m.main+dp/hard/crt0.o (memset)
C:/Program Files (x86)/Arm GNU Toolchain arm-none-eabi/13.2 Rel1/bin/../lib/gcc/arm-none-eabi/13.2.1/thumb/v8-m.main+dp/hard\libg_nano.a(libc_a-localeconv.o)
                              C:/Program Files (x86)/Arm GNU Toolchain arm-none-eabi/13.2 Rel1/bin/../lib/gcc/arm-none-eabi/13.2.1/thumb/v8-m.main+dp/hard\libg_nano.a(libc_a-nano-vfprintf_float.o) (_localeconv_r)
C:/Program Files (x86)/Arm GNU Toolchain arm-none-eabi/13.2 Rel1/bin/../lib/gcc/arm-none-eabi/13.2.1/thumb/v8-m.main+dp/hard\libg_nano.a(libc_a-closer.o)
[...]
Memory Configuration

Name             Origin             Length             Attributes
ITCM             0x00000000         0x00010000         xr
DTCM             0x20000000         0x00010000         xrw
FLASH            0x02000000         0x001f8000         xr
RAM              0x22000000         0x000e0000         xrw
DATA_FLASH       0x27000000         0x00003000         xr
QSPI_FLASH       0x60000000         0x00000000         xr
OSPI_DEVICE_0    0x80000000         0x10000000         xr
OSPI_DEVICE_1    0x90000000         0x10000000         xr
OSPI_DEVICE_0_RAM 0x80000000         0x10000000         xrw
OSPI_DEVICE_1_RAM 0x90000000         0x10000000         xrw
SDRAM            0x68000000         0x08000000         xrw
OPTION_SETTING   0x0300a100         0x00000100         r
OPTION_SETTING_OFS 0x0300a100         0x00000018         r
OPTION_SETTING_SAS 0x0300a134         0x000000cc         r
OPTION_SETTING_S 0x0300a200         0x00000100         r
OPTION_SETTING_DATA_FLASH_S 0x27030080         0x00000800         r
ID_CODE          0x00000000         0x00000000         xr
*default*        0x00000000         0xffffffff

Linker script and memory map

LOAD C:/Program Files (x86)/Arm GNU Toolchain arm-none-eabi/13.2 Rel1/bin/../lib/gcc/arm-none-eabi/13.2.1/thumb/v8-m.main+dp/hard/crti.o
LOAD C:/Program Files (x86)/Arm GNU Toolchain arm-none-eabi/13.2 Rel1/bin/../lib/gcc/arm-none-eabi/13.2.1/thumb/v8-m.main+dp/hard/crtbegin.o
LOAD C:/Program Files (x86)/Arm GNU Toolchain arm-none-eabi/13.2 Rel1/bin/../lib/gcc/arm-none-eabi/13.2.1/thumb/v8-m.main+dp/hard/crt0.o
START GROUP
LOAD ./src/test_resolutions/test_resolutions.o
LOAD ./src/test_core/test_core.o
LOAD ./src/draw_core/draw_core.o
LOAD ./src/SCI_debug_print/SCI_debug_print.o
LOAD ./src/dsi_configuration_data.o
LOAD ./src/dsi_layer.o
LOAD ./src/hal_entry.o
LOAD ./ra_gen/common_data.o
LOAD ./ra_gen/hal_data.o
LOAD ./ra_gen/main.o
LOAD ./ra_gen/pin_data.o
LOAD ./ra_gen/vector_data.o
LOAD ./ra/tes/dave2d/src/dave_64bitoperation.o
LOAD ./ra/tes/dave2d/src/dave_base.o
LOAD ./ra/tes/dave2d/src/dave_blit.o
LOAD ./ra/tes/dave2d/src/dave_box.o
LOAD ./ra/tes/dave2d/src/dave_circle.o
LOAD ./ra/tes/dave2d/src/dave_context.o
LOAD ./ra/tes/dave2d/src/dave_curve.o
LOAD ./ra/tes/dave2d/src/dave_dlist.o
LOAD ./ra/tes/dave2d/src/dave_driver.o
LOAD ./ra/tes/dave2d/src/dave_edge.o
LOAD ./ra/tes/dave2d/src/dave_errorcodes.o
LOAD ./ra/tes/dave2d/src/dave_gradient.o
LOAD ./ra/tes/dave2d/src/dave_hardware.o
LOAD ./ra/tes/dave2d/src/dave_line.o
LOAD ./ra/tes/dave2d/src/dave_math.o
LOAD ./ra/tes/dave2d/src/dave_memory.o
LOAD ./ra/tes/dave2d/src/dave_pattern.o
LOAD ./ra/tes/dave2d/src/dave_perfcount.o
LOAD ./ra/tes/dave2d/src/dave_polyline.o
LOAD ./ra/tes/dave2d/src/dave_quad.o
LOAD ./ra/tes/dave2d/src/dave_rbuffer.o
LOAD ./ra/tes/dave2d/src/dave_render.o
LOAD ./ra/tes/dave2d/src/dave_texture.o
LOAD ./ra/tes/dave2d/src/dave_triangle.o
LOAD ./ra/tes/dave2d/src/dave_utility.o
LOAD ./ra/tes/dave2d/src/dave_viewport.o
LOAD ./ra/tes/dave2d/src/dave_wedge.o
LOAD ./ra/fsp/src/r_sci_b_uart/r_sci_b_uart.o
LOAD ./ra/fsp/src/r_mipi_phy/r_mipi_phy.o
LOAD ./ra/fsp/src/r_mipi_dsi/r_mipi_dsi.o
LOAD ./ra/fsp/src/r_ioport/r_ioport.o
LOAD ./ra/fsp/src/r_gpt/r_gpt.o
LOAD ./ra/fsp/src/r_glcdc/r_glcdc.o
LOAD ./ra/fsp/src/r_drw/r_drw_base.o
LOAD ./ra/fsp/src/r_drw/r_drw_irq.o
LOAD ./ra/fsp/src/r_drw/r_drw_memory.o
LOAD ./ra/fsp/src/bsp/mcu/all/bsp_clocks.o
LOAD ./ra/fsp/src/bsp/mcu/all/bsp_common.o
LOAD ./ra/fsp/src/bsp/mcu/all/bsp_delay.o
LOAD ./ra/fsp/src/bsp/mcu/all/bsp_group_irq.o
LOAD ./ra/fsp/src/bsp/mcu/all/bsp_guard.o
LOAD ./ra/fsp/src/bsp/mcu/all/bsp_io.o
LOAD ./ra/fsp/src/bsp/mcu/all/bsp_irq.o
LOAD ./ra/fsp/src/bsp/mcu/all/bsp_macl.o
LOAD ./ra/fsp/src/bsp/mcu/all/bsp_register_protection.o
LOAD ./ra/fsp/src/bsp/mcu/all/bsp_rom_registers.o
LOAD ./ra/fsp/src/bsp/mcu/all/bsp_sbrk.o
LOAD ./ra/fsp/src/bsp/mcu/all/bsp_security.o
LOAD ./ra/fsp/src/bsp/cmsis/Device/RENESAS/Source/startup.o
LOAD ./ra/fsp/src/bsp/cmsis/Device/RENESAS/Source/system.o
LOAD ./ra/board/ra8d1_ek/board_init.o
LOAD ./ra/board/ra8d1_ek/board_leds.o
LOAD ./ra/board/ra8d1_ek/board_sdram.o
END GROUP
START GROUP
LOAD C:/Program Files (x86)/Arm GNU Toolchain arm-none-eabi/13.2 Rel1/bin/../lib/gcc/arm-none-eabi/13.2.1/thumb/v8-m.main+dp/hard\libgcc.a
LOAD C:/Program Files (x86)/Arm GNU Toolchain arm-none-eabi/13.2 Rel1/bin/../lib/gcc/arm-none-eabi/13.2.1/thumb/v8-m.main+dp/hard\libg_nano.a
LOAD C:/Program Files (x86)/Arm GNU Toolchain arm-none-eabi/13.2 Rel1/bin/../lib/gcc/arm-none-eabi/13.2.1/thumb/v8-m.main+dp/hard\libc_nano.a
END GROUP
START GROUP
LOAD C:/Program Files (x86)/Arm GNU Toolchain arm-none-eabi/13.2 Rel1/bin/../lib/gcc/arm-none-eabi/13.2.1/thumb/v8-m.main+dp/hard\libgcc.a
LOAD C:/Program Files (x86)/Arm GNU Toolchain arm-none-eabi/13.2 Rel1/bin/../lib/gcc/arm-none-eabi/13.2.1/thumb/v8-m.main+dp/hard\libc_nano.a
END GROUP
LOAD C:/Program Files (x86)/Arm GNU Toolchain arm-none-eabi/13.2 Rel1/bin/../lib/gcc/arm-none-eabi/13.2.1/thumb/v8-m.main+dp/hard/crtend.o
LOAD C:/Program Files (x86)/Arm GNU Toolchain arm-none-eabi/13.2 Rel1/bin/../lib/gcc/arm-none-eabi/13.2.1/thumb/v8-m.main+dp/hard/crtn.o
                0x22000000                        RAM_START = 0x22000000
                0x000e0000                        RAM_LENGTH = 0xe0000
                0x02000000                        FLASH_START = 0x2000000
                0x001f8000                        FLASH_LENGTH = 0x1f8000
                0x27000000                        DATA_FLASH_START = 0x27000000
                0x00003000                        DATA_FLASH_LENGTH = 0x3000
                0x0300a100                        OPTION_SETTING_START = 0x300a100
                0x00000100                        OPTION_SETTING_LENGTH = 0x100
                0x0300a200                        OPTION_SETTING_S_START = 0x300a200
                0x00000100                        OPTION_SETTING_S_LENGTH = 0x100
                0x27030080                        OPTION_SETTING_DATA_FLASH_S_START = 0x27030080
                0x00000800                        OPTION_SETTING_DATA_FLASH_S_LENGTH = 0x800
                0x00000000                        ID_CODE_START = 0x0
                0x00000000                        ID_CODE_LENGTH = 0x0
                0x68000000                        SDRAM_START = 0x68000000
                0x08000000                        SDRAM_LENGTH = 0x8000000
                0x60000000                        QSPI_FLASH_START = 0x60000000
                0x00000000                        QSPI_FLASH_LENGTH = 0x0
                0x80000000                        OSPI_DEVICE_0_START = 0x80000000
                0x10000000                        OSPI_DEVICE_0_LENGTH = 0x10000000
                0x90000000                        OSPI_DEVICE_1_START = 0x90000000
                0x10000000                        OSPI_DEVICE_1_LENGTH = 0x10000000
                0x00000000                        ITCM_START = 0x0
                0x00010000                        ITCM_LENGTH = 0x10000
                0x20000000                        DTCM_START = 0x20000000
                0x00010000                        DTCM_LENGTH = 0x10000
                0x10000000                        NS_OFFSET_START = 0x10000000
                0x00000000                        NS_OFFSET_LENGTH = 0x0
                0x00000000                        QSPI_FLASH_PRV_LENGTH = DEFINED (QSPI_FLASH_SIZE)?ABSOLUTE (QSPI_FLASH_SIZE):ABSOLUTE (QSPI_FLASH_LENGTH)
                0x10000000                        OSPI_DEVICE_0_PRV_LENGTH = DEFINED (OSPI_DEVICE_0_SIZE)?ABSOLUTE (OSPI_DEVICE_0_SIZE):ABSOLUTE (OSPI_DEVICE_0_LENGTH)
                0x10000000                        OSPI_DEVICE_1_PRV_LENGTH = DEFINED (OSPI_DEVICE_1_SIZE)?ABSOLUTE (OSPI_DEVICE_1_SIZE):ABSOLUTE (OSPI_DEVICE_1_LENGTH)
                0x00000000                        __RESERVE_NS_RAM = ((! (DEFINED (PROJECT_NONSECURE)) && DEFINED (RAM_NS_BUFFER_LENGTH)) && (OPTION_SETTING_S_LENGTH != 0x0))
                0x00000000                        ITCM_START = DEFINED (ITCM_START)?ITCM_START:0x0
                0x00010000                        ITCM_LENGTH = DEFINED (ITCM_LENGTH)?ITCM_LENGTH:0x0
                0x20000000                        DTCM_START = DEFINED (DTCM_START)?DTCM_START:0x0
                0x00010000                        DTCM_LENGTH = DEFINED (DTCM_LENGTH)?DTCM_LENGTH:0x0
                0x00000000                        RAM_NS_BUFFER_BLOCK_LENGTH = DEFINED (RAM_NS_BUFFER_LENGTH)?ALIGN (RAM_NS_BUFFER_LENGTH, 0x2000):0x0
                0x00000000                        RAM_NS_BUFFER_LENGTH = DEFINED (RAM_NS_BUFFER_LENGTH)?RAM_NS_BUFFER_LENGTH:0x0
                0x220e0000                        RAM_NS_BUFFER_START = ((RAM_START + RAM_LENGTH) - RAM_NS_BUFFER_LENGTH)
                0x220e0000                        RAM_NS_BUFFER_BLOCK_START = ((RAM_START + RAM_LENGTH) - RAM_NS_BUFFER_BLOCK_LENGTH)
                0x0300a180                        OPTION_SETTING_START_NS = DEFINED (PROJECT_NONSECURE)?OPTION_SETTING_START:(OPTION_SETTING_START + 0x80)
                0x27030080                        OPTION_SETTING_DATA_FLASH_S_START = DEFINED (OPTION_SETTING_DATA_FLASH_S_START)?OPTION_SETTING_DATA_FLASH_S_START:0x0
                0x00000800                        OPTION_SETTING_DATA_FLASH_S_LENGTH = DEFINED (OPTION_SETTING_DATA_FLASH_S_LENGTH)?OPTION_SETTING_DATA_FLASH_S_LENGTH:0x0
                0x00000001                        __bl_FSP_BOOTABLE_IMAGE = 0x1
                0x00000001                        __bln_FSP_BOOTABLE_IMAGE = 0x1
                0x00000001                        PROJECT_SECURE_OR_FLAT = (((! (DEFINED (PROJECT_NONSECURE)) || DEFINED (PROJECT_SECURE)) && OPTION_SETTING_LENGTH) && ! (DEFINED (FSP_BOOTABLE_IMAGE)))
                0x00000000                        USE_OPTION_SETTING_NS = (DEFINED (PROJECT_NONSECURE) && ! (DEFINED (FSP_BOOTABLE_IMAGE)))
                0x00000001                        USE_OPTION_SETTING_DATA_FLASH = (PROJECT_SECURE_OR_FLAT && (OPTION_SETTING_DATA_FLASH_S_LENGTH != 0x0))
                0x00000000                        __bl_FLASH_IMAGE_START = ! (DEFINED (FLASH_BOOTLOADER_LENGTH))?0x0:(FLASH_APPLICATION_IMAGE_NUMBER == 0x1)?((FLASH_START + FLASH_BOOTLOADER_LENGTH) + FLASH_BOOTLOADER_HEADER_LENGTH):DEFINED (BOOTLOADER_SECONDARY_USE_QSPI)?(((FLASH_START + FLASH_BOOTLOADER_LENGTH) + FLASH_BOOTLOADER_SCRATCH_LENGTH) + FLASH_BOOTLOADER_HEADER_LENGTH):((((FLASH_START + FLASH_BOOTLOADER_LENGTH) + FLASH_BOOTLOADER_SCRATCH_LENGTH) + FLASH_APPLICATION_S_LENGTH) + FLASH_BOOTLOADER_HEADER_LENGTH)
                0x00000000                        __bl_FLASH_IMAGE_LENGTH = ! (DEFINED (FLASH_BOOTLOADER_LENGTH))?0x0:(FLASH_APPLICATION_S_LENGTH - FLASH_BOOTLOADER_HEADER_LENGTH)
                0x00000000                        __bl_FLASH_IMAGE_END = (__bl_FLASH_IMAGE_START + __bl_FLASH_IMAGE_LENGTH)
                0x00000000                        __bl_XIP_SECONDARY_FLASH_IMAGE_START = ! (DEFINED (FLASH_BOOTLOADER_LENGTH))?0x0:((FLASH_BOOTLOADER_LENGTH + FLASH_APPLICATION_S_LENGTH) + FLASH_BOOTLOADER_HEADER_LENGTH)
                0x00000000                        __bl_XIP_SECONDARY_FLASH_IMAGE_END = (__bl_XIP_SECONDARY_FLASH_IMAGE_START + __bl_FLASH_IMAGE_LENGTH)
                0x00000000                        __bl_FLASH_NS_START = ! (DEFINED (FLASH_BOOTLOADER_LENGTH))?0x0:(FLASH_APPLICATION_NS_LENGTH == 0x0)?__bl_FLASH_IMAGE_END:((__bl_FLASH_IMAGE_START - FLASH_BOOTLOADER_HEADER_LENGTH) + FLASH_APPLICATION_S_LENGTH)
                0x00000000                        __bl_FLASH_NSC_START = ! (DEFINED (FLASH_BOOTLOADER_LENGTH))?0x0:(FLASH_APPLICATION_NS_LENGTH == 0x0)?__bl_FLASH_IMAGE_END:(__bl_FLASH_IMAGE_END - FLASH_APPLICATION_NSC_LENGTH)
                0x00000000                        __bl_RAM_NS_START = ! (DEFINED (FLASH_BOOTLOADER_LENGTH))?0x0:(FLASH_APPLICATION_NS_LENGTH == 0x0)?(RAM_START + RAM_LENGTH):((RAM_START + RAM_LENGTH) - RAM_APPLICATION_NS_LENGTH)
                0x00000000                        __bl_RAM_NSC_START = ! (DEFINED (FLASH_BOOTLOADER_LENGTH))?0x0:(FLASH_APPLICATION_NS_LENGTH == 0x0)?(RAM_START + RAM_LENGTH):(__bl_RAM_NS_START - RAM_APPLICATION_NSC_LENGTH)
                0x00000000                        __bl_FLASH_NS_IMAGE_START = ! (DEFINED (FLASH_BOOTLOADER_LENGTH))?0x0:(FLASH_APPLICATION_NS_LENGTH == 0x0)?__bl_FLASH_IMAGE_END:(__bl_FLASH_NS_START + FLASH_BOOTLOADER_HEADER_LENGTH_2)
                0x10000000                        __bln_FLASH_IMAGE_START = (__bl_FLASH_NS_IMAGE_START | ! (DEFINED (NS_OFFSET_START))?0x0:NS_OFFSET_START)
                0x00000000                        __bln_FLASH_IMAGE_LENGTH = ! (DEFINED (FLASH_BOOTLOADER_LENGTH))?0x0:(FLASH_APPLICATION_NS_LENGTH == 0x0)?__bl_FLASH_IMAGE_END:(FLASH_APPLICATION_NS_LENGTH - FLASH_BOOTLOADER_HEADER_LENGTH_2)
                0x00000000                        XIP_SECONDARY_SLOT_IMAGE = DEFINED (XIP_SECONDARY_SLOT_IMAGE)?XIP_SECONDARY_SLOT_IMAGE:0x0
                0x02000000                        FLASH_ORIGIN = ! (DEFINED (FLASH_IMAGE_START))?FLASH_START:(XIP_SECONDARY_SLOT_IMAGE == 0x1)?XIP_SECONDARY_FLASH_IMAGE_START:FLASH_IMAGE_START
                0x001f8000                        LIMITED_FLASH_LENGTH = DEFINED (FLASH_IMAGE_LENGTH)?FLASH_IMAGE_LENGTH:DEFINED (FLASH_BOOTLOADER_LENGTH)?FLASH_BOOTLOADER_LENGTH:FLASH_LENGTH
                0x00000034                        OPTION_SETTING_SAS_SIZE = 0x34
                0x000000cc                        OPTION_SETTING_SAS_LENGTH = ! (DEFINED (OPTION_SETTING_LENGTH))?0x0:(OPTION_SETTING_LENGTH == 0x0)?0x0:(OPTION_SETTING_LENGTH - OPTION_SETTING_SAS_SIZE)
START GROUP
LOAD C:/Program Files (x86)/Arm GNU Toolchain arm-none-eabi/13.2 Rel1/bin/../lib/gcc/arm-none-eabi/13.2.1/thumb/v8-m.main+dp/hard\libgcc.a
LOAD C:/Program Files (x86)/Arm GNU Toolchain arm-none-eabi/13.2 Rel1/bin/../lib/gcc/arm-none-eabi/13.2.1/thumb/v8-m.main+dp/hard\libc.a
LOAD C:/Program Files (x86)/Arm GNU Toolchain arm-none-eabi/13.2 Rel1/bin/../lib/gcc/arm-none-eabi/13.2.1/thumb/v8-m.main+dp/hard\libm.a
END GROUP

.text           0x02000000    0xd0020
                0x02000000                        __tz_FLASH_S = ABSOLUTE (FLASH_START)
                0x02000000                        __ROM_Start = .
 *(.fixed_vectors*)
 .fixed_vectors
                0x02000000       0x40 ./ra/fsp/src/bsp/cmsis/Device/RENESAS/Source/startup.o
                0x02000000                __Vectors
 *(.application_vectors*)
 .application_vectors
                0x02000040      0x180 ./ra_gen/vector_data.o
                0x02000040                g_vector_table
                0x020001c0                        __Vectors_End = .
 *(.flash_gap*)
                0x020001c0                        . = (OPTION_SETTING_LENGTH > 0x0)?.:(__ROM_Start + 0x400)
 *(.rom_registers*)
 *(.mcuboot_sce9_key*)
 *(.text*)
 .text.deregister_tm_clones
                0x020001c0       0x1c C:/Program Files (x86)/Arm GNU Toolchain arm-none-eabi/13.2 Rel1/bin/../lib/gcc/arm-none-eabi/13.2.1/thumb/v8-m.main+dp/hard/crtbegin.o
 .text.register_tm_clones
                0x020001dc       0x28 C:/Program Files (x86)/Arm GNU Toolchain arm-none-eabi/13.2 Rel1/bin/../lib/gcc/arm-none-eabi/13.2.1/thumb/v8-m.main+dp/hard/crtbegin.o
 .text.__do_global_dtors_aux
                0x02000204       0x28 C:/Program Files (x86)/Arm GNU Toolchain arm-none-eabi/13.2 Rel1/bin/../lib/gcc/arm-none-eabi/13.2.1/thumb/v8-m.main+dp/hard/crtbegin.o
 .text.frame_dummy
                0x0200022c       0x24 C:/Program Files (x86)/Arm GNU Toolchain arm-none-eabi/13.2 Rel1/bin/../lib/gcc/arm-none-eabi/13.2.1/thumb/v8-m.main+dp/hard/crtbegin.o
 .text.code_timer_callback
                0x02000250       0x10 ./src/test_core/test_core.o
                0x02000250                code_timer_callback
 .text.draw_core_init
                0x02000260       0x98 ./src/draw_core/draw_core.o
                0x02000260                draw_core_init
 .text.glcdc_callback
                0x020002f8       0x20 ./src/draw_core/draw_core.o
                0x020002f8                glcdc_callback
 .text.mipi_dsi_callback
                0x02000318       0x1c ./src/draw_core/draw_core.o
                0x02000318                mipi_dsi_callback
 .text.SCI_write
                0x02000334       0x58 ./src/SCI_debug_print/SCI_debug_print.o
                0x02000334                SCI_write
 .text.Printf   0x0200038c       0x18 ./src/SCI_debug_print/SCI_debug_print.o
                0x0200038c                Printf
 .text.printf_uart_callback
                0x020003a4       0x5c ./src/SCI_debug_print/SCI_debug_print.o
                0x020003a4                printf_uart_callback
 .text.hal_entry
                0x02000400      0x534 ./src/hal_entry.o
                0x02000400                hal_entry
 .text.R_BSP_WarmStart
                0x02000934       0x18 ./src/hal_entry.o
                0x02000934                R_BSP_WarmStart
 .text.sample_timer_cb
                0x0200094c        0x4 ./src/hal_entry.o
                0x0200094c                sample_timer_cb
 .text.aux_timer_cb
                0x02000950       0x10 ./src/hal_entry.o
                0x02000950                aux_timer_cb
 .text.startup.main
                0x02000960        0xc ./ra_gen/main.o
                0x02000960                main
 *fill*         0x0200096c        0x4 ff
 .text.d2_newcontext
                0x02000970      0x168 ./ra/tes/dave2d/src/dave_context.o
                0x02000970                d2_newcontext
 .text.d2_setalpha
                0x02000ad8       0x40 ./ra/tes/dave2d/src/dave_context.o
                0x02000ad8                d2_setalpha
 .text.d2_setalphamode
                0x02000b18       0x44 ./ra/tes/dave2d/src/dave_context.o
                0x02000b18                d2_setalphamode
 .text.d2_setblendmode
                0x02000b5c       0x84 ./ra/tes/dave2d/src/dave_context.o
                0x02000b5c                d2_setblendmode
 .text.d2_alloc_dlistblock_intern
                0x02000be0       0x84 ./ra/tes/dave2d/src/dave_dlist.o
                0x02000be0                d2_alloc_dlistblock_intern
 .text.d2_growdlist_intern
                0x02000c64       0x34 ./ra/tes/dave2d/src/dave_dlist.o
                0x02000c64                d2_growdlist_intern
 .text.d2_nextdlistblock_intern
                0x02000c98      0x26c ./ra/tes/dave2d/src/dave_dlist.o
                0x02000c98                d2_nextdlistblock_intern
 .text.d2_scratch2dlist_intern
                0x02000f04      0x1f8 ./ra/tes/dave2d/src/dave_dlist.o
                0x02000f04                d2_scratch2dlist_intern
 .text.d2_add_dlistlist_intern
                0x020010fc       0x5c ./ra/tes/dave2d/src/dave_dlist.o
                0x020010fc                d2_add_dlistlist_intern
 .text.d2_initdlist_intern
                0x02001158      0x110 ./ra/tes/dave2d/src/dave_dlist.o
                0x02001158                d2_initdlist_intern
 .text.d2_opendevice
                0x02001268       0xcc ./ra/tes/dave2d/src/dave_driver.o
                0x02001268                d2_opendevice
 .text.d2_inithw
                0x02001334       0xdc ./ra/tes/dave2d/src/dave_driver.o
                0x02001334                d2_inithw
 .text.d2_level1interface
                0x02001410        0x4 ./ra/tes/dave2d/src/dave_driver.o
                0x02001410                d2_level1interface
 .text.d2_initgradient_intern
                0x02001414       0x10 ./ra/tes/dave2d/src/dave_gradient.o
                0x02001414                d2_initgradient_intern
 .text.d2hw_acquire
                0x02001424       0x4c ./ra/tes/dave2d/src/dave_hardware.o
                0x02001424                d2hw_acquire
 .text.d2_getmem_p
                0x02001470        0x4 ./ra/tes/dave2d/src/dave_memory.o
                0x02001470                d2_getmem_p
 .text.d2_freemem_p
                0x02001474        0x4 ./ra/tes/dave2d/src/dave_memory.o
                0x02001474                d2_freemem_p
 .text.d2_reallocmem_p
                0x02001478       0x74 ./ra/tes/dave2d/src/dave_memory.o
                0x02001478                d2_reallocmem_p
 .text.d2_getmem_d
                0x020014ec       0x44 ./ra/tes/dave2d/src/dave_memory.o
                0x020014ec                d2_getmem_d
 .text.d2_newrenderbuffer
                0x02001530       0x78 ./ra/tes/dave2d/src/dave_rbuffer.o
                0x02001530                d2_newrenderbuffer
 .text.d2_setuptextureblend_intern
                0x020015a8      0x1f4 ./ra/tes/dave2d/src/dave_texture.o
                0x020015a8                d2_setuptextureblend_intern
 .text.r_sci_b_irq_cfg
                0x0200179c       0x70 ./ra/fsp/src/r_sci_b_uart/r_sci_b_uart.o
 .text.r_sci_b_uart_call_callback
                0x0200180c       0x44 ./ra/fsp/src/r_sci_b_uart/r_sci_b_uart.o
 .text.R_SCI_B_UART_Write
                0x02001850       0x78 ./ra/fsp/src/r_sci_b_uart/r_sci_b_uart.o
                0x02001850                R_SCI_B_UART_Write
 .text.R_SCI_B_UART_Open
                0x020018c8      0x304 ./ra/fsp/src/r_sci_b_uart/r_sci_b_uart.o
                0x020018c8                R_SCI_B_UART_Open
 .text.sci_b_uart_txi_isr
                0x02001bcc       0x90 ./ra/fsp/src/r_sci_b_uart/r_sci_b_uart.o
                0x02001bcc                sci_b_uart_txi_isr
 .text.sci_b_uart_rxi_isr
                0x02001c5c       0x90 ./ra/fsp/src/r_sci_b_uart/r_sci_b_uart.o
                0x02001c5c                sci_b_uart_rxi_isr
 .text.sci_b_uart_tei_isr
                0x02001cec       0x4c ./ra/fsp/src/r_sci_b_uart/r_sci_b_uart.o
                0x02001cec                sci_b_uart_tei_isr
 .text.sci_b_uart_eri_isr
                0x02001d38       0x84 ./ra/fsp/src/r_sci_b_uart/r_sci_b_uart.o
                0x02001d38                sci_b_uart_eri_isr
 .text.r_mipi_phy_close
                0x02001dbc       0x28 ./ra/fsp/src/r_mipi_phy/r_mipi_phy.o
                0x02001dbc                r_mipi_phy_close
 .text.r_mipi_phy_open
                0x02001de4       0xec ./ra/fsp/src/r_mipi_phy/r_mipi_phy.o
                0x02001de4                r_mipi_phy_open
 .text.dsi_call_callback
                0x02001ed0       0x3c ./ra/fsp/src/r_mipi_dsi/r_mipi_dsi.o
 .text.R_MIPI_DSI_UlpsEnter
                0x02001f0c       0x98 ./ra/fsp/src/r_mipi_dsi/r_mipi_dsi.o
                0x02001f0c                R_MIPI_DSI_UlpsEnter
 .text.R_MIPI_DSI_UlpsExit
                0x02001fa4       0x64 ./ra/fsp/src/r_mipi_dsi/r_mipi_dsi.o
                0x02001fa4                R_MIPI_DSI_UlpsExit
 .text.R_MIPI_DSI_StatusGet
                0x02002008       0x3c ./ra/fsp/src/r_mipi_dsi/r_mipi_dsi.o
                0x02002008                R_MIPI_DSI_StatusGet
 .text.R_MIPI_DSI_Start
                0x02002044       0x8c ./ra/fsp/src/r_mipi_dsi/r_mipi_dsi.o
                0x02002044                R_MIPI_DSI_Start
 .text.R_MIPI_DSI_Command
                0x020020d0      0x1ac ./ra/fsp/src/r_mipi_dsi/r_mipi_dsi.o
                0x020020d0                R_MIPI_DSI_Command
 .text.R_MIPI_DSI_Stop
                0x0200227c       0x60 ./ra/fsp/src/r_mipi_dsi/r_mipi_dsi.o
                0x0200227c                R_MIPI_DSI_Stop
 .text.R_MIPI_DSI_Open
                0x020022dc      0x57c ./ra/fsp/src/r_mipi_dsi/r_mipi_dsi.o
                0x020022dc                R_MIPI_DSI_Open
 .text.R_MIPI_DSI_Close
                0x02002858      0x1cc ./ra/fsp/src/r_mipi_dsi/r_mipi_dsi.o
                0x02002858                R_MIPI_DSI_Close
 .text.mipi_dsi_seq0
                0x02002a24       0x54 ./ra/fsp/src/r_mipi_dsi/r_mipi_dsi.o
                0x02002a24                mipi_dsi_seq0
 .text.mipi_dsi_seq1
                0x02002a78       0x54 ./ra/fsp/src/r_mipi_dsi/r_mipi_dsi.o
                0x02002a78                mipi_dsi_seq1
 .text.mipi_dsi_vin1
                0x02002acc       0xe4 ./ra/fsp/src/r_mipi_dsi/r_mipi_dsi.o
                0x02002acc                mipi_dsi_vin1
 .text.mipi_dsi_rcv
                0x02002bb0       0x64 ./ra/fsp/src/r_mipi_dsi/r_mipi_dsi.o
                0x02002bb0                mipi_dsi_rcv
 .text.mipi_dsi_ferr
                0x02002c14       0x54 ./ra/fsp/src/r_mipi_dsi/r_mipi_dsi.o
                0x02002c14                mipi_dsi_ferr
 .text.mipi_dsi_ppi
                0x02002c68       0x78 ./ra/fsp/src/r_mipi_dsi/r_mipi_dsi.o
                0x02002c68                mipi_dsi_ppi
 .text.R_IOPORT_Close
                0x02002ce0       0x20 ./ra/fsp/src/r_ioport/r_ioport.o
                0x02002ce0                R_IOPORT_Close
 .text.bsp_vbatt_init
                0x02002d00       0xec ./ra/fsp/src/r_ioport/r_ioport.o
 .text.R_IOPORT_PinRead
                0x02002dec       0x34 ./ra/fsp/src/r_ioport/r_ioport.o
                0x02002dec                R_IOPORT_PinRead
 .text.R_IOPORT_PortRead
                0x02002e20       0x2c ./ra/fsp/src/r_ioport/r_ioport.o
                0x02002e20                R_IOPORT_PortRead
 .text.R_IOPORT_PortWrite
                0x02002e4c       0x48 ./ra/fsp/src/r_ioport/r_ioport.o
                0x02002e4c                R_IOPORT_PortWrite
 .text.R_IOPORT_PinWrite
                0x02002e94       0x48 ./ra/fsp/src/r_ioport/r_ioport.o
                0x02002e94                R_IOPORT_PinWrite
 .text.R_IOPORT_PortDirectionSet
                0x02002edc       0x4c ./ra/fsp/src/r_ioport/r_ioport.o
                0x02002edc                R_IOPORT_PortDirectionSet
 .text.R_IOPORT_PortEventInputRead
                0x02002f28       0x40 ./ra/fsp/src/r_ioport/r_ioport.o
                0x02002f28                R_IOPORT_PortEventInputRead
 .text.R_IOPORT_PinEventInputRead
                0x02002f68       0x60 ./ra/fsp/src/r_ioport/r_ioport.o
                0x02002f68                R_IOPORT_PinEventInputRead
 .text.R_IOPORT_PortEventOutputWrite
                0x02002fc8       0x50 ./ra/fsp/src/r_ioport/r_ioport.o
                0x02002fc8                R_IOPORT_PortEventOutputWrite
 .text.R_IOPORT_PinEventOutputWrite
                0x02003018       0x60 ./ra/fsp/src/r_ioport/r_ioport.o
                0x02003018                R_IOPORT_PinEventOutputWrite
 .text.R_IOPORT_PinCfg
                0x02003078       0xc0 ./ra/fsp/src/r_ioport/r_ioport.o
                0x02003078                R_IOPORT_PinCfg
 .text.r_ioport_pins_config
                0x02003138       0xb4 ./ra/fsp/src/r_ioport/r_ioport.o
 .text.R_IOPORT_Open
                0x020031ec       0x38 ./ra/fsp/src/r_ioport/r_ioport.o
                0x020031ec                R_IOPORT_Open
 .text.R_IOPORT_PinsCfg
                0x02003224       0x2c ./ra/fsp/src/r_ioport/r_ioport.o
                0x02003224                R_IOPORT_PinsCfg
 .text.R_GPT_Stop
                0x02003250       0x20 ./ra/fsp/src/r_gpt/r_gpt.o
                0x02003250                R_GPT_Stop
 .text.R_GPT_Start
                0x02003270       0x20 ./ra/fsp/src/r_gpt/r_gpt.o
                0x02003270                R_GPT_Start
 .text.R_GPT_Reset
                0x02003290       0x20 ./ra/fsp/src/r_gpt/r_gpt.o
                0x02003290                R_GPT_Reset
 .text.r_gpt_call_callback
                0x020032b0       0x3c ./ra/fsp/src/r_gpt/r_gpt.o
 .text.R_GPT_Enable
                0x020032ec       0x48 ./ra/fsp/src/r_gpt/r_gpt.o
                0x020032ec                R_GPT_Enable
 .text.r_gpt_enable_irq
                0x02003334       0x60 ./ra/fsp/src/r_gpt/r_gpt.o
 .text.R_GPT_Open
                0x02003394      0x1ac ./ra/fsp/src/r_gpt/r_gpt.o
                0x02003394                R_GPT_Open
 .text.gpt_counter_overflow_isr
                0x02003540       0x90 ./ra/fsp/src/r_gpt/r_gpt.o
                0x02003540                gpt_counter_overflow_isr
 .text.R_GLCDC_ColorCorrection
                0x020035d0        0x4 ./ra/fsp/src/r_glcdc/r_glcdc.o
                0x020035d0                R_GLCDC_ColorCorrection
 .text.R_GLCDC_ColorKeySet
                0x020035d4       0x10 ./ra/fsp/src/r_glcdc/r_glcdc.o
                0x020035d4                R_GLCDC_ColorKeySet
 .text.R_GLCDC_ClutEdit
                0x020035e4       0x80 ./ra/fsp/src/r_glcdc/r_glcdc.o
                0x020035e4                R_GLCDC_ClutEdit
 .text.R_GLCDC_Start
                0x02003664       0x4c ./ra/fsp/src/r_glcdc/r_glcdc.o
                0x02003664                R_GLCDC_Start
 .text.R_GLCDC_BufferChange
                0x020036b0       0x7c ./ra/fsp/src/r_glcdc/r_glcdc.o
                0x020036b0                R_GLCDC_BufferChange
 .text.R_GLCDC_StatusGet
                0x0200372c       0x68 ./ra/fsp/src/r_glcdc/r_glcdc.o
                0x0200372c                R_GLCDC_StatusGet
 .text.r_glcdc_stop
                0x02003794       0x50 ./ra/fsp/src/r_glcdc/r_glcdc.o
 .text.R_GLCDC_Stop
                0x020037e4       0x14 ./ra/fsp/src/r_glcdc/r_glcdc.o
                0x020037e4                R_GLCDC_Stop
 .text.R_GLCDC_Close
                0x020037f8      0x108 ./ra/fsp/src/r_glcdc/r_glcdc.o
                0x020037f8                R_GLCDC_Close
 .text.R_GLCDC_ClutUpdate
                0x02003900       0x6c ./ra/fsp/src/r_glcdc/r_glcdc.o
                0x02003900                R_GLCDC_ClutUpdate
 .text.r_glcdc_graphics_layer_set
                0x0200396c      0x2d8 ./ra/fsp/src/r_glcdc/r_glcdc.o
 .text.R_GLCDC_LayerChange
                0x02003c44       0x54 ./ra/fsp/src/r_glcdc/r_glcdc.o
                0x02003c44                R_GLCDC_LayerChange
 .text.R_GLCDC_Open
                0x02003c98      0x528 ./ra/fsp/src/r_glcdc/r_glcdc.o
                0x02003c98                R_GLCDC_Open
 .text.glcdc_line_detect_isr
                0x020041c0       0x80 ./ra/fsp/src/r_glcdc/r_glcdc.o
                0x020041c0                glcdc_line_detect_isr
 .text.d1_opendevice
                0x02004240       0x64 ./ra/fsp/src/r_drw/r_drw_base.o
                0x02004240                d1_opendevice
 .text.d1_setregister
                0x020042a4       0x38 ./ra/fsp/src/r_drw/r_drw_base.o
                0x020042a4                d1_setregister
 .text.d1_getregister
                0x020042dc       0x1c ./ra/fsp/src/r_drw/r_drw_base.o
                0x020042dc                d1_getregister
 .text.d1_devicesupported
                0x020042f8       0x14 ./ra/fsp/src/r_drw/r_drw_base.o
                0x020042f8                d1_devicesupported
 .text.d1_initirq_intern
                0x0200430c       0x54 ./ra/fsp/src/r_drw/r_drw_irq.o
                0x0200430c                d1_initirq_intern
 .text.drw_int_isr
                0x02004360       0x68 ./ra/fsp/src/r_drw/r_drw_irq.o
                0x02004360                drw_int_isr
 .text.d1_allocmem
                0x020043c8        0x4 ./ra/fsp/src/r_drw/r_drw_memory.o
                0x020043c8                d1_allocmem
 .text.d1_freemem
                0x020043cc        0x4 ./ra/fsp/src/r_drw/r_drw_memory.o
                0x020043cc                d1_freemem
 .text.d1_memsize
                0x020043d0        0x4 ./ra/fsp/src/r_drw/r_drw_memory.o
                0x020043d0                d1_memsize
 .text.d1_allocvidmem
                0x020043d4        0x8 ./ra/fsp/src/r_drw/r_drw_memory.o
                0x020043d4                d1_allocvidmem
 .text.d1_queryarchitecture
                0x020043dc        0x4 ./ra/fsp/src/r_drw/r_drw_memory.o
                0x020043dc                d1_queryarchitecture
 .text.d1_maptovidmem
                0x020043e0        0x4 ./ra/fsp/src/r_drw/r_drw_memory.o
                0x020043e0                d1_maptovidmem
 .text.d1_mapfromvidmem
                0x020043e4        0x4 ./ra/fsp/src/r_drw/r_drw_memory.o
                0x020043e4                d1_mapfromvidmem
 .text.d1_copytovidmem
                0x020043e8       0x10 ./ra/fsp/src/r_drw/r_drw_memory.o
                0x020043e8                d1_copytovidmem
 .text.SystemCoreClockUpdate
                0x020043f8       0x64 ./ra/fsp/src/bsp/mcu/all/bsp_clocks.o
                0x020043f8                SystemCoreClockUpdate
 .text.R_BSP_SubClockStabilizeWaitAfterReset
                0x0200445c        0x4 ./ra/fsp/src/bsp/mcu/all/bsp_clocks.o
                0x0200445c                R_BSP_SubClockStabilizeWaitAfterReset
 .text.bsp_clock_init
                0x02004460      0x1e4 ./ra/fsp/src/bsp/mcu/all/bsp_clocks.o
                0x02004460                bsp_clock_init
 .text.R_BSP_Init_RTC
                0x02004644       0xb0 ./ra/fsp/src/bsp/mcu/all/bsp_clocks.o
                0x02004644                R_BSP_Init_RTC
 .text.__assert_func
                0x020046f4        0x4 ./ra/fsp/src/bsp/mcu/all/bsp_common.o
                0x020046f4                __assert_func
 .text.bsp_prv_software_delay_loop
                0x020046f8        0xc ./ra/fsp/src/bsp/mcu/all/bsp_delay.o
                0x020046f8                bsp_prv_software_delay_loop
 .text.R_BSP_SoftwareDelay
                0x02004704       0x54 ./ra/fsp/src/bsp/mcu/all/bsp_delay.o
                0x02004704                R_BSP_SoftwareDelay
 .text.NMI_Handler
                0x02004758       0x44 ./ra/fsp/src/bsp/mcu/all/bsp_group_irq.o
                0x02004758                NMI_Handler
 .text.bsp_irq_cfg
                0x0200479c       0x2c ./ra/fsp/src/bsp/mcu/all/bsp_irq.o
                0x0200479c                bsp_irq_cfg
 .text.R_BSP_RegisterProtectEnable
                0x020047c8       0x60 ./ra/fsp/src/bsp/mcu/all/bsp_register_protection.o
                0x020047c8                R_BSP_RegisterProtectEnable
 .text.R_BSP_RegisterProtectDisable
                0x02004828       0x54 ./ra/fsp/src/bsp/mcu/all/bsp_register_protection.o
                0x02004828                R_BSP_RegisterProtectDisable
 .text._sbrk    0x0200487c       0x40 ./ra/fsp/src/bsp/mcu/all/bsp_sbrk.o
                0x0200487c                _sbrk
 .text.Default_Handler
                0x020048bc        0x4 ./ra/fsp/src/bsp/cmsis/Device/RENESAS/Source/startup.o
                0x020048bc                DebugMon_Handler
                0x020048bc                HardFault_Handler
                0x020048bc                SysTick_Handler
                0x020048bc                PendSV_Handler
                0x020048bc                UsageFault_Handler
                0x020048bc                SecureFault_Handler
                0x020048bc                Default_Handler
                0x020048bc                MemManage_Handler
                0x020048bc                SVC_Handler
                0x020048bc                BusFault_Handler
 .text.Reset_Handler
                0x020048c0        0xc ./ra/fsp/src/bsp/cmsis/Device/RENESAS/Source/startup.o
                0x020048c0                Reset_Handler
 *fill*         0x020048cc        0x4 ff
 .text.SystemInit
                0x020048d0      0x1f0 ./ra/fsp/src/bsp/cmsis/Device/RENESAS/Source/system.o
                0x020048d0                SystemInit
 .text.bsp_init
                0x02004ac0        0x4 ./ra/board/ra8d1_ek/board_init.o
                0x02004ac0                bsp_init
 .text.bsp_sdram_init
                0x02004ac4      0x130 ./ra/board/ra8d1_ek/board_sdram.o
                0x02004ac4                bsp_sdram_init
 .text.malloc   0x02004bf4       0x10 C:/Program Files (x86)/Arm GNU Toolchain arm-none-eabi/13.2 Rel1/bin/../lib/gcc/arm-none-eabi/13.2.1/thumb/v8-m.main+dp/hard\libg_nano.a(libc_a-malloc.o)
                0x02004bf4                malloc
 .text.free     0x02004c04       0x10 C:/Program Files (x86)/Arm GNU Toolchain arm-none-eabi/13.2 Rel1/bin/../lib/gcc/arm-none-eabi/13.2.1/thumb/v8-m.main+dp/hard\libg_nano.a(libc_a-malloc.o)
                0x02004c04                free
 .text.sbrk_aligned
                0x02004c14       0x44 C:/Program Files (x86)/Arm GNU Toolchain arm-none-eabi/13.2 Rel1/bin/../lib/gcc/arm-none-eabi/13.2.1/thumb/v8-m.main+dp/hard\libg_nano.a(libc_a-mallocr.o)
 .text._malloc_r
                0x02004c58      0x100 C:/Program Files (x86)/Arm GNU Toolchain arm-none-eabi/13.2 Rel1/bin/../lib/gcc/arm-none-eabi/13.2.1/thumb/v8-m.main+dp/hard\libg_nano.a(libc_a-mallocr.o)
                0x02004c58                _malloc_r
 .text.__malloc_lock
                0x02004d58        0xc C:/Program Files (x86)/Arm GNU Toolchain arm-none-eabi/13.2 Rel1/bin/../lib/gcc/arm-none-eabi/13.2.1/thumb/v8-m.main+dp/hard\libg_nano.a(libc_a-mlock.o)
                0x02004d58                __malloc_lock
 .text.__malloc_unlock
                0x02004d64        0xc C:/Program Files (x86)/Arm GNU Toolchain arm-none-eabi/13.2 Rel1/bin/../lib/gcc/arm-none-eabi/13.2.1/thumb/v8-m.main+dp/hard\libg_nano.a(libc_a-mlock.o)
                0x02004d64                __malloc_unlock
 .text.__cvt    0x02004d70       0xa8 C:/Program Files (x86)/Arm GNU Toolchain arm-none-eabi/13.2 Rel1/bin/../lib/gcc/arm-none-eabi/13.2.1/thumb/v8-m.main+dp/hard\libg_nano.a(libc_a-nano-vfprintf_float.o)
                0x02004d70                __cvt
 .text.__exponent
                0x02004e18       0x72 C:/Program Files (x86)/Arm GNU Toolchain arm-none-eabi/13.2 Rel1/bin/../lib/gcc/arm-none-eabi/13.2.1/thumb/v8-m.main+dp/hard\libg_nano.a(libc_a-nano-vfprintf_float.o)
                0x02004e18                __exponent
 *fill*         0x02004e8a        0x6 ff
 .text._printf_float
                0x02004e90      0x434 C:/Program Files (x86)/Arm GNU Toolchain arm-none-eabi/13.2 Rel1/bin/../lib/gcc/arm-none-eabi/13.2.1/thumb/v8-m.main+dp/hard\libg_nano.a(libc_a-nano-vfprintf_float.o)
                0x02004e90                _printf_float
 .text._printf_common
                0x020052c4       0xe4 C:/Program Files (x86)/Arm GNU Toolchain arm-none-eabi/13.2 Rel1/bin/../lib/gcc/arm-none-eabi/13.2.1/thumb/v8-m.main+dp/hard\libg_nano.a(libc_a-nano-vfprintf_i.o)
                0x020052c4                _printf_common
 .text._printf_i
                0x020053a8      0x23c C:/Program Files (x86)/Arm GNU Toolchain arm-none-eabi/13.2 Rel1/bin/../lib/gcc/arm-none-eabi/13.2.1/thumb/v8-m.main+dp/hard\libg_nano.a(libc_a-nano-vfprintf_i.o)
                0x020053a8                _printf_i
 .text.sprintf  0x020055e4       0x40 C:/Program Files (x86)/Arm GNU Toolchain arm-none-eabi/13.2 Rel1/bin/../lib/gcc/arm-none-eabi/13.2.1/thumb/v8-m.main+dp/hard\libg_nano.a(libc_a-sprintf.o)
                0x020055e4                siprintf
                0x020055e4                sprintf
 .text.memset   0x02005624       0x10 C:/Program Files (x86)/Arm GNU Toolchain arm-none-eabi/13.2 Rel1/bin/../lib/gcc/arm-none-eabi/13.2.1/thumb/v8-m.main+dp/hard\libg_nano.a(libc_a-memset.o)
                0x02005624                memset
 .text._localeconv_r
                0x02005634        0x8 C:/Program Files (x86)/Arm GNU Toolchain arm-none-eabi/13.2 Rel1/bin/../lib/gcc/arm-none-eabi/13.2.1/thumb/v8-m.main+dp/hard\libg_nano.a(libc_a-localeconv.o)
                0x02005634                _localeconv_r
 .text._sbrk_r  0x0200563c       0x20 C:/Program Files (x86)/Arm GNU Toolchain arm-none-eabi/13.2 Rel1/bin/../lib/gcc/arm-none-eabi/13.2.1/thumb/v8-m.main+dp/hard\libg_nano.a(libc_a-sbrkr.o)
                0x0200563c                _sbrk_r
 .text.__errno  0x0200565c        0xc C:/Program Files (x86)/Arm GNU Toolchain arm-none-eabi/13.2 Rel1/bin/../lib/gcc/arm-none-eabi/13.2.1/thumb/v8-m.main+dp/hard\libg_nano.a(libc_a-errno.o)
                0x0200565c                __errno
 .text.__retarget_lock_acquire_recursive
                0x02005668        0x2 C:/Program Files (x86)/Arm GNU Toolchain arm-none-eabi/13.2 Rel1/bin/../lib/gcc/arm-none-eabi/13.2.1/thumb/v8-m.main+dp/hard\libg_nano.a(libc_a-lock.o)
                0x02005668                __retarget_lock_acquire_recursive
 .text.__retarget_lock_release_recursive
                0x0200566a        0x2 C:/Program Files (x86)/Arm GNU Toolchain arm-none-eabi/13.2 Rel1/bin/../lib/gcc/arm-none-eabi/13.2.1/thumb/v8-m.main+dp/hard\libg_nano.a(libc_a-lock.o)
                0x0200566a                __retarget_lock_release_recursive
 .text.memchr   0x0200566c       0x1c C:/Program Files (x86)/Arm GNU Toolchain arm-none-eabi/13.2 Rel1/bin/../lib/gcc/arm-none-eabi/13.2.1/thumb/v8-m.main+dp/hard\libg_nano.a(libc_a-memchr-stub.o)
                0x0200566c                memchr
 .text.memcpy   0x02005688       0x1a C:/Program Files (x86)/Arm GNU Toolchain arm-none-eabi/13.2 Rel1/bin/../lib/gcc/arm-none-eabi/13.2.1/thumb/v8-m.main+dp/hard\libg_nano.a(libc_a-memcpy-stub.o)
                0x02005688                memcpy
 .text          0x020056a2       0x10 C:/Program Files (x86)/Arm GNU Toolchain arm-none-eabi/13.2 Rel1/bin/../lib/gcc/arm-none-eabi/13.2.1/thumb/v8-m.main+dp/hard\libg_nano.a(libc_a-strlen.o)
                0x020056a2                strlen
 .text.quorem   0x020056b2      0x11a C:/Program Files (x86)/Arm GNU Toolchain arm-none-eabi/13.2 Rel1/bin/../lib/gcc/arm-none-eabi/13.2.1/thumb/v8-m.main+dp/hard\libg_nano.a(libc_a-dtoa.o)
 *fill*         0x020057cc        0x4 ff
 .text._dtoa_r  0x020057d0      0xa9c C:/Program Files (x86)/Arm GNU Toolchain arm-none-eabi/13.2 Rel1/bin/../lib/gcc/arm-none-eabi/13.2.1/thumb/v8-m.main+dp/hard\libg_nano.a(libc_a-dtoa.o)
                0x020057d0                _dtoa_r
 .text._free_r  0x0200626c       0x94 C:/Program Files (x86)/Arm GNU Toolchain arm-none-eabi/13.2 Rel1/bin/../lib/gcc/arm-none-eabi/13.2.1/thumb/v8-m.main+dp/hard\libg_nano.a(libc_a-freer.o)
                0x0200626c                _free_r
 .text._Balloc  0x02006300       0x80 C:/Program Files (x86)/Arm GNU Toolchain arm-none-eabi/13.2 Rel1/bin/../lib/gcc/arm-none-eabi/13.2.1/thumb/v8-m.main+dp/hard\libg_nano.a(libc_a-mprec.o)
                0x02006300                _Balloc
 .text._Bfree   0x02006380       0x44 C:/Program Files (x86)/Arm GNU Toolchain arm-none-eabi/13.2 Rel1/bin/../lib/gcc/arm-none-eabi/13.2.1/thumb/v8-m.main+dp/hard\libg_nano.a(libc_a-mprec.o)
                0x02006380                _Bfree
 .text.__multadd
                0x020063c4       0x90 C:/Program Files (x86)/Arm GNU Toolchain arm-none-eabi/13.2 Rel1/bin/../lib/gcc/arm-none-eabi/13.2.1/thumb/v8-m.main+dp/hard\libg_nano.a(libc_a-mprec.o)
                0x020063c4                __multadd
 .text.__hi0bits
                0x02006454       0x3e C:/Program Files (x86)/Arm GNU Toolchain arm-none-eabi/13.2 Rel1/bin/../lib/gcc/arm-none-eabi/13.2.1/thumb/v8-m.main+dp/hard\libg_nano.a(libc_a-mprec.o)
                0x02006454                __hi0bits
 .text.__lo0bits
                0x02006492       0x5a C:/Program Files (x86)/Arm GNU Toolchain arm-none-eabi/13.2 Rel1/bin/../lib/gcc/arm-none-eabi/13.2.1/thumb/v8-m.main+dp/hard\libg_nano.a(libc_a-mprec.o)
                0x02006492                __lo0bits
 .text.__i2b    0x020064ec       0x2c C:/Program Files (x86)/Arm GNU Toolchain arm-none-eabi/13.2 Rel1/bin/../lib/gcc/arm-none-eabi/13.2.1/thumb/v8-m.main+dp/hard\libg_nano.a(libc_a-mprec.o)
                0x020064ec                __i2b
 .text.__multiply
                0x02006518      0x148 C:/Program Files (x86)/Arm GNU Toolchain arm-none-eabi/13.2 Rel1/bin/../lib/gcc/arm-none-eabi/13.2.1/thumb/v8-m.main+dp/hard\libg_nano.a(libc_a-mprec.o)
                0x02006518                __multiply
 .text.__pow5mult
                0x02006660       0xb4 C:/Program Files (x86)/Arm GNU Toolchain arm-none-eabi/13.2 Rel1/bin/../lib/gcc/arm-none-eabi/13.2.1/thumb/v8-m.main+dp/hard\libg_nano.a(libc_a-mprec.o)
                0x02006660                __pow5mult
 .text.__lshift
                0x02006714       0xd8 C:/Program Files (x86)/Arm GNU Toolchain arm-none-eabi/13.2 Rel1/bin/../lib/gcc/arm-none-eabi/13.2.1/thumb/v8-m.main+dp/hard\libg_nano.a(libc_a-mprec.o)
                0x02006714                __lshift
 .text.__mcmp   0x020067ec       0x36 C:/Program Files (x86)/Arm GNU Toolchain arm-none-eabi/13.2 Rel1/bin/../lib/gcc/arm-none-eabi/13.2.1/thumb/v8-m.main+dp/hard\libg_nano.a(libc_a-mprec.o)
                0x020067ec                __mcmp
 *fill*         0x02006822        0x2 ff
 .text.__mdiff  0x02006824      0x130 C:/Program Files (x86)/Arm GNU Toolchain arm-none-eabi/13.2 Rel1/bin/../lib/gcc/arm-none-eabi/13.2.1/thumb/v8-m.main+dp/hard\libg_nano.a(libc_a-mprec.o)
                0x02006824                __mdiff
 .text.__d2b    0x02006954       0xb0 C:/Program Files (x86)/Arm GNU Toolchain arm-none-eabi/13.2 Rel1/bin/../lib/gcc/arm-none-eabi/13.2.1/thumb/v8-m.main+dp/hard\libg_nano.a(libc_a-mprec.o)
                0x02006954                __d2b
 .text.__ssputs_r
                0x02006a04       0xb6 C:/Program Files (x86)/Arm GNU Toolchain arm-none-eabi/13.2 Rel1/bin/../lib/gcc/arm-none-eabi/13.2.1/thumb/v8-m.main+dp/hard\libg_nano.a(libc_a-nano-svfprintf.o)
                0x02006a04                __ssputs_r
 *fill*         0x02006aba        0x2 ff
 .text._svfprintf_r
                0x02006abc      0x1f8 C:/Program Files (x86)/Arm GNU Toolchain arm-none-eabi/13.2 Rel1/bin/../lib/gcc/arm-none-eabi/13.2.1/thumb/v8-m.main+dp/hard\libg_nano.a(libc_a-nano-svfprintf.o)
                0x02006abc                _svfiprintf_r
                0x02006abc                _svfprintf_r
 .text.memmove  0x02006cb4       0x34 C:/Program Files (x86)/Arm GNU Toolchain arm-none-eabi/13.2 Rel1/bin/../lib/gcc/arm-none-eabi/13.2.1/thumb/v8-m.main+dp/hard\libg_nano.a(libc_a-memmove.o)
                0x02006cb4                memmove
 .text._calloc_r
                0x02006ce8       0x28 C:/Program Files (x86)/Arm GNU Toolchain arm-none-eabi/13.2 Rel1/bin/../lib/gcc/arm-none-eabi/13.2.1/thumb/v8-m.main+dp/hard\libg_nano.a(libc_a-callocr.o)
                0x02006ce8                _calloc_r
 .text.__ascii_mbtowc
                0x02006d10       0x24 C:/Program Files (x86)/Arm GNU Toolchain arm-none-eabi/13.2 Rel1/bin/../lib/gcc/arm-none-eabi/13.2.1/thumb/v8-m.main+dp/hard\libg_nano.a(libc_a-mbtowc_r.o)
                0x02006d10                __ascii_mbtowc
 .text._realloc_r
                0x02006d34       0x5c C:/Program Files (x86)/Arm GNU Toolchain arm-none-eabi/13.2 Rel1/bin/../lib/gcc/arm-none-eabi/13.2.1/thumb/v8-m.main+dp/hard\libg_nano.a(libc_a-reallocr.o)
                0x02006d34                _realloc_r
 .text.__ascii_wctomb
                0x02006d90       0x1a C:/Program Files (x86)/Arm GNU Toolchain arm-none-eabi/13.2 Rel1/bin/../lib/gcc/arm-none-eabi/13.2.1/thumb/v8-m.main+dp/hard\libg_nano.a(libc_a-wctomb_r.o)
                0x02006d90                __ascii_wctomb
 .text._malloc_usable_size_r
                0x02006daa       0x10 C:/Program Files (x86)/Arm GNU Toolchain arm-none-eabi/13.2 Rel1/bin/../lib/gcc/arm-none-eabi/13.2.1/thumb/v8-m.main+dp/hard\libg_nano.a(libc_a-msizer.o)
                0x02006daa                _malloc_usable_size_r
 *(.version)
 *fill*         0x02006dba        0x2 ff
 .version       0x02006dbc       0x50 ./ra/fsp/src/bsp/mcu/all/bsp_common.o
 *(.init)
 .init          0x02006e0c        0x4 C:/Program Files (x86)/Arm GNU Toolchain arm-none-eabi/13.2 Rel1/bin/../lib/gcc/arm-none-eabi/13.2.1/thumb/v8-m.main+dp/hard/crti.o
                0x02006e0c                _init
 .init          0x02006e10        0x8 C:/Program Files (x86)/Arm GNU Toolchain arm-none-eabi/13.2 Rel1/bin/../lib/gcc/arm-none-eabi/13.2.1/thumb/v8-m.main+dp/hard/crtn.o
 *(.fini)
 .fini          0x02006e18        0x4 C:/Program Files (x86)/Arm GNU Toolchain arm-none-eabi/13.2 Rel1/bin/../lib/gcc/arm-none-eabi/13.2.1/thumb/v8-m.main+dp/hard/crti.o
                0x02006e18                _fini
 .fini          0x02006e1c        0x8 C:/Program Files (x86)/Arm GNU Toolchain arm-none-eabi/13.2 Rel1/bin/../lib/gcc/arm-none-eabi/13.2.1/thumb/v8-m.main+dp/hard/crtn.o
 *fill*         0x02006e24        0x4 ff
 .fini.__stub   0x02006e28        0x8 linker stubs
 *crtbegin.o(.ctors)
 *crtbegin?.o(.ctors)
 *(EXCLUDE_FILE(*crtend.o *crtend?.o) .ctors)
 *(SORT_BY_NAME(.ctors.*))
 *(.ctors)
 *crtbegin.o(.dtors)
 *crtbegin?.o(.dtors)
 *(EXCLUDE_FILE(*crtend.o *crtend?.o) .dtors)
 *(SORT_BY_NAME(.dtors.*))
 *(.dtors)
 *(.rodata*)
 *fill*         0x02006e30        0x0 ff
 .rodata.flash_frame
                0x02006e30    0xc8280 ./src/test_core/test_core.o
                0x02006e30                flash_frame
 .rodata.draw_core_init.str1.4
                0x020cf0b0      0x240 ./src/draw_core/draw_core.o
                                 0xf7 (size before relaxing)
 .rodata.__func__.2
                0x020cf2f0        0x9 ./src/draw_core/draw_core.o
 .rodata.hal_entry.str1.4
                0x020cf2f9      0x148 ./src/hal_entry.o
 *fill*         0x020cf2f9        0x3 ff
 .rodata.g_ioport
                0x020cf2fc        0xc ./ra_gen/common_data.o
                0x020cf2fc                g_ioport
 .rodata.DRW_INT_IPL
                0x020cf308        0x1 ./ra_gen/common_data.o
                0x020cf308                DRW_INT_IPL
 *fill*         0x020cf309        0x3 ff
 .rodata.g_display0
                0x020cf30c        0xc ./ra_gen/common_data.o
                0x020cf30c                g_display0
 .rodata.g_display0_cfg
                0x020cf318       0x88 ./ra_gen/common_data.o
                0x020cf318                g_display0_cfg
 .rodata.g_display0_extend_cfg
                0x020cf3a0       0x10 ./ra_gen/common_data.o
                0x020cf3a0                g_display0_extend_cfg
 .rodata.g_mipi_dsi0
                0x020cf3b0        0xc ./ra_gen/common_data.o
                0x020cf3b0                g_mipi_dsi0
 .rodata.g_mipi_dsi0_cfg
                0x020cf3bc       0x6c ./ra_gen/common_data.o
                0x020cf3bc                g_mipi_dsi0_cfg
 .rodata.g_mipi_dsi0_extended_cfg
                0x020cf428       0x24 ./ra_gen/common_data.o
                0x020cf428                g_mipi_dsi0_extended_cfg
 .rodata.g_mipi_dsi0_timing
                0x020cf44c       0x10 ./ra_gen/common_data.o
                0x020cf44c                g_mipi_dsi0_timing
 .rodata.g_mipi_phy0
                0x020cf45c        0xc ./ra_gen/common_data.o
                0x020cf45c                g_mipi_phy0
 .rodata.g_mipi_phy0_cfg
                0x020cf468        0xc ./ra_gen/common_data.o
                0x020cf468                g_mipi_phy0_cfg
 .rodata.g_mipi_phy0_timing
                0x020cf474       0x14 ./ra_gen/common_data.o
                0x020cf474                g_mipi_phy0_timing
 .rodata.g_printf_uart_cfg
                0x020cf488       0x20 ./ra_gen/hal_data.o
                0x020cf488                g_printf_uart_cfg
 .rodata.g_printf_uart_cfg_extend
                0x020cf4a8       0x14 ./ra_gen/hal_data.o
                0x020cf4a8                g_printf_uart_cfg_extend
 .rodata.g_one_second_timer_cfg
                0x020cf4bc       0x20 ./ra_gen/hal_data.o
                0x020cf4bc                g_one_second_timer_cfg
 .rodata.g_one_second_timer_extend
                0x020cf4dc       0x3c ./ra_gen/hal_data.o
                0x020cf4dc                g_one_second_timer_extend
 .rodata.g_sample_timer_cfg
                0x020cf518       0x20 ./ra_gen/hal_data.o
                0x020cf518                g_sample_timer_cfg
 .rodata.g_sample_timer_extend
                0x020cf538       0x3c ./ra_gen/hal_data.o
                0x020cf538                g_sample_timer_extend
 .rodata.g_freerun_timer_cfg
                0x020cf574       0x20 ./ra_gen/hal_data.o
                0x020cf574                g_freerun_timer_cfg
 .rodata.g_freerun_timer_extend
                0x020cf594       0x3c ./ra_gen/hal_data.o
                0x020cf594                g_freerun_timer_extend
 .rodata.g_aux_timer_cfg
                0x020cf5d0       0x20 ./ra_gen/hal_data.o
                0x020cf5d0                g_aux_timer_cfg
 .rodata.g_aux_timer_extend
                0x020cf5f0       0x3c ./ra_gen/hal_data.o
                0x020cf5f0                g_aux_timer_extend
 .rodata.g_bsp_pin_cfg
                0x020cf62c        0xc ./ra_gen/pin_data.o
                0x020cf62c                g_bsp_pin_cfg
 .rodata.g_bsp_pin_cfg_data
                0x020cf638      0x4b0 ./ra_gen/pin_data.o
                0x020cf638                g_bsp_pin_cfg_data
 .rodata.g_interrupt_event_link_select
                0x020cfae8       0xc0 ./ra_gen/vector_data.o
                0x020cfae8                g_interrupt_event_link_select
 .rodata.CSWTCH.16
                0x020cfba8       0x10 ./ra/tes/dave2d/src/dave_context.o
 .rodata.d2_cacheableregs
                0x020cfbb8       0x3b ./ra/tes/dave2d/src/dave_driver.o
                0x020cfbb8                d2_cacheableregs
 *fill*         0x020cfbf3        0x1 ff
 .rodata.g_mipi_phy
                0x020cfbf4        0x8 ./ra/fsp/src/r_mipi_phy/r_mipi_phy.o
                0x020cfbf4                g_mipi_phy
 .rodata.g_mipi_dsi
                0x020cfbfc       0x20 ./ra/fsp/src/r_mipi_dsi/r_mipi_dsi.o
                0x020cfbfc                g_mipi_dsi
 .rodata.g_vbatt_pins_input
                0x020cfc1c        0x6 ./ra/fsp/src/r_ioport/r_ioport.o
 *fill*         0x020cfc22        0x2 ff
 .rodata.g_ioport_on_ioport
                0x020cfc24       0x34 ./ra/fsp/src/r_ioport/r_ioport.o
                0x020cfc24                g_ioport_on_ioport
 .rodata.g_pdtha_lut
                0x020cfc58        0x4 ./ra/fsp/src/r_glcdc/r_glcdc.o
 .rodata.g_outset_lut
                0x020cfc5c        0x4 ./ra/fsp/src/r_glcdc/r_glcdc.o
 .rodata.g_pixsize_lut
                0x020cfc60       0x10 ./ra/fsp/src/r_glcdc/r_glcdc.o
 .rodata.g_format_lut
                0x020cfc70        0x8 ./ra/fsp/src/r_glcdc/r_glcdc.o
 .rodata.g_tcon_lut
                0x020cfc78       0x10 ./ra/fsp/src/r_glcdc/r_glcdc.o
 .rodata.g_display_on_glcdc
                0x020cfc88       0x2c ./ra/fsp/src/r_glcdc/r_glcdc.o
                0x020cfc88                g_display_on_glcdc
 .rodata.g_prcr_masks
                0x020cfcb4        0x8 ./ra/fsp/src/bsp/mcu/all/bsp_register_protection.o
 .rodata._printf_float.str1.1
                0x020cfcbc      0x137 C:/Program Files (x86)/Arm GNU Toolchain arm-none-eabi/13.2 Rel1/bin/../lib/gcc/arm-none-eabi/13.2.1/thumb/v8-m.main+dp/hard\libg_nano.a(libc_a-nano-vfprintf_float.o)
                                 0x12 (size before relaxing)
 .rodata._printf_i.str1.1
                0x020cfdf3       0x22 C:/Program Files (x86)/Arm GNU Toolchain arm-none-eabi/13.2 Rel1/bin/../lib/gcc/arm-none-eabi/13.2.1/thumb/v8-m.main+dp/hard\libg_nano.a(libc_a-nano-vfprintf_i.o)
 .rodata._dtoa_r.str1.1
                0x020cfdf3       0x90 C:/Program Files (x86)/Arm GNU Toolchain arm-none-eabi/13.2 Rel1/bin/../lib/gcc/arm-none-eabi/13.2.1/thumb/v8-m.main+dp/hard\libg_nano.a(libc_a-dtoa.o)
 .rodata._Balloc.str1.1
                0x020cfdf3       0x71 C:/Program Files (x86)/Arm GNU Toolchain arm-none-eabi/13.2 Rel1/bin/../lib/gcc/arm-none-eabi/13.2.1/thumb/v8-m.main+dp/hard\libg_nano.a(libc_a-mprec.o)
 .rodata.__multadd.str1.1
                0x020cfdf3       0x11 C:/Program Files (x86)/Arm GNU Toolchain arm-none-eabi/13.2 Rel1/bin/../lib/gcc/arm-none-eabi/13.2.1/thumb/v8-m.main+dp/hard\libg_nano.a(libc_a-mprec.o)
 *fill*         0x020cfdf3        0x1 ff
 .rodata.p05.0  0x020cfdf4        0xc C:/Program Files (x86)/Arm GNU Toolchain arm-none-eabi/13.2 Rel1/bin/../lib/gcc/arm-none-eabi/13.2.1/thumb/v8-m.main+dp/hard\libg_nano.a(libc_a-mprec.o)
 .rodata.__mprec_bigtens
                0x020cfe00       0x28 C:/Program Files (x86)/Arm GNU Toolchain arm-none-eabi/13.2 Rel1/bin/../lib/gcc/arm-none-eabi/13.2.1/thumb/v8-m.main+dp/hard\libg_nano.a(libc_a-mprec.o)
                0x020cfe00                __mprec_bigtens
 .rodata.__mprec_tens
                0x020cfe28       0xc8 C:/Program Files (x86)/Arm GNU Toolchain arm-none-eabi/13.2 Rel1/bin/../lib/gcc/arm-none-eabi/13.2.1/thumb/v8-m.main+dp/hard\libg_nano.a(libc_a-mprec.o)
                0x020cfe28                __mprec_tens
 .rodata._svfprintf_r.str1.1
                0x020cfef0       0x11 C:/Program Files (x86)/Arm GNU Toolchain arm-none-eabi/13.2 Rel1/bin/../lib/gcc/arm-none-eabi/13.2.1/thumb/v8-m.main+dp/hard\libg_nano.a(libc_a-nano-svfprintf.o)
 .rodata._setlocale_r.str1.1
                0x020cfef0        0x9 C:/Program Files (x86)/Arm GNU Toolchain arm-none-eabi/13.2 Rel1/bin/../lib/gcc/arm-none-eabi/13.2.1/thumb/v8-m.main+dp/hard\libg_nano.a(libc_a-locale.o)
 .rodata.str1.1
                0x020cfef0        0x2 C:/Program Files (x86)/Arm GNU Toolchain arm-none-eabi/13.2 Rel1/bin/../lib/gcc/arm-none-eabi/13.2.1/thumb/v8-m.main+dp/hard\libg_nano.a(libc_a-locale.o)
 .rodata._ctype_
                0x020cfef0      0x101 C:/Program Files (x86)/Arm GNU Toolchain arm-none-eabi/13.2 Rel1/bin/../lib/gcc/arm-none-eabi/13.2.1/thumb/v8-m.main+dp/hard\libg_nano.a(libc_a-ctype_.o)
                0x020cfef0                _ctype_
                0x020cfff1                        __usb_dev_descriptor_start_fs = .
 *(.usb_device_desc_fs*)
                0x020cfff1                        __usb_cfg_descriptor_start_fs = .
 *(.usb_config_desc_fs*)
                0x020cfff1                        __usb_interface_descriptor_start_fs = .
 *(.usb_interface_desc_fs*)
                0x020cfff1                        __usb_descriptor_end_fs = .
                0x020cfff1                        __usb_dev_descriptor_start_hs = .
 *(.usb_device_desc_hs*)
                0x020cfff1                        __usb_cfg_descriptor_start_hs = .
 *(.usb_config_desc_hs*)
                0x020cfff1                        __usb_interface_descriptor_start_hs = .
 *(.usb_interface_desc_hs*)
                0x020cfff1                        __usb_descriptor_end_hs = .
 *(.eh_frame*)
 *fill*         0x020cfff1        0x3 ff
 .eh_frame      0x020cfff4        0x0 C:/Program Files (x86)/Arm GNU Toolchain arm-none-eabi/13.2 Rel1/bin/../lib/gcc/arm-none-eabi/13.2.1/thumb/v8-m.main+dp/hard/crtbegin.o
 .eh_frame      0x020cfff4       0x28 C:/Program Files (x86)/Arm GNU Toolchain arm-none-eabi/13.2 Rel1/bin/../lib/gcc/arm-none-eabi/13.2.1/thumb/v8-m.main+dp/hard\libg_nano.a(libc_a-strlen.o)
 .eh_frame      0x020d001c        0x4 C:/Program Files (x86)/Arm GNU Toolchain arm-none-eabi/13.2 Rel1/bin/../lib/gcc/arm-none-eabi/13.2.1/thumb/v8-m.main+dp/hard/crtend.o
                0x020d0020                        __ROM_End = .
                0x000001c0                        __Vectors_Size = (__Vectors_End - __Vectors)

.glue_7         0x020d0020        0x0
 .glue_7        0x020d0020        0x0 linker stubs

.glue_7t        0x020d0020        0x0
 .glue_7t       0x020d0020        0x0 linker stubs

.vfp11_veneer   0x020d0020        0x0
 .vfp11_veneer  0x020d0020        0x0 linker stubs

.v4_bx          0x020d0020        0x0
 .v4_bx         0x020d0020        0x0 linker stubs

.iplt           0x020d0020        0x0
 .iplt          0x020d0020        0x0 C:/Program Files (x86)/Arm GNU Toolchain arm-none-eabi/13.2 Rel1/bin/../lib/gcc/arm-none-eabi/13.2.1/thumb/v8-m.main+dp/hard/crtbegin.o
                0x020d0020                        . = .
                0x020d0020                        __itcm_data_pre_location = .

.itcm_data      0x00000000      0x1e8 load address 0x020d0020
                0x00000000                        __tz_ITCM_S = ABSOLUTE (ITCM_START)
                0x00000000                        __itcm_data_start = .
 *(.itcm_data*)
 .itcm_data     0x00000000      0x1c0 ./src/test_core/test_core.o
                0x00000000                test_run
 .itcm_data.__stub
                0x000001c0       0x28 linker stubs
                0x000001e8                        . = ALIGN (0x8)
                0x000001e8                        __itcm_data_end = .
                0x00002000                        __tz_ITCM_N = DEFINED (ITCM_NS_START)?ABSOLUTE (ITCM_NS_START):ALIGN (__itcm_data_end, 0x2000)
                0x020d0020                        __itcm_data_init_start = LOADADDR (.itcm_data)
                0x020d0208                        __itcm_data_init_end = (LOADADDR (.itcm_data) + SIZEOF (.itcm_data))
                0x00000001                        ASSERT (((ORIGIN (ITCM) % 0x8) == 0x0), ITCM memory region origin must be aligned to 8 bytes.)
                0x00000001                        ASSERT (((LENGTH (ITCM) % 0x8) == 0x0), ITCM memory region length must be a multiple of 8 bytes.)
                0x00000001                        ASSERT (((LOADADDR (.itcm_data) % 0x10) == 0x0), .itcm_data section must be aligned to 16 bytes.)
                0x00000001                        ASSERT (((SIZEOF (.itcm_data) % 0x8) == 0x0), .itcm_data section size must be a multiple of 8 bytes.)
                0x020d0208                        . = (SIZEOF (.itcm_data) > 0x0)?__itcm_data_init_end:__itcm_data_pre_location
                0x020d0208                        __exidx_start = .

/DISCARD/
 *(.ARM.extab* .gnu.linkonce.armextab.*)
 *(.ARM.exidx* .gnu.linkonce.armexidx.*)
                0x020d0208                        __exidx_end = .
                0x020d0208                        __etext = .
                0x22000000                        __tz_RAM_S = ORIGIN (RAM)

.fsp_dtc_vector_table
                0x22000000        0x0
                0x22000000                        . = ORIGIN (RAM)
 *(.fsp_dtc_vector_table)

.data           0x22000000      0x1d4 load address 0x020d0208
                0x22000000                        __data_start__ = .
                0x22000000                        . = ALIGN (0x4)
                0x22000000                        __Code_In_RAM_Start = .
 *(.code_in_ram*)
                0x22000000                        __Code_In_RAM_End = .
 *(vtable)
 *(.data.*)
 .data.g_printf_uart_baud_setting
                0x22000000        0x4 ./ra_gen/hal_data.o
                0x22000000                g_printf_uart_baud_setting
 .data.clut_hw.0
                0x22000004        0x8 ./ra/fsp/src/r_glcdc/r_glcdc.o
 .data.g_clut_data_latched
                0x2200000c        0x2 ./ra/fsp/src/r_glcdc/r_glcdc.o
 *fill*         0x2200000e        0x2 
 .data._impure_ptr
                0x22000010        0x4 C:/Program Files (x86)/Arm GNU Toolchain arm-none-eabi/13.2 Rel1/bin/../lib/gcc/arm-none-eabi/13.2.1/thumb/v8-m.main+dp/hard\libg_nano.a(libc_a-impure.o)
                0x22000010                _impure_ptr
 .data._impure_data
                0x22000014       0x4c C:/Program Files (x86)/Arm GNU Toolchain arm-none-eabi/13.2 Rel1/bin/../lib/gcc/arm-none-eabi/13.2.1/thumb/v8-m.main+dp/hard\libg_nano.a(libc_a-impure.o)
                0x22000014                _impure_data
 .data.__global_locale
                0x22000060      0x16c C:/Program Files (x86)/Arm GNU Toolchain arm-none-eabi/13.2 Rel1/bin/../lib/gcc/arm-none-eabi/13.2.1/thumb/v8-m.main+dp/hard\libg_nano.a(libc_a-locale.o)
                0x22000060                __global_locale
 *(.data)
                0x220001cc                        . = ALIGN (0x4)
                0x220001cc                        PROVIDE (__preinit_array_start = .)
 *(.preinit_array)
                0x220001cc                        PROVIDE (__preinit_array_end = .)
                0x220001cc                        . = ALIGN (0x4)
                0x220001cc                        PROVIDE (__init_array_start = .)
 *(SORT_BY_NAME(.init_array.*))
 *(.init_array)
 .init_array    0x220001cc        0x4 C:/Program Files (x86)/Arm GNU Toolchain arm-none-eabi/13.2 Rel1/bin/../lib/gcc/arm-none-eabi/13.2.1/thumb/v8-m.main+dp/hard/crtbegin.o
                0x220001d0                        PROVIDE (__init_array_end = .)
                0x220001d0                        . = ALIGN (0x4)
                [!provide]                        PROVIDE (__fini_array_start = .)
 *(SORT_BY_NAME(.fini_array.*))
 *(.fini_array)
 .fini_array    0x220001d0        0x4 C:/Program Files (x86)/Arm GNU Toolchain arm-none-eabi/13.2 Rel1/bin/../lib/gcc/arm-none-eabi/13.2.1/thumb/v8-m.main+dp/hard/crtbegin.o
                [!provide]                        PROVIDE (__fini_array_end = .)
 *(.jcr*)
                0x220001d4                        . = ALIGN (0x4)
                0x220001d4                        __data_end__ = .

.tm_clone_table
                0x220001d4        0x0 load address 0x020d03dc
 .tm_clone_table
                0x220001d4        0x0 C:/Program Files (x86)/Arm GNU Toolchain arm-none-eabi/13.2 Rel1/bin/../lib/gcc/arm-none-eabi/13.2.1/thumb/v8-m.main+dp/hard/crtbegin.o
 .tm_clone_table
                0x220001d4        0x0 C:/Program Files (x86)/Arm GNU Toolchain arm-none-eabi/13.2 Rel1/bin/../lib/gcc/arm-none-eabi/13.2.1/thumb/v8-m.main+dp/hard/crtend.o

.igot.plt       0x220001d4        0x0 load address 0x020d03dc
 .igot.plt      0x220001d4        0x0 C:/Program Files (x86)/Arm GNU Toolchain arm-none-eabi/13.2 Rel1/bin/../lib/gcc/arm-none-eabi/13.2.1/thumb/v8-m.main+dp/hard/crtbegin.o
                0x220001d4                        . = .
                0x020d03dc                        __dtcm_data_pre_location = (LOADADDR (.data) + SIZEOF (.data))

.dtcm_data      0x20000000     0x84e0 load address 0x020d03e0
                0x20000000                        __tz_DTCM_S = ABSOLUTE (DTCM_START)
                0x20000000                        __dtcm_data_start = .
 *(.dtcm_data*)
 .dtcm_data     0x20000000     0x80c8 ./src/test_core/test_core.o
                0x20000000                Core
                0x200000c4                capture_idx
                0x200000c8                capture_buffer
 .dtcm_data     0x200080c8        0x8 ./src/draw_core/draw_core.o
                0x200080c8                DrawCore
 .dtcm_data     0x200080d0      0x410 ./src/hal_entry.o
                0x200080d0                xpixel_cache
                0x200082d0                pixel_cache
                0x200084d0                DrawCore_cfg
                0x200084e0                        . = ALIGN (0x8)
                0x200084e0                        __dtcm_data_end = .
                0x200084e0                        . = __dtcm_data_end

.dtcm_bss       0x200084e0        0x0
                0x200084e0                        __dtcm_bss_start = .
 *(.dtcm_bss*)
                0x200084e0                        . = ALIGN (0x8)
                0x200084e0                        __dtcm_bss_end = .
                0x200084e0                        __tz_DTCM_N = DEFINED (DTCM_NS_START)?ABSOLUTE (DTCM_NS_START):ALIGN (__dtcm_bss_end, 0x2000)
                0x020d03e0                        __dtcm_data_init_start = LOADADDR (.dtcm_data)
                0x020d88c0                        __dtcm_data_init_end = (LOADADDR (.dtcm_data) + SIZEOF (.dtcm_data))
                0x00000001                        ASSERT (((ORIGIN (DTCM) % 0x8) == 0x0), DTCM memory region origin must be aligned to 8 bytes.)
                0x00000001                        ASSERT (((LENGTH (DTCM) % 0x8) == 0x0), DTCM memory region length must be a multiple of 8 bytes.)
                0x00000001                        ASSERT ((LOADADDR (.dtcm_bss) == ADDR (.dtcm_bss)), .dtcm_bss has (VMA != LMA) but should be NOLOAD (VMA == LMA).)
                0x00000001                        ASSERT (((LOADADDR (.dtcm_data) % 0x10) == 0x0), .dtcm_data section must be aligned to 16 bytes.)
                0x00000001                        ASSERT (((SIZEOF (.dtcm_data) % 0x8) == 0x0), .dtcm_data section size must be a multiple of 8 bytes.)
                0x00000001                        ASSERT (((LOADADDR (.dtcm_bss) % 0x8) == 0x0), .dtcm_bss section must be aligned to 8 bytes.)
                0x00000001                        ASSERT (((SIZEOF (.dtcm_bss) % 0x8) == 0x0), .dtcm_bss section size must be a multiple of 8 bytes.)
                0x00000001                        ASSERT ((__dtcm_bss_start == __dtcm_data_end), .dtcm_bss section is not adjacent to .dtcm_data section.)
                0x020d88c0                        . = (SIZEOF (.dtcm_data) > 0x0)?__dtcm_data_init_end:__dtcm_data_pre_location
                0x020d88c0                        sgstubs_pre_location = .
                0x020d8c00                        SGSTUBS_LOC = (DEFINED (PROJECT_SECURE) && DEFINED (FLASH_NSC_START))?ABSOLUTE (FLASH_NSC_START):ALIGN (0x400)

.gnu.sgstubs    0x020d8c00        0x0
                0x020d8c00                        __FLASH_NSC_START = DEFINED (FLASH_NSC_START)?ABSOLUTE (FLASH_NSC_START):__RESERVE_NS_RAM?ABSOLUTE ((FLASH_START + FLASH_LENGTH)):ALIGN (0x400)
                0x020d8c00                        _start_sg = .
 *(.gnu.sgstubs*)
                0x020d8c00                        . = ALIGN (0x20)
                0x020d8c00                        _end_sg = .
                0x020e0000                        __tz_FLASH_N = DEFINED (FLASH_NS_START)?ABSOLUTE (FLASH_NS_START):__RESERVE_NS_RAM?ABSOLUTE ((FLASH_START + FLASH_LENGTH)):(FLASH_LENGTH < 0x8000)?FLASH_LENGTH:ALIGN (0x8000)
                0x020e0000                        FLASH_NS_IMAGE_START = DEFINED (FLASH_NS_IMAGE_START)?FLASH_NS_IMAGE_START:__tz_FLASH_N
                0x60000000                        __tz_QSPI_FLASH_S = ORIGIN (QSPI_FLASH)

.qspi_flash     0x60000000        0x0
                0x60000000                        __qspi_flash_start__ = .
 *(.qspi_flash*)
 *(.code_in_qspi*)
                0x60000000                        __qspi_flash_end__ = .
                0x00000000                        __qspi_flash_code_size__ = (__qspi_flash_end__ - __qspi_flash_start__)
                0x020d88c0                        __qspi_flash_code_addr__ = sgstubs_pre_location

.qspi_non_retentive
                0x60000000        0x0 load address 0x020d88c0
                0x60000000                        __qspi_non_retentive_start__ = .
 *(.qspi_non_retentive*)
                0x60000000                        __qspi_non_retentive_end__ = .
                0x00000000                        __qspi_non_retentive_size__ = (__qspi_non_retentive_end__ - __qspi_non_retentive_start__)
                0x04000000                        __qspi_region_max_size__ = 0x4000000
                0x60000000                        __qspi_region_start_address__ = __qspi_flash_start__
                0x64000000                        __qspi_region_end_address__ = (__qspi_flash_start__ + __qspi_region_max_size__)
                0x60000000                        __tz_QSPI_FLASH_N = __qspi_non_retentive_end__

.OSPI_DEVICE_0_NO_LOAD
                0x80000000        0x0
                0x80000000                        . = ALIGN (0x4)
                0x80000000                        __ospi_device_0_start__ = .
 *(.ospi_device_0_no_load*)
                0x80000000                        . = ALIGN (0x4)
                0x80000000                        __ospi_device_0_end__ = .

.OSPI_DEVICE_1_NO_LOAD
                0x90000000        0x0
                0x90000000                        . = ALIGN (0x4)
                0x90000000                        __ospi_device_1_start__ = .
 *(.ospi_device_1_no_load*)
                0x90000000                        . = ALIGN (0x4)
                0x90000000                        __ospi_device_1_end__ = .
                0x80000000                        __tz_OSPI_DEVICE_0_S = ORIGIN (OSPI_DEVICE_0)

.OSPI_DEVICE_0  0x80000000        0x0
                0x80000000                        __ospi_device_0_start__ = .
 *(.ospi_device_0*)
 *(.code_in_ospi_device_0*)
                0x80000000                        __ospi_device_0_end__ = .
                0x00000000                        __ospi_device_0_code_size__ = (__ospi_device_0_end__ - __ospi_device_0_start__)
                0x020d88c0                        __ospi_device_0_code_addr__ = (sgstubs_pre_location + SIZEOF (.qspi_non_retentive))

.ospi_device_0_non_retentive
                0x80000000        0x0 load address 0x020d88c0
                0x80000000                        __ospi_device_0_non_retentive_start__ = .
 *(.ospi_device_0_non_retentive*)
                0x80000000                        __ospi_device_0_non_retentive_end__ = .
                0x00000000                        __ospi_device_0_non_retentive_size__ = (__ospi_device_0_non_retentive_end__ - __ospi_device_0_non_retentive_start__)
                0x08000000                        __ospi_device_0_region_max_size__ = 0x8000000
                0x80000000                        __ospi_device_0_region_start_address__ = __ospi_device_0_start__
                0x88000000                        __ospi_device_0_region_end_address__ = (__ospi_device_0_start__ + __ospi_device_0_region_max_size__)
                0x80000000                        __tz_OSPI_DEVICE_0_N = __ospi_device_0_non_retentive_end__
                0x90000000                        __tz_OSPI_DEVICE_1_S = ORIGIN (OSPI_DEVICE_1)

.OSPI_DEVICE_1  0x90000000        0x0
                0x90000000                        __ospi_device_1_start__ = .
 *(.ospi_device_1*)
 *(.code_in_ospi_device_1*)
                0x90000000                        __ospi_device_1_end__ = .
                0x00000000                        __ospi_device_1_code_size__ = (__ospi_device_1_end__ - __ospi_device_1_start__)
                0x020d88c0                        __ospi_device_1_code_addr__ = (sgstubs_pre_location + (SIZEOF (.qspi_non_retentive) + SIZEOF (.ospi_device_0_non_retentive)))

.ospi_device_1_non_retentive
                0x90000000        0x0 load address 0x020d88c0
                0x90000000                        __ospi_device_1_non_retentive_start__ = .
 *(.ospi_device_1_non_retentive*)
                0x90000000                        __ospi_device_1_non_retentive_end__ = .
                0x00000000                        __ospi_device_1_non_retentive_size__ = (__ospi_device_1_non_retentive_end__ - __ospi_device_1_non_retentive_start__)
                0x10000000                        __ospi_device_1_region_max_size__ = 0x10000000
                0x90000000                        __ospi_device_1_region_start_address__ = __ospi_device_1_start__
                0xa0000000                        __ospi_device_1_region_end_address__ = (__ospi_device_1_start__ + __ospi_device_1_region_max_size__)
                0x90000000                        __tz_OSPI_DEVICE_1_N = __ospi_device_1_non_retentive_end__

.noinit         0x220001d4       0x2c
                0x220001d4                        . = ALIGN (0x4)
                0x220001d4                        __noinit_start = .
 *(.noinit*)
 .noinit        0x220001d4       0x2c ./ra/fsp/src/bsp/mcu/all/bsp_clocks.o
                0x22000200                        . = ALIGN (0x8)
 *(.heap.*)
                0x22000200                        __noinit_end = .
                0x22000200                        . = .
                0x22000200                        __nocache_pre_location = .

.nocache        0x22000200        0x0
                0x22000200                        __nocache_start = .
 *(.nocache)
                0x22000200                        . = ALIGN (0x20)
                0x22000200                        __nocache_end = .
                0x22000200                        . = (SIZEOF (.nocache) > 0x0)?__nocache_end:__nocache_pre_location

.bss            0x22000200      0x550
                0x22000200                        . = ALIGN (0x4)
                0x22000200                        __bss_start__ = .
 *(.bss*)
 .bss.completed.1
                0x22000200        0x1 C:/Program Files (x86)/Arm GNU Toolchain arm-none-eabi/13.2 Rel1/bin/../lib/gcc/arm-none-eabi/13.2.1/thumb/v8-m.main+dp/hard/crtbegin.o
 *fill*         0x22000201        0x3 
 .bss.object.0  0x22000204       0x18 C:/Program Files (x86)/Arm GNU Toolchain arm-none-eabi/13.2 Rel1/bin/../lib/gcc/arm-none-eabi/13.2.1/thumb/v8-m.main+dp/hard/crtbegin.o
 .bss.g_vsync_flag
                0x2200021c        0x1 ./src/draw_core/draw_core.o
                0x2200021c                g_vsync_flag
 *fill*         0x2200021d        0x3 
 .bss.g_message_sent
                0x22000220        0x4 ./src/draw_core/draw_core.o
 .bss.gp_davey  0x22000224        0x4 ./src/draw_core/draw_core.o
 .bss.uart_open.0
                0x22000228        0x1 ./src/SCI_debug_print/SCI_debug_print.o
 *fill*         0x22000229        0x3 
 .bss.flags     0x2200022c        0x4 ./src/SCI_debug_print/SCI_debug_print.o
 .bss.command_line_length
                0x22000230        0x4 ./src/SCI_debug_print/SCI_debug_print.o
 .bss.command_line_rindex
                0x22000234        0x4 ./src/SCI_debug_print/SCI_debug_print.o
 .bss.command_line_windex
                0x22000238        0x4 ./src/SCI_debug_print/SCI_debug_print.o
 *fill*         0x2200023c        0x4 
 .bss.command_line_buffer
                0x22000240       0x80 ./src/SCI_debug_print/SCI_debug_print.o
 .bss.aux_timer
                0x220002c0        0x4 ./src/hal_entry.o
                0x220002c0                aux_timer
 .bss.fxmode    0x220002c4        0x4 ./src/hal_entry.o
                0x220002c4                fxmode
 .bss.loop_counter
                0x220002c8        0x4 ./src/hal_entry.o
                0x220002c8                loop_counter
 .bss.current_test
                0x220002cc        0x4 ./src/hal_entry.o
                0x220002cc                current_test
 .bss.vert_size
                0x220002d0        0x2 ./src/hal_entry.o
                0x220002d0                vert_size
 .bss.horz_size
                0x220002d2        0x2 ./src/hal_entry.o
                0x220002d2                horz_size
 .bss.p_display_config
                0x220002d4        0x4 ./src/hal_entry.o
                0x220002d4                p_display_config
 .bss.buffer1   0x220002d8       0x40 ./src/hal_entry.o
                0x220002d8                buffer1
 .bss.g_ioport_ctrl
                0x22000318        0x8 ./ra_gen/common_data.o
                0x22000318                g_ioport_ctrl
 .bss.g_display0_ctrl
                0x22000320       0x10 ./ra_gen/common_data.o
                0x22000320                g_display0_ctrl
 .bss.g_mipi_dsi0_ctrl
                0x22000330       0x18 ./ra_gen/common_data.o
                0x22000330                g_mipi_dsi0_ctrl
 .bss.g_mipi_phy0_ctrl
                0x22000348        0x8 ./ra_gen/common_data.o
                0x22000348                g_mipi_phy0_ctrl
 .bss.g_printf_uart_ctrl
                0x22000350       0x30 ./ra_gen/hal_data.o
                0x22000350                g_printf_uart_ctrl
 .bss.g_one_second_timer_ctrl
                0x22000380       0x20 ./ra_gen/hal_data.o
                0x22000380                g_one_second_timer_ctrl
 .bss.g_sample_timer_ctrl
                0x220003a0       0x20 ./ra_gen/hal_data.o
                0x220003a0                g_sample_timer_ctrl
 .bss.g_freerun_timer_ctrl
                0x220003c0       0x20 ./ra_gen/hal_data.o
                0x220003c0                g_freerun_timer_ctrl
 .bss.g_aux_timer_ctrl
                0x220003e0       0x20 ./ra_gen/hal_data.o
                0x220003e0                g_aux_timer_ctrl
 .bss.g_devicechain
                0x22000400        0x4 ./ra/tes/dave2d/src/dave_driver.o
 .bss.g_video_started
                0x22000404        0x1 ./ra/fsp/src/r_mipi_dsi/r_mipi_dsi.o
 .bss.g_clock_state
                0x22000405        0x1 ./ra/fsp/src/r_mipi_dsi/r_mipi_dsi.o
 *fill*         0x22000406        0x2 
 .bss.g_frame_ctr
                0x22000408        0x4 ./ra/fsp/src/r_glcdc/r_glcdc.o
 *fill*         0x2200040c        0x4 
 .bss.g_fade_pending
                0x22000410        0x8 ./ra/fsp/src/r_glcdc/r_glcdc.o
 .bss.g_ctrl_blk
                0x22000418        0xc ./ra/fsp/src/r_glcdc/r_glcdc.o
 .bss.device_d2d
                0x22000424        0x8 ./ra/fsp/src/r_drw/r_drw_base.o
 .bss.g_dlist_done
                0x2200042c        0x4 ./ra/fsp/src/r_drw/r_drw_irq.o
 .bss.g_bsp_group_irq_sources
                0x22000430       0x40 ./ra/fsp/src/bsp/mcu/all/bsp_group_irq.o
                0x22000430                g_bsp_group_irq_sources
 .bss.g_protect_pfswe_counter
                0x22000470        0x4 ./ra/fsp/src/bsp/mcu/all/bsp_io.o
                0x22000470                g_protect_pfswe_counter
 *fill*         0x22000474        0x4 
 .bss.gp_renesas_isr_context
                0x22000478      0x180 ./ra/fsp/src/bsp/mcu/all/bsp_irq.o
                0x22000478                gp_renesas_isr_context
 .bss.g_protect_counters
                0x220005f8        0x8 ./ra/fsp/src/bsp/mcu/all/bsp_register_protection.o
                0x220005f8                g_protect_counters
 .bss.current_heap_end.0
                0x22000600        0x4 ./ra/fsp/src/bsp/mcu/all/bsp_sbrk.o
 .bss.SystemCoreClock
                0x22000604        0x4 ./ra/fsp/src/bsp/cmsis/Device/RENESAS/Source/system.o
                0x22000604                SystemCoreClock
 .bss.__malloc_sbrk_start
                0x22000608        0x4 C:/Program Files (x86)/Arm GNU Toolchain arm-none-eabi/13.2 Rel1/bin/../lib/gcc/arm-none-eabi/13.2.1/thumb/v8-m.main+dp/hard\libg_nano.a(libc_a-mallocr.o)
                0x22000608                __malloc_sbrk_start
 .bss.__malloc_free_list
                0x2200060c        0x4 C:/Program Files (x86)/Arm GNU Toolchain arm-none-eabi/13.2 Rel1/bin/../lib/gcc/arm-none-eabi/13.2.1/thumb/v8-m.main+dp/hard\libg_nano.a(libc_a-mallocr.o)
                0x2200060c                __malloc_free_list
 .bss.__sf      0x22000610      0x138 C:/Program Files (x86)/Arm GNU Toolchain arm-none-eabi/13.2 Rel1/bin/../lib/gcc/arm-none-eabi/13.2.1/thumb/v8-m.main+dp/hard\libg_nano.a(libc_a-findfp.o)
                0x22000610                __sf
 .bss.errno     0x22000748        0x4 C:/Program Files (x86)/Arm GNU Toolchain arm-none-eabi/13.2 Rel1/bin/../lib/gcc/arm-none-eabi/13.2.1/thumb/v8-m.main+dp/hard\libg_nano.a(libc_a-reent.o)
                0x22000748                errno
 .bss.__lock___malloc_recursive_mutex
                0x2200074c        0x1 C:/Program Files (x86)/Arm GNU Toolchain arm-none-eabi/13.2 Rel1/bin/../lib/gcc/arm-none-eabi/13.2.1/thumb/v8-m.main+dp/hard\libg_nano.a(libc_a-lock.o)
                0x2200074c                __lock___malloc_recursive_mutex
 *(COMMON)
                0x22000750                        . = ALIGN (0x4)
 *fill*         0x2200074d        0x3 
                0x22000750                        __bss_end__ = .

.heap           0x22000750     0x1500
                0x22000750                        . = ALIGN (0x8)
                0x22000750                        __HeapBase = .
 *(.heap)
 .heap          0x22000750     0x1500 ./ra/fsp/src/bsp/cmsis/Device/RENESAS/Source/startup.o
                0x22001c50                        __HeapLimit = .

.stack_dummy    0x22001c50     0x1000
                0x22001c50                        . = ALIGN (0x8)
                0x22001c50                        __StackLimit = .
 *(.stack)
 .stack         0x22001c50     0x1000 ./ra/fsp/src/bsp/cmsis/Device/RENESAS/Source/startup.o
                0x22002c50                        __StackTop = .
 *(.stack*)
                0x22002c50                        __StackTopAll = .
                0x22002c50                        PROVIDE (__stack = __StackTopAll)
                0x22002c50                        __RAM_segment_used_end__ = ALIGN (__StackTopAll, 0x4)
                0x22003000                        __RAM_NSC_START = DEFINED (RAM_NSC_START)?ABSOLUTE ((RAM_NSC_START - RAM_NS_BUFFER_BLOCK_LENGTH)):__RESERVE_NS_RAM?ABSOLUTE (RAM_NS_BUFFER_BLOCK_START):ALIGN (__RAM_segment_used_end__, 0x400)
                0x22004000                        __tz_RAM_N = DEFINED (FLASH_BOOTLOADER_LENGTH)?((RAM_START + RAM_LENGTH) - RAM_APPLICATION_NS_LENGTH):DEFINED (RAM_NS_START)?ABSOLUTE ((RAM_NS_START - RAM_NS_BUFFER_BLOCK_LENGTH)):__RESERVE_NS_RAM?ABSOLUTE (RAM_NS_BUFFER_BLOCK_START):ALIGN (__RAM_NSC_START, 0x2000)

.ns_buffer      0x22002c50        0x0
                0x22002c50                        . = __RESERVE_NS_RAM?ABSOLUTE ((RAM_NS_BUFFER_START & 0xffffffe0)):.
 *(.ns_buffer*)

.data_flash     0x27000000        0x0
                0x27000000                        . = ORIGIN (DATA_FLASH)
                0x27000000                        __tz_DATA_FLASH_S = .
                0x27000000                        __Data_Flash_Start = .
 *(.data_flash*)
                0x27000000                        __Data_Flash_End = .
                0x27000000                        __tz_DATA_FLASH_N = DEFINED (DATA_FLASH_NS_START)?ABSOLUTE (DATA_FLASH_NS_START):__RESERVE_NS_RAM?ABSOLUTE ((DATA_FLASH_START + DATA_FLASH_LENGTH)):ALIGN (0x400)
                0x68000000                        __tz_SDRAM_S = ORIGIN (SDRAM)

.sdram          0x68000000   0x190500
                0x68000000                        __SDRAM_Start = .
 *(.sdram*)
 .sdram         0x68000000   0x190500 ./ra_gen/common_data.o
                0x68000000                g_framebuffer
 *(.frame*)
                0x68190500                        __SDRAM_End = .
                0x68190500                        . = .
                0x68190500                        __nocache_sdram_pre_location = .

.nocache_sdram  0x68190500        0x0
                0x68190500                        __nocache_sdram_start = .
 *(.nocache_sdram)
                0x68190500                        . = ALIGN (0x20)
                0x68190500                        __nocache_sdram_end = .
                0x68190500                        . = (SIZEOF (.nocache_sdram) > 0x0)?__nocache_sdram_end:__nocache_sdram_pre_location
                0x68190500                        __tz_SDRAM_N = __SDRAM_End
                0x00000000                        __tz_ID_CODE_S = ORIGIN (ID_CODE)
                0x00000000                        __tz_ID_CODE_N = __tz_ID_CODE_S

.id_code        0x00000000        0x0
                0x00000000                        __ID_Code_Start = .
 *(.id_code*)
                0x00000000                        __ID_Code_End = .
                0x0300a100                        __tz_OPTION_SETTING_S = ORIGIN (OPTION_SETTING_OFS)

.option_setting_ofs
                0x0300a100       0x14
                0x0300a100                        __OPTION_SETTING_OFS_Start = .
 *(.option_setting_ofs0)
 .option_setting_ofs0
                0x0300a100        0x4 ./ra/fsp/src/bsp/mcu/all/bsp_rom_registers.o
                0x0300a104                        . = PROJECT_SECURE_OR_FLAT?(__OPTION_SETTING_OFS_Start + 0x4):__OPTION_SETTING_OFS_Start
 *(.option_setting_ofs2)
 .option_setting_ofs2
                0x0300a104        0x4 ./ra/fsp/src/bsp/mcu/all/bsp_rom_registers.o
                0x0300a110                        . = PROJECT_SECURE_OR_FLAT?(__OPTION_SETTING_OFS_Start + 0x10):__OPTION_SETTING_OFS_Start
 *fill*         0x0300a108        0x8 ff
 *(.option_setting_dualsel)
 .option_setting_dualsel
                0x0300a110        0x4 ./ra/fsp/src/bsp/mcu/all/bsp_rom_registers.o
                0x0300a114                        __OPTION_SETTING_OFS_End = .

.option_setting_sas
                0x0300a134        0x4
                0x0300a134                        __OPTION_SETTING_SAS_Start = .
 *(.option_setting_sas)
 .option_setting_sas
                0x0300a134        0x4 ./ra/fsp/src/bsp/mcu/all/bsp_rom_registers.o
                0x0300a138                        __OPTION_SETTING_SAS_End = .
                0x0300a180                        __tz_OPTION_SETTING_N = ABSOLUTE (OPTION_SETTING_START_NS)

.option_setting_ns
                0x0300a100        0x0
                0x0300a100                        __OPTION_SETTING_NS_Start = .
 *(.option_setting_ofs1)
                0x0300a100                        . = USE_OPTION_SETTING_NS?(__OPTION_SETTING_NS_Start + 0x4):__OPTION_SETTING_NS_Start
 *(.option_setting_ofs3)
                0x0300a100                        . = USE_OPTION_SETTING_NS?(__OPTION_SETTING_NS_Start + 0x10):__OPTION_SETTING_NS_Start
 *(.option_setting_banksel)
                0x0300a100                        . = USE_OPTION_SETTING_NS?(__OPTION_SETTING_NS_Start + 0x40):__OPTION_SETTING_NS_Start
 *(.option_setting_bps0)
                0x0300a100                        . = USE_OPTION_SETTING_NS?(__OPTION_SETTING_NS_Start + 0x44):__OPTION_SETTING_NS_Start
 *(.option_setting_bps1)
                0x0300a100                        . = USE_OPTION_SETTING_NS?(__OPTION_SETTING_NS_Start + 0x48):__OPTION_SETTING_NS_Start
 *(.option_setting_bps2)
                0x0300a100                        . = USE_OPTION_SETTING_NS?(__OPTION_SETTING_NS_Start + 0x4c):__OPTION_SETTING_NS_Start
 *(.option_setting_bps3)
                0x0300a100                        . = USE_OPTION_SETTING_NS?(__OPTION_SETTING_NS_Start + 0x60):__OPTION_SETTING_NS_Start
 *(.option_setting_pbps0)
                0x0300a100                        . = USE_OPTION_SETTING_NS?(__OPTION_SETTING_NS_Start + 0x64):__OPTION_SETTING_NS_Start
 *(.option_setting_pbps1)
                0x0300a100                        . = USE_OPTION_SETTING_NS?(__OPTION_SETTING_NS_Start + 0x68):__OPTION_SETTING_NS_Start
 *(.option_setting_pbps2)
                0x0300a100                        . = USE_OPTION_SETTING_NS?(__OPTION_SETTING_NS_Start + 0x6c):__OPTION_SETTING_NS_Start
 *(.option_setting_pbps3)
                0x0300a100                        __OPTION_SETTING_NS_End = .
                0x0300a200                        __tz_OPTION_SETTING_S_S = ORIGIN (OPTION_SETTING_S)

.option_setting_s
                0x0300a200       0xd0
                0x0300a200                        __OPTION_SETTING_S_Start = .
 *(.option_setting_ofs1_sec)
 .option_setting_ofs1_sec
                0x0300a200        0x4 ./ra/fsp/src/bsp/mcu/all/bsp_rom_registers.o
                0x0300a204                        . = PROJECT_SECURE_OR_FLAT?(__OPTION_SETTING_S_Start + 0x4):__OPTION_SETTING_S_Start
 *(.option_setting_ofs3_sec)
                0x0300a210                        . = PROJECT_SECURE_OR_FLAT?(__OPTION_SETTING_S_Start + 0x10):__OPTION_SETTING_S_Start
 *fill*         0x0300a204        0xc ff
 *(.option_setting_banksel_sec)
 .option_setting_banksel_sec
                0x0300a210        0x4 ./ra/fsp/src/bsp/mcu/all/bsp_rom_registers.o
                0x0300a240                        . = PROJECT_SECURE_OR_FLAT?(__OPTION_SETTING_S_Start + 0x40):__OPTION_SETTING_S_Start
 *fill*         0x0300a214       0x2c ff
 *(.option_setting_bps_sec0)
 .option_setting_bps_sec0
                0x0300a240        0x4 ./ra/fsp/src/bsp/mcu/all/bsp_rom_registers.o
                0x0300a244                        . = PROJECT_SECURE_OR_FLAT?(__OPTION_SETTING_S_Start + 0x44):__OPTION_SETTING_S_Start
 *(.option_setting_bps_sec1)
 .option_setting_bps_sec1
                0x0300a244        0x4 ./ra/fsp/src/bsp/mcu/all/bsp_rom_registers.o
                0x0300a248                        . = PROJECT_SECURE_OR_FLAT?(__OPTION_SETTING_S_Start + 0x48):__OPTION_SETTING_S_Start
 *(.option_setting_bps_sec2)
 .option_setting_bps_sec2
                0x0300a248        0x4 ./ra/fsp/src/bsp/mcu/all/bsp_rom_registers.o
                0x0300a24c                        . = PROJECT_SECURE_OR_FLAT?(__OPTION_SETTING_S_Start + 0x4c):__OPTION_SETTING_S_Start
 *(.option_setting_bps_sec3)
 .option_setting_bps_sec3
                0x0300a24c        0x4 ./ra/fsp/src/bsp/mcu/all/bsp_rom_registers.o
                0x0300a260                        . = PROJECT_SECURE_OR_FLAT?(__OPTION_SETTING_S_Start + 0x60):__OPTION_SETTING_S_Start
 *fill*         0x0300a250       0x10 ff
 *(.option_setting_pbps_sec0)
 .option_setting_pbps_sec0
                0x0300a260        0x4 ./ra/fsp/src/bsp/mcu/all/bsp_rom_registers.o
                0x0300a264                        . = PROJECT_SECURE_OR_FLAT?(__OPTION_SETTING_S_Start + 0x64):__OPTION_SETTING_S_Start
 *(.option_setting_pbps_sec1)
 .option_setting_pbps_sec1
                0x0300a264        0x4 ./ra/fsp/src/bsp/mcu/all/bsp_rom_registers.o
                0x0300a268                        . = PROJECT_SECURE_OR_FLAT?(__OPTION_SETTING_S_Start + 0x68):__OPTION_SETTING_S_Start
 *(.option_setting_pbps_sec2)
 .option_setting_pbps_sec2
                0x0300a268        0x4 ./ra/fsp/src/bsp/mcu/all/bsp_rom_registers.o
                0x0300a26c                        . = PROJECT_SECURE_OR_FLAT?(__OPTION_SETTING_S_Start + 0x6c):__OPTION_SETTING_S_Start
 *(.option_setting_pbps_sec3)
 .option_setting_pbps_sec3
                0x0300a26c        0x4 ./ra/fsp/src/bsp/mcu/all/bsp_rom_registers.o
                0x0300a280                        . = PROJECT_SECURE_OR_FLAT?(__OPTION_SETTING_S_Start + 0x80):__OPTION_SETTING_S_Start
 *fill*         0x0300a270       0x10 ff
 *(.option_setting_ofs1_sel)
 .option_setting_ofs1_sel
                0x0300a280        0x4 ./ra/fsp/src/bsp/mcu/all/bsp_rom_registers.o
                0x0300a284                        . = PROJECT_SECURE_OR_FLAT?(__OPTION_SETTING_S_Start + 0x84):__OPTION_SETTING_S_Start
 *(.option_setting_ofs3_sel)
                0x0300a290                        . = PROJECT_SECURE_OR_FLAT?(__OPTION_SETTING_S_Start + 0x90):__OPTION_SETTING_S_Start
 *fill*         0x0300a284        0xc ff
 *(.option_setting_banksel_sel)
 .option_setting_banksel_sel
                0x0300a290        0x4 ./ra/fsp/src/bsp/mcu/all/bsp_rom_registers.o
                0x0300a2c0                        . = PROJECT_SECURE_OR_FLAT?(__OPTION_SETTING_S_Start + 0xc0):__OPTION_SETTING_S_Start
 *fill*         0x0300a294       0x2c ff
 *(.option_setting_bps_sel0)
 .option_setting_bps_sel0
                0x0300a2c0        0x4 ./ra/fsp/src/bsp/mcu/all/bsp_rom_registers.o
                0x0300a2c4                        . = PROJECT_SECURE_OR_FLAT?(__OPTION_SETTING_S_Start + 0xc4):__OPTION_SETTING_S_Start
 *(.option_setting_bps_sel1)
 .option_setting_bps_sel1
                0x0300a2c4        0x4 ./ra/fsp/src/bsp/mcu/all/bsp_rom_registers.o
                0x0300a2c8                        . = PROJECT_SECURE_OR_FLAT?(__OPTION_SETTING_S_Start + 0xc8):__OPTION_SETTING_S_Start
 *(.option_setting_bps_sel2)
 .option_setting_bps_sel2
                0x0300a2c8        0x4 ./ra/fsp/src/bsp/mcu/all/bsp_rom_registers.o
                0x0300a2cc                        . = PROJECT_SECURE_OR_FLAT?(__OPTION_SETTING_S_Start + 0xcc):__OPTION_SETTING_S_Start
 *(.option_setting_bps_sel3)
 .option_setting_bps_sel3
                0x0300a2cc        0x4 ./ra/fsp/src/bsp/mcu/all/bsp_rom_registers.o
                0x0300a2d0                        __OPTION_SETTING_S_End = .
                0x0300a2d0                        __tz_OPTION_SETTING_S_N = __OPTION_SETTING_S_End
                0x27030080                        __tz_OPTION_SETTING_DATA_FLASH_S_S = ORIGIN (OPTION_SETTING_DATA_FLASH_S)

.option_setting_data_flash_s
                0x27030080      0x2e0